Component: ARM Compiler 5.06 update 6 (build 750) Tool: armlink [4d35ed]

==============================================================================

Section Cross References

    startup_stm32h747xx_cm4.o(STACK) refers (Special) to heapauxi.o(.text) for __use_two_region_memory
    startup_stm32h747xx_cm4.o(HEAP) refers (Special) to heapauxi.o(.text) for __use_two_region_memory
    startup_stm32h747xx_cm4.o(RESET) refers (Special) to heapauxi.o(.text) for __use_two_region_memory
    startup_stm32h747xx_cm4.o(RESET) refers to startup_stm32h747xx_cm4.o(STACK) for __initial_sp
    startup_stm32h747xx_cm4.o(RESET) refers to startup_stm32h747xx_cm4.o(.text) for Reset_Handler
    startup_stm32h747xx_cm4.o(RESET) refers to stm32h7xx_it.o(i.NMI_Handler) for NMI_Handler
    startup_stm32h747xx_cm4.o(RESET) refers to stm32h7xx_it.o(i.HardFault_Handler) for HardFault_Handler
    startup_stm32h747xx_cm4.o(RESET) refers to stm32h7xx_it.o(i.MemManage_Handler) for MemManage_Handler
    startup_stm32h747xx_cm4.o(RESET) refers to stm32h7xx_it.o(i.BusFault_Handler) for BusFault_Handler
    startup_stm32h747xx_cm4.o(RESET) refers to stm32h7xx_it.o(i.UsageFault_Handler) for UsageFault_Handler
    startup_stm32h747xx_cm4.o(RESET) refers to stm32h7xx_it.o(i.SVC_Handler) for SVC_Handler
    startup_stm32h747xx_cm4.o(RESET) refers to stm32h7xx_it.o(i.DebugMon_Handler) for DebugMon_Handler
    startup_stm32h747xx_cm4.o(RESET) refers to stm32h7xx_it.o(i.PendSV_Handler) for PendSV_Handler
    startup_stm32h747xx_cm4.o(RESET) refers to stm32h7xx_it.o(i.SysTick_Handler) for SysTick_Handler
    startup_stm32h747xx_cm4.o(.text) refers (Special) to heapauxi.o(.text) for __use_two_region_memory
    startup_stm32h747xx_cm4.o(.text) refers to system_stm32h7xx_dualcore_boot_cm4_cm7.o(i.SystemInit) for SystemInit
    startup_stm32h747xx_cm4.o(.text) refers to __main.o(!!!main) for __main
    startup_stm32h747xx_cm4.o(.text) refers to startup_stm32h747xx_cm4.o(HEAP) for Heap_Mem
    startup_stm32h747xx_cm4.o(.text) refers to startup_stm32h747xx_cm4.o(STACK) for Stack_Mem
    main.o(i.main) refers to stm32h7xx_hal_hsem.o(i.HAL_HSEM_ActivateNotification) for HAL_HSEM_ActivateNotification
    main.o(i.main) refers to stm32h7xx_hal_pwr_ex.o(i.HAL_PWREx_ClearPendingEvent) for HAL_PWREx_ClearPendingEvent
    main.o(i.main) refers to stm32h7xx_hal_pwr_ex.o(i.HAL_PWREx_EnterSTOPMode) for HAL_PWREx_EnterSTOPMode
    main.o(i.main) refers to stm32h7xx_hal.o(i.HAL_Init) for HAL_Init
    main.o(i.main) refers to gpio.o(i.MX_GPIO_Init) for MX_GPIO_Init
    main.o(i.main) refers to rtc.o(i.MX_RTC_Init) for MX_RTC_Init
    main.o(i.main) refers to tim.o(i.MX_TIM8_Init) for MX_TIM8_Init
    main.o(i.main) refers to tim.o(i.MX_TIM13_Init) for MX_TIM13_Init
    gpio.o(i.MX_GPIO_Init) refers to rt_memclr_w.o(.text) for __aeabi_memclr4
    gpio.o(i.MX_GPIO_Init) refers to stm32h7xx_hal_gpio.o(i.HAL_GPIO_Init) for HAL_GPIO_Init
    gpio.o(i.MX_GPIO_Init) refers to stm32h7xx_hal.o(i.HAL_SYSCFG_AnalogSwitchConfig) for HAL_SYSCFG_AnalogSwitchConfig
    rtc.o(i.HAL_RTC_MspInit) refers to rt_memclr_w.o(.text) for __aeabi_memclr4
    rtc.o(i.HAL_RTC_MspInit) refers to stm32h7xx_hal_rcc_ex.o(i.HAL_RCCEx_PeriphCLKConfig) for HAL_RCCEx_PeriphCLKConfig
    rtc.o(i.HAL_RTC_MspInit) refers to main.o(i.Error_Handler) for Error_Handler
    rtc.o(i.MX_RTC_Init) refers to rt_memclr_w.o(.text) for __aeabi_memclr4
    rtc.o(i.MX_RTC_Init) refers to stm32h7xx_hal_rtc.o(i.HAL_RTC_Init) for HAL_RTC_Init
    rtc.o(i.MX_RTC_Init) refers to main.o(i.Error_Handler) for Error_Handler
    rtc.o(i.MX_RTC_Init) refers to stm32h7xx_hal_rtc_ex.o(i.HAL_RTCEx_SetTamper) for HAL_RTCEx_SetTamper
    rtc.o(i.MX_RTC_Init) refers to rtc.o(.bss) for .bss
    tim.o(i.HAL_TIM_Base_MspDeInit) refers to stm32h7xx_hal_gpio.o(i.HAL_GPIO_DeInit) for HAL_GPIO_DeInit
    tim.o(i.HAL_TIM_Base_MspInit) refers to rt_memclr_w.o(.text) for __aeabi_memclr4
    tim.o(i.HAL_TIM_Base_MspInit) refers to stm32h7xx_hal_gpio.o(i.HAL_GPIO_Init) for HAL_GPIO_Init
    tim.o(i.HAL_TIM_MspPostInit) refers to rt_memclr_w.o(.text) for __aeabi_memclr4
    tim.o(i.HAL_TIM_MspPostInit) refers to stm32h7xx_hal_gpio.o(i.HAL_GPIO_Init) for HAL_GPIO_Init
    tim.o(i.MX_TIM13_Init) refers to stm32h7xx_hal_tim.o(i.HAL_TIM_Base_Init) for HAL_TIM_Base_Init
    tim.o(i.MX_TIM13_Init) refers to main.o(i.Error_Handler) for Error_Handler
    tim.o(i.MX_TIM13_Init) refers to stm32h7xx_hal_tim.o(i.HAL_TIM_IC_Init) for HAL_TIM_IC_Init
    tim.o(i.MX_TIM13_Init) refers to stm32h7xx_hal_tim.o(i.HAL_TIM_IC_ConfigChannel) for HAL_TIM_IC_ConfigChannel
    tim.o(i.MX_TIM13_Init) refers to tim.o(.bss) for .bss
    tim.o(i.MX_TIM8_Init) refers to rt_memclr_w.o(.text) for __aeabi_memclr4
    tim.o(i.MX_TIM8_Init) refers to stm32h7xx_hal_tim.o(i.HAL_TIM_OC_Init) for HAL_TIM_OC_Init
    tim.o(i.MX_TIM8_Init) refers to main.o(i.Error_Handler) for Error_Handler
[...]
    Removing stm32h7xx_hal_uart.o(i.HAL_UART_RxCpltCallback), (2 bytes).
    Removing stm32h7xx_hal_uart.o(i.HAL_UART_RxHalfCpltCallback), (2 bytes).
    Removing stm32h7xx_hal_uart.o(i.HAL_UART_Transmit), (174 bytes).
    Removing stm32h7xx_hal_uart.o(i.HAL_UART_Transmit_DMA), (144 bytes).
    Removing stm32h7xx_hal_uart.o(i.HAL_UART_Transmit_IT), (152 bytes).
    Removing stm32h7xx_hal_uart.o(i.HAL_UART_TxCpltCallback), (2 bytes).
    Removing stm32h7xx_hal_uart.o(i.HAL_UART_TxHalfCpltCallback), (2 bytes).
    Removing stm32h7xx_hal_uart.o(i.UART_AdvFeatureConfig), (200 bytes).
    Removing stm32h7xx_hal_uart.o(i.UART_CheckIdleState), (172 bytes).
    Removing stm32h7xx_hal_uart.o(i.UART_DMAAbortOnError), (20 bytes).
    Removing stm32h7xx_hal_uart.o(i.UART_DMAError), (80 bytes).
    Removing stm32h7xx_hal_uart.o(i.UART_DMAReceiveCplt), (132 bytes).
    Removing stm32h7xx_hal_uart.o(i.UART_DMARxAbortCallback), (68 bytes).
    Removing stm32h7xx_hal_uart.o(i.UART_DMARxHalfCplt), (32 bytes).
    Removing stm32h7xx_hal_uart.o(i.UART_DMARxOnlyAbortCallback), (40 bytes).
    Removing stm32h7xx_hal_uart.o(i.UART_DMATransmitCplt), (66 bytes).
    Removing stm32h7xx_hal_uart.o(i.UART_DMATxAbortCallback), (76 bytes).
    Removing stm32h7xx_hal_uart.o(i.UART_DMATxHalfCplt), (10 bytes).
    Removing stm32h7xx_hal_uart.o(i.UART_DMATxOnlyAbortCallback), (40 bytes).
    Removing stm32h7xx_hal_uart.o(i.UART_EndRxTransfer), (84 bytes).
    Removing stm32h7xx_hal_uart.o(i.UART_EndTxTransfer), (46 bytes).
    Removing stm32h7xx_hal_uart.o(i.UART_RxISR_16BIT), (200 bytes).
    Removing stm32h7xx_hal_uart.o(i.UART_RxISR_16BIT_FIFOEN), (416 bytes).
    Removing stm32h7xx_hal_uart.o(i.UART_RxISR_8BIT), (200 bytes).
    Removing stm32h7xx_hal_uart.o(i.UART_RxISR_8BIT_FIFOEN), (416 bytes).
    Removing stm32h7xx_hal_uart.o(i.UART_SetConfig), (940 bytes).
    Removing stm32h7xx_hal_uart.o(i.UART_Start_Receive_DMA), (168 bytes).
    Removing stm32h7xx_hal_uart.o(i.UART_Start_Receive_IT), (272 bytes).
    Removing stm32h7xx_hal_uart.o(i.UART_TxISR_16BIT), (82 bytes).
    Removing stm32h7xx_hal_uart.o(i.UART_TxISR_16BIT_FIFOEN), (106 bytes).
    Removing stm32h7xx_hal_uart.o(i.UART_TxISR_8BIT), (78 bytes).
    Removing stm32h7xx_hal_uart.o(i.UART_TxISR_8BIT_FIFOEN), (102 bytes).
    Removing stm32h7xx_hal_uart.o(i.UART_WaitOnFlagUntilTimeout), (148 bytes).
    Removing stm32h7xx_hal_uart.o(.constdata), (24 bytes).
    Removing stm32h7xx_hal_uart_ex.o(.rev16_text), (4 bytes).
    Removing stm32h7xx_hal_uart_ex.o(.revsh_text), (4 bytes).
    Removing stm32h7xx_hal_uart_ex.o(.rrx_text), (6 bytes).
    Removing stm32h7xx_hal_uart_ex.o(i.HAL_MultiProcessorEx_AddressLength_Set), (48 bytes).
    Removing stm32h7xx_hal_uart_ex.o(i.HAL_RS485Ex_Init), (140 bytes).
    Removing stm32h7xx_hal_uart_ex.o(i.HAL_UARTEx_DisableFifoMode), (62 bytes).
    Removing stm32h7xx_hal_uart_ex.o(i.HAL_UARTEx_DisableStopMode), (46 bytes).
    Removing stm32h7xx_hal_uart_ex.o(i.HAL_UARTEx_EnableFifoMode), (74 bytes).
    Removing stm32h7xx_hal_uart_ex.o(i.HAL_UARTEx_EnableStopMode), (46 bytes).
    Removing stm32h7xx_hal_uart_ex.o(i.HAL_UARTEx_GetRxEventType), (4 bytes).
    Removing stm32h7xx_hal_uart_ex.o(i.HAL_UARTEx_ReceiveToIdle), (296 bytes).
    Removing stm32h7xx_hal_uart_ex.o(i.HAL_UARTEx_ReceiveToIdle_DMA), (74 bytes).
    Removing stm32h7xx_hal_uart_ex.o(i.HAL_UARTEx_ReceiveToIdle_IT), (78 bytes).
    Removing stm32h7xx_hal_uart_ex.o(i.HAL_UARTEx_RxFifoFullCallback), (2 bytes).
    Removing stm32h7xx_hal_uart_ex.o(i.HAL_UARTEx_SetRxFifoThreshold), (76 bytes).
    Removing stm32h7xx_hal_uart_ex.o(i.HAL_UARTEx_SetTxFifoThreshold), (76 bytes).
    Removing stm32h7xx_hal_uart_ex.o(i.HAL_UARTEx_StopModeWakeUpSourceConfig), (138 bytes).
    Removing stm32h7xx_hal_uart_ex.o(i.HAL_UARTEx_TxFifoEmptyCallback), (2 bytes).
    Removing stm32h7xx_hal_uart_ex.o(i.HAL_UARTEx_WakeupCallback), (2 bytes).
    Removing stm32h7xx_hal_uart_ex.o(i.UARTEx_SetNbDataToProcess), (68 bytes).
    Removing stm32h7xx_hal_uart_ex.o(.constdata), (16 bytes).
    Removing stm32h7xx_hal_rtc.o(.rev16_text), (4 bytes).
    Removing stm32h7xx_hal_rtc.o(.revsh_text), (4 bytes).
    Removing stm32h7xx_hal_rtc.o(.rrx_text), (6 bytes).
    Removing stm32h7xx_hal_rtc.o(i.HAL_RTC_AlarmAEventCallback), (2 bytes).
    Removing stm32h7xx_hal_rtc.o(i.HAL_RTC_AlarmIRQHandler), (104 bytes).
    Removing stm32h7xx_hal_rtc.o(i.HAL_RTC_DeInit), (204 bytes).
    Removing stm32h7xx_hal_rtc.o(i.HAL_RTC_DeactivateAlarm), (186 bytes).
    Removing stm32h7xx_hal_rtc.o(i.HAL_RTC_GetAlarm), (126 bytes).
    Removing stm32h7xx_hal_rtc.o(i.HAL_RTC_GetDate), (68 bytes).
    Removing stm32h7xx_hal_rtc.o(i.HAL_RTC_GetState), (6 bytes).
    Removing stm32h7xx_hal_rtc.o(i.HAL_RTC_GetTime), (84 bytes).
    Removing stm32h7xx_hal_rtc.o(i.HAL_RTC_MspDeInit), (2 bytes).
    Removing stm32h7xx_hal_rtc.o(i.HAL_RTC_MspInit), (2 bytes).
    Removing stm32h7xx_hal_rtc.o(i.HAL_RTC_PollForAlarmAEvent), (70 bytes).
    Removing stm32h7xx_hal_rtc.o(i.HAL_RTC_SetAlarm), (380 bytes).
    Removing stm32h7xx_hal_rtc.o(i.HAL_RTC_SetAlarm_IT), (426 bytes).
    Removing stm32h7xx_hal_rtc.o(i.HAL_RTC_SetDate), (160 bytes).
    Removing stm32h7xx_hal_rtc.o(i.HAL_RTC_SetTime), (204 bytes).
    Removing stm32h7xx_hal_rtc.o(i.RTC_Bcd2ToByte), (18 bytes).
    Removing stm32h7xx_hal_rtc.o(i.RTC_ByteToBcd2), (24 bytes).
    Removing stm32h7xx_hal_rtc_ex.o(.rev16_text), (4 bytes).
    Removing stm32h7xx_hal_rtc_ex.o(.revsh_text), (4 bytes).
    Removing stm32h7xx_hal_rtc_ex.o(.rrx_text), (6 bytes).
    Removing stm32h7xx_hal_rtc_ex.o(i.HAL_RTCEx_AlarmBEventCallback), (2 bytes).
    Removing stm32h7xx_hal_rtc_ex.o(i.HAL_RTCEx_BKUPRead), (10 bytes).
    Removing stm32h7xx_hal_rtc_ex.o(i.HAL_RTCEx_BKUPWrite), (10 bytes).
    Removing stm32h7xx_hal_rtc_ex.o(i.HAL_RTCEx_DeactivateCalibrationOutPut), (66 bytes).
    Removing stm32h7xx_hal_rtc_ex.o(i.HAL_RTCEx_DeactivateInternalTimeStamp), (66 bytes).
    Removing stm32h7xx_hal_rtc_ex.o(i.HAL_RTCEx_DeactivateRefClock), (86 bytes).
    Removing stm32h7xx_hal_rtc_ex.o(i.HAL_RTCEx_DeactivateTamper), (104 bytes).
    Removing stm32h7xx_hal_rtc_ex.o(i.HAL_RTCEx_DeactivateTimeStamp), (80 bytes).
    Removing stm32h7xx_hal_rtc_ex.o(i.HAL_RTCEx_DeactivateWakeUpTimer), (138 bytes).
    Removing stm32h7xx_hal_rtc_ex.o(i.HAL_RTCEx_DisableBypassShadow), (66 bytes).
    Removing stm32h7xx_hal_rtc_ex.o(i.HAL_RTCEx_EnableBypassShadow), (66 bytes).
    Removing stm32h7xx_hal_rtc_ex.o(i.HAL_RTCEx_GetTimeStamp), (164 bytes).
    Removing stm32h7xx_hal_rtc_ex.o(i.HAL_RTCEx_GetWakeUpTimer), (8 bytes).
    Removing stm32h7xx_hal_rtc_ex.o(i.HAL_RTCEx_PollForAlarmBEvent), (70 bytes).
    Removing stm32h7xx_hal_rtc_ex.o(i.HAL_RTCEx_PollForTamper1Event), (70 bytes).
    Removing stm32h7xx_hal_rtc_ex.o(i.HAL_RTCEx_PollForTamper2Event), (70 bytes).
    Removing stm32h7xx_hal_rtc_ex.o(i.HAL_RTCEx_PollForTamper3Event), (72 bytes).
    Removing stm32h7xx_hal_rtc_ex.o(i.HAL_RTCEx_PollForTimeStampEvent), (84 bytes).
    Removing stm32h7xx_hal_rtc_ex.o(i.HAL_RTCEx_PollForWakeUpTimerEvent), (70 bytes).
    Removing stm32h7xx_hal_rtc_ex.o(i.HAL_RTCEx_SetCalibrationOutPut), (86 bytes).
    Removing stm32h7xx_hal_rtc_ex.o(i.HAL_RTCEx_SetInternalTimeStamp), (66 bytes).
    Removing stm32h7xx_hal_rtc_ex.o(i.HAL_RTCEx_SetRefClock), (86 bytes).
    Removing stm32h7xx_hal_rtc_ex.o(i.HAL_RTCEx_SetSmoothCalib), (156 bytes).
    Removing stm32h7xx_hal_rtc_ex.o(i.HAL_RTCEx_SetSynchroShift), (168 bytes).
    Removing stm32h7xx_hal_rtc_ex.o(i.HAL_RTCEx_SetTamper_IT), (264 bytes).
    Removing stm32h7xx_hal_rtc_ex.o(i.HAL_RTCEx_SetTimeStamp), (82 bytes).
    Removing stm32h7xx_hal_rtc_ex.o(i.HAL_RTCEx_SetTimeStamp_IT), (140 bytes).
    Removing stm32h7xx_hal_rtc_ex.o(i.HAL_RTCEx_SetWakeUpTimer), (172 bytes).
    Removing stm32h7xx_hal_rtc_ex.o(i.HAL_RTCEx_SetWakeUpTimer_IT), (232 bytes).
    Removing stm32h7xx_hal_rtc_ex.o(i.HAL_RTCEx_Tamper1EventCallback), (2 bytes).
    Removing stm32h7xx_hal_rtc_ex.o(i.HAL_RTCEx_Tamper2EventCallback), (2 bytes).
    Removing stm32h7xx_hal_rtc_ex.o(i.HAL_RTCEx_Tamper3EventCallback), (2 bytes).
    Removing stm32h7xx_hal_rtc_ex.o(i.HAL_RTCEx_TamperTimeStampIRQHandler), (192 bytes).
    Removing stm32h7xx_hal_rtc_ex.o(i.HAL_RTCEx_TimeStampEventCallback), (2 bytes).
    Removing stm32h7xx_hal_rtc_ex.o(i.HAL_RTCEx_WakeUpTimerEventCallback), (2 bytes).
    Removing stm32h7xx_hal_rtc_ex.o(i.HAL_RTCEx_WakeUpTimerIRQHandler), (66 bytes).
    Removing system_stm32h7xx_dualcore_boot_cm4_cm7.o(.rev16_text), (4 bytes).
    Removing system_stm32h7xx_dualcore_boot_cm4_cm7.o(.revsh_text), (4 bytes).
    Removing system_stm32h7xx_dualcore_boot_cm4_cm7.o(.rrx_text), (6 bytes).
    Removing system_stm32h7xx_dualcore_boot_cm4_cm7.o(i.SystemCoreClockUpdate), (312 bytes).
    Removing stm32_lcd.o(i.DrawChar), (272 bytes).
    Removing stm32_lcd.o(i.FillTriangle), (206 bytes).
    Removing stm32_lcd.o(i.UTIL_LCD_Clear), (24 bytes).
    Removing stm32_lcd.o(i.UTIL_LCD_ClearStringLine), (36 bytes).
    Removing stm32_lcd.o(i.UTIL_LCD_DisplayChar), (44 bytes).
    Removing stm32_lcd.o(i.UTIL_LCD_DisplayStringAt), (156 bytes).
    Removing stm32_lcd.o(i.UTIL_LCD_DisplayStringAtLine), (26 bytes).
    Removing stm32_lcd.o(i.UTIL_LCD_DrawBitmap), (32 bytes).
    Removing stm32_lcd.o(i.UTIL_LCD_DrawCircle), (288 bytes).
    Removing stm32_lcd.o(i.UTIL_LCD_DrawEllipse), (240 bytes).
    Removing stm32_lcd.o(i.UTIL_LCD_DrawHLine), (60 bytes).
    Removing stm32_lcd.o(i.UTIL_LCD_DrawLine), (180 bytes).
    Removing stm32_lcd.o(i.UTIL_LCD_DrawPolygon), (64 bytes).
    Removing stm32_lcd.o(i.UTIL_LCD_DrawRect), (66 bytes).
    Removing stm32_lcd.o(i.UTIL_LCD_DrawVLine), (60 bytes).
    Removing stm32_lcd.o(i.UTIL_LCD_FillCircle), (200 bytes).
    Removing stm32_lcd.o(i.UTIL_LCD_FillEllipse), (212 bytes).
    Removing stm32_lcd.o(i.UTIL_LCD_FillPolygon), (260 bytes).
    Removing stm32_lcd.o(i.UTIL_LCD_FillRGBRect), (36 bytes).
    Removing stm32_lcd.o(i.UTIL_LCD_FillRect), (72 bytes).
    Removing stm32_lcd.o(i.UTIL_LCD_GetBackColor), (16 bytes).
    Removing stm32_lcd.o(i.UTIL_LCD_GetFont), (16 bytes).
    Removing stm32_lcd.o(i.UTIL_LCD_GetPixel), (104 bytes).
    Removing stm32_lcd.o(i.UTIL_LCD_GetTextColor), (16 bytes).
    Removing stm32_lcd.o(i.UTIL_LCD_SetBackColor), (16 bytes).
    Removing stm32_lcd.o(i.UTIL_LCD_SetDevice), (40 bytes).
    Removing stm32_lcd.o(i.UTIL_LCD_SetFont), (16 bytes).
    Removing stm32_lcd.o(i.UTIL_LCD_SetFuncDriver), (92 bytes).
    Removing stm32_lcd.o(i.UTIL_LCD_SetLayer), (36 bytes).
    Removing stm32_lcd.o(i.UTIL_LCD_SetPixel), (64 bytes).
    Removing stm32_lcd.o(i.UTIL_LCD_SetTextColor), (16 bytes).
    Removing stm32_lcd.o(.bss), (108 bytes).
    Removing stm32_lcd.o(.constdata), (6840 bytes).
    Removing stm32_lcd.o(.constdata), (3800 bytes).
    Removing stm32_lcd.o(.constdata), (3040 bytes).
    Removing stm32_lcd.o(.constdata), (1140 bytes).
    Removing stm32_lcd.o(.constdata), (760 bytes).
    Removing stm32_lcd.o(.data), (8 bytes).
    Removing stm32_lcd.o(.data), (8 bytes).
    Removing stm32_lcd.o(.data), (8 bytes).
    Removing stm32_lcd.o(.data), (8 bytes).
    Removing stm32_lcd.o(.data), (8 bytes).

789 unused section(s) (total 94318 bytes) removed from the image.

==============================================================================

Image Symbol Table

    Local Symbols

    Symbol Name                              Value     Ov Type        Size  Object(Section)

    ../CM4/Core/Src/gpio.c                   0x00000000   Number         0  gpio.o ABSOLUTE
    ../CM4/Core/Src/main.c                   0x00000000   Number         0  main.o ABSOLUTE
    ../CM4/Core/Src/rtc.c                    0x00000000   Number         0  rtc.o ABSOLUTE
    ../CM4/Core/Src/stm32h7xx_hal_msp.c      0x00000000   Number         0  stm32h7xx_hal_msp.o ABSOLUTE
    ../CM4/Core/Src/stm32h7xx_it.c           0x00000000   Number         0  stm32h7xx_it.o ABSOLUTE
    ../CM4/Core/Src/tim.c                    0x00000000   Number         0  tim.o ABSOLUTE
    ../CM4/Core/Src/usart.c                  0x00000000   Number         0  usart.o ABSOLUTE
    ../Common/Src/system_stm32h7xx_dualcore_boot_cm4_cm7.c 0x00000000   Number         0  system_stm32h7xx_dualcore_boot_cm4_cm7.o ABSOLUTE
    ../Drivers/STM32H7xx_HAL_Driver/Src/stm32h7xx_hal.c 0x00000000   Number         0  stm32h7xx_hal.o ABSOLUTE
    ../Drivers/STM32H7xx_HAL_Driver/Src/stm32h7xx_hal_cortex.c 0x00000000   Number         0  stm32h7xx_hal_cortex.o ABSOLUTE
    ../Drivers/STM32H7xx_HAL_Driver/Src/stm32h7xx_hal_dma.c 0x00000000   Number         0  stm32h7xx_hal_dma.o ABSOLUTE
    ../Drivers/STM32H7xx_HAL_Driver/Src/stm32h7xx_hal_dma_ex.c 0x00000000   Number         0  stm32h7xx_hal_dma_ex.o ABSOLUTE
    ../Drivers/STM32H7xx_HAL_Driver/Src/stm32h7xx_hal_exti.c 0x00000000   Number         0  stm32h7xx_hal_exti.o ABSOLUTE
    ../Drivers/STM32H7xx_HAL_Driver/Src/stm32h7xx_hal_flash.c 0x00000000   Number         0  stm32h7xx_hal_flash.o ABSOLUTE
    ../Drivers/STM32H7xx_HAL_Driver/Src/stm32h7xx_hal_flash_ex.c 0x00000000   Number         0  stm32h7xx_hal_flash_ex.o ABSOLUTE
    ../Drivers/STM32H7xx_HAL_Driver/Src/stm32h7xx_hal_gpio.c 0x00000000   Number         0  stm32h7xx_hal_gpio.o ABSOLUTE
    ../Drivers/STM32H7xx_HAL_Driver/Src/stm32h7xx_hal_hsem.c 0x00000000   Number         0  stm32h7xx_hal_hsem.o ABSOLUTE
    ../Drivers/STM32H7xx_HAL_Driver/Src/stm32h7xx_hal_i2c.c 0x00000000   Number         0  stm32h7xx_hal_i2c.o ABSOLUTE
    ../Drivers/STM32H7xx_HAL_Driver/Src/stm32h7xx_hal_i2c_ex.c 0x00000000   Number         0  stm32h7xx_hal_i2c_ex.o ABSOLUTE
    ../Drivers/STM32H7xx_HAL_Driver/Src/stm32h7xx_hal_mdma.c 0x00000000   Number         0  stm32h7xx_hal_mdma.o ABSOLUTE
    ../Drivers/STM32H7xx_HAL_Driver/Src/stm32h7xx_hal_pwr.c 0x00000000   Number         0  stm32h7xx_hal_pwr.o ABSOLUTE
    ../Drivers/STM32H7xx_HAL_Driver/Src/stm32h7xx_hal_pwr_ex.c 0x00000000   Number         0  stm32h7xx_hal_pwr_ex.o ABSOLUTE
    ../Drivers/STM32H7xx_HAL_Driver/Src/stm32h7xx_hal_rcc.c 0x00000000   Number         0  stm32h7xx_hal_rcc.o ABSOLUTE
    ../Drivers/STM32H7xx_HAL_Driver/Src/stm32h7xx_hal_rcc_ex.c 0x00000000   Number         0  stm32h7xx_hal_rcc_ex.o ABSOLUTE
    ../Drivers/STM32H7xx_HAL_Driver/Src/stm32h7xx_hal_rtc.c 0x00000000   Number         0  stm32h7xx_hal_rtc.o ABSOLUTE
    ../Drivers/STM32H7xx_HAL_Driver/Src/stm32h7xx_hal_rtc_ex.c 0x00000000   Number         0  stm32h7xx_hal_rtc_ex.o ABSOLUTE
    ../Drivers/STM32H7xx_HAL_Driver/Src/stm32h7xx_hal_tim.c 0x00000000   Number         0  stm32h7xx_hal_tim.o ABSOLUTE
    ../Drivers/STM32H7xx_HAL_Driver/Src/stm32h7xx_hal_tim_ex.c 0x00000000   Number         0  stm32h7xx_hal_tim_ex.o ABSOLUTE
    ../Drivers/STM32H7xx_HAL_Driver/Src/stm32h7xx_hal_uart.c 0x00000000   Number         0  stm32h7xx_hal_uart.o ABSOLUTE
    ../Drivers/STM32H7xx_HAL_Driver/Src/stm32h7xx_hal_uart_ex.c 0x00000000   Number         0  stm32h7xx_hal_uart_ex.o ABSOLUTE
    ../clib/angel/boardlib.s                 0x00000000   Number         0  boardinit3.o ABSOLUTE
    ../clib/angel/boardlib.s                 0x00000000   Number         0  boardinit2.o ABSOLUTE
    ../clib/angel/boardlib.s                 0x00000000   Number         0  boardinit1.o ABSOLUTE
    ../clib/angel/boardlib.s                 0x00000000   Number         0  boardshut.o ABSOLUTE
    ../clib/angel/handlers.s                 0x00000000   Number         0  __scatter_zi.o ABSOLUTE
    ../clib/angel/handlers.s                 0x00000000   Number         0  __scatter_copy.o ABSOLUTE
    ../clib/angel/kernel.s                   0x00000000   Number         0  __rtentry.o ABSOLUTE
    ../clib/angel/kernel.s                   0x00000000   Number         0  rtexit2.o ABSOLUTE
    ../clib/angel/kernel.s                   0x00000000   Number         0  rtexit.o ABSOLUTE
    ../clib/angel/kernel.s                   0x00000000   Number         0  __rtentry2.o ABSOLUTE
    ../clib/angel/kernel.s                   0x00000000   Number         0  __rtentry4.o ABSOLUTE
    ../clib/angel/rt.s                       0x00000000   Number         0  rt_raise.o ABSOLUTE
    ../clib/angel/rt.s                       0x00000000   Number         0  rt_div0.o ABSOLUTE
    ../clib/angel/rt.s                       0x00000000   Number         0  aeabi_ldiv0_sigfpe.o ABSOLUTE
    ../clib/angel/rt.s                       0x00000000   Number         0  aeabi_ldiv0.o ABSOLUTE
    ../clib/angel/scatter.s                  0x00000000   Number         0  __scatter.o ABSOLUTE
    ../clib/angel/startup.s                  0x00000000   Number         0  __main.o ABSOLUTE
    ../clib/angel/sys.s                      0x00000000   Number         0  indicate_semi.o ABSOLUTE
    ../clib/angel/sys.s                      0x00000000   Number         0  sys_stackheap_outer.o ABSOLUTE
    ../clib/angel/sys.s                      0x00000000   Number         0  libspace.o ABSOLUTE
    ../clib/angel/sys.s                      0x00000000   Number         0  use_no_semi.o ABSOLUTE
    ../clib/angel/sysapp.c                   0x00000000   Number         0  sys_wrch.o ABSOLUTE
    ../clib/angel/sysapp.c                   0x00000000   Number         0  sys_command.o ABSOLUTE
    ../clib/angel/sysapp.c                   0x00000000   Number         0  sys_exit.o ABSOLUTE
    ../clib/armsys.c                         0x00000000   Number         0  _get_argv_nomalloc.o ABSOLUTE
    ../clib/armsys.c                         0x00000000   Number         0  no_argv.o ABSOLUTE
    ../clib/armsys.c                         0x00000000   Number         0  argv_veneer.o ABSOLUTE
    ../clib/armsys.c                         0x00000000   Number         0  argv_veneer.o ABSOLUTE
    ../clib/heapalloc.c                      0x00000000   Number         0  hrguard.o ABSOLUTE
    ../clib/heapaux.c                        0x00000000   Number         0  heapauxi.o ABSOLUTE
    ../clib/libinit.s                        0x00000000   Number         0  libshutdown2.o ABSOLUTE
    ../clib/libinit.s                        0x00000000   Number         0  libinit.o ABSOLUTE
    ../clib/libinit.s                        0x00000000   Number         0  libinit2.o ABSOLUTE
    ../clib/libinit.s                        0x00000000   Number         0  libshutdown.o ABSOLUTE
    ../clib/longlong.s                       0x00000000   Number         0  lludivv7m.o ABSOLUTE
    ../clib/memcpset.s                       0x00000000   Number         0  rt_memclr_w.o ABSOLUTE
    ../clib/signal.c                         0x00000000   Number         0  defsig_general.o ABSOLUTE
    ../clib/signal.c                         0x00000000   Number         0  defsig_stak_inner.o ABSOLUTE
    ../clib/signal.c                         0x00000000   Number         0  defsig_rtmem_formal.o ABSOLUTE
    ../clib/signal.c                         0x00000000   Number         0  defsig_abrt_inner.o ABSOLUTE
    ../clib/signal.c                         0x00000000   Number         0  defsig_rtred_inner.o ABSOLUTE
    ../clib/signal.c                         0x00000000   Number         0  __raise.o ABSOLUTE
    ../clib/signal.c                         0x00000000   Number         0  defsig_rtmem_outer.o ABSOLUTE
    ../clib/signal.c                         0x00000000   Number         0  defsig_rtmem_inner.o ABSOLUTE
    ../clib/signal.c                         0x00000000   Number         0  defsig_other.o ABSOLUTE
    ../clib/signal.c                         0x00000000   Number         0  defsig_fpe_outer.o ABSOLUTE
    ../clib/signal.c                         0x00000000   Number         0  defsig_fpe_formal.o ABSOLUTE
    ../clib/signal.c                         0x00000000   Number         0  defsig_segv_inner.o ABSOLUTE
    ../clib/signal.c                         0x00000000   Number         0  defsig_cppl_inner.o ABSOLUTE
    ../clib/signal.c                         0x00000000   Number         0  defsig_pvfn_inner.o ABSOLUTE
    ../clib/signal.c                         0x00000000   Number         0  defsig_fpe_inner.o ABSOLUTE
    ../clib/signal.c                         0x00000000   Number         0  defsig_exit.o ABSOLUTE
    ../clib/signal.s                         0x00000000   Number         0  defsig.o ABSOLUTE
    ../clib/stdlib.c                         0x00000000   Number         0  exit.o ABSOLUTE
    ../fplib/fpinit.s                        0x00000000   Number         0  fpinit.o ABSOLUTE
    ..\CM4\Core\Src\gpio.c                   0x00000000   Number         0  gpio.o ABSOLUTE
    ..\CM4\Core\Src\main.c                   0x00000000   Number         0  main.o ABSOLUTE
    ..\CM4\Core\Src\rtc.c                    0x00000000   Number         0  rtc.o ABSOLUTE
    ..\CM4\Core\Src\stm32h7xx_hal_msp.c      0x00000000   Number         0  stm32h7xx_hal_msp.o ABSOLUTE
    ..\CM4\Core\Src\stm32h7xx_it.c           0x00000000   Number         0  stm32h7xx_it.o ABSOLUTE
    ..\CM4\Core\Src\tim.c                    0x00000000   Number         0  tim.o ABSOLUTE
    ..\CM4\Core\Src\usart.c                  0x00000000   Number         0  usart.o ABSOLUTE
    ..\Common\Src\system_stm32h7xx_dualcore_boot_cm4_cm7.c 0x00000000   Number         0  system_stm32h7xx_dualcore_boot_cm4_cm7.o ABSOLUTE
    ..\Drivers\BSP\Utilities\lcd\stm32_lcd.c 0x00000000   Number         0  stm32_lcd.o ABSOLUTE
    ..\Drivers\STM32H7xx_HAL_Driver\Src\stm32h7xx_hal.c 0x00000000   Number         0  stm32h7xx_hal.o ABSOLUTE
    ..\Drivers\STM32H7xx_HAL_Driver\Src\stm32h7xx_hal_cortex.c 0x00000000   Number         0  stm32h7xx_hal_cortex.o ABSOLUTE
    ..\Drivers\STM32H7xx_HAL_Driver\Src\stm32h7xx_hal_dma.c 0x00000000   Number         0  stm32h7xx_hal_dma.o ABSOLUTE
    ..\Drivers\STM32H7xx_HAL_Driver\Src\stm32h7xx_hal_dma_ex.c 0x00000000   Number         0  stm32h7xx_hal_dma_ex.o ABSOLUTE
    ..\Drivers\STM32H7xx_HAL_Driver\Src\stm32h7xx_hal_exti.c 0x00000000   Number         0  stm32h7xx_hal_exti.o ABSOLUTE
    ..\Drivers\STM32H7xx_HAL_Driver\Src\stm32h7xx_hal_flash.c 0x00000000   Number         0  stm32h7xx_hal_flash.o ABSOLUTE
    ..\Drivers\STM32H7xx_HAL_Driver\Src\stm32h7xx_hal_flash_ex.c 0x00000000   Number         0  stm32h7xx_hal_flash_ex.o ABSOLUTE
    ..\Drivers\STM32H7xx_HAL_Driver\Src\stm32h7xx_hal_gpio.c 0x00000000   Number         0  stm32h7xx_hal_gpio.o ABSOLUTE
    ..\Drivers\STM32H7xx_HAL_Driver\Src\stm32h7xx_hal_hsem.c 0x00000000   Number         0  stm32h7xx_hal_hsem.o ABSOLUTE
    ..\Drivers\STM32H7xx_HAL_Driver\Src\stm32h7xx_hal_i2c.c 0x00000000   Number         0  stm32h7xx_hal_i2c.o ABSOLUTE
    ..\Drivers\STM32H7xx_HAL_Driver\Src\stm32h7xx_hal_i2c_ex.c 0x00000000   Number         0  stm32h7xx_hal_i2c_ex.o ABSOLUTE
    ..\Drivers\STM32H7xx_HAL_Driver\Src\stm32h7xx_hal_mdma.c 0x00000000   Number         0  stm32h7xx_hal_mdma.o ABSOLUTE
    ..\Drivers\STM32H7xx_HAL_Driver\Src\stm32h7xx_hal_pwr.c 0x00000000   Number         0  stm32h7xx_hal_pwr.o ABSOLUTE
    ..\Drivers\STM32H7xx_HAL_Driver\Src\stm32h7xx_hal_pwr_ex.c 0x00000000   Number         0  stm32h7xx_hal_pwr_ex.o ABSOLUTE
    ..\Drivers\STM32H7xx_HAL_Driver\Src\stm32h7xx_hal_rcc.c 0x00000000   Number         0  stm32h7xx_hal_rcc.o ABSOLUTE
    ..\Drivers\STM32H7xx_HAL_Driver\Src\stm32h7xx_hal_rcc_ex.c 0x00000000   Number         0  stm32h7xx_hal_rcc_ex.o ABSOLUTE
    ..\Drivers\STM32H7xx_HAL_Driver\Src\stm32h7xx_hal_rtc.c 0x00000000   Number         0  stm32h7xx_hal_rtc.o ABSOLUTE
    ..\Drivers\STM32H7xx_HAL_Driver\Src\stm32h7xx_hal_rtc_ex.c 0x00000000   Number         0  stm32h7xx_hal_rtc_ex.o ABSOLUTE
    ..\Drivers\STM32H7xx_HAL_Driver\Src\stm32h7xx_hal_tim.c 0x00000000   Number         0  stm32h7xx_hal_tim.o ABSOLUTE
    ..\Drivers\STM32H7xx_HAL_Driver\Src\stm32h7xx_hal_tim_ex.c 0x00000000   Number         0  stm32h7xx_hal_tim_ex.o ABSOLUTE
    ..\Drivers\STM32H7xx_HAL_Driver\Src\stm32h7xx_hal_uart.c 0x00000000   Number         0  stm32h7xx_hal_uart.o ABSOLUTE
    ..\Drivers\STM32H7xx_HAL_Driver\Src\stm32h7xx_hal_uart_ex.c 0x00000000   Number         0  stm32h7xx_hal_uart_ex.o ABSOLUTE
    dc.s                                     0x00000000   Number         0  dc.o ABSOLUTE
    startup_stm32h747xx_CM4.s                0x00000000   Number         0  startup_stm32h747xx_cm4.o ABSOLUTE
    RESET                                    0x08100000   Section      664  startup_stm32h747xx_cm4.o(RESET)
    !!!main                                  0x08100298   Section        8  __main.o(!!!main)
    !!!scatter                               0x081002a0   Section       52  __scatter.o(!!!scatter)
    !!handler_copy                           0x081002d4   Section       26  __scatter_copy.o(!!handler_copy)
    !!handler_zi                             0x081002f0   Section       28  __scatter_zi.o(!!handler_zi)
    .ARM.Collect$$libinit$$00000000          0x0810030c   Section        2  libinit.o(.ARM.Collect$$libinit$$00000000)
    .ARM.Collect$$libinit$$00000001          0x0810030e   Section        4  libinit2.o(.ARM.Collect$$libinit$$00000001)
    .ARM.Collect$$libinit$$00000004          0x08100312   Section        0  libinit2.o(.ARM.Collect$$libinit$$00000004)
    .ARM.Collect$$libinit$$0000000A          0x08100312   Section        0  libinit2.o(.ARM.Collect$$libinit$$0000000A)
    .ARM.Collect$$libinit$$0000000C          0x08100312   Section        0  libinit2.o(.ARM.Collect$$libinit$$0000000C)
    .ARM.Collect$$libinit$$0000000E          0x08100312   Section        0  libinit2.o(.ARM.Collect$$libinit$$0000000E)
    .ARM.Collect$$libinit$$00000011          0x08100312   Section        0  libinit2.o(.ARM.Collect$$libinit$$00000011)
    .ARM.Collect$$libinit$$00000013          0x08100312   Section        0  libinit2.o(.ARM.Collect$$libinit$$00000013)
    .ARM.Collect$$libinit$$00000015          0x08100312   Section        0  libinit2.o(.ARM.Collect$$libinit$$00000015)
    .ARM.Collect$$libinit$$00000017          0x08100312   Section        0  libinit2.o(.ARM.Collect$$libinit$$00000017)
    .ARM.Collect$$libinit$$00000019          0x08100312   Section        0  libinit2.o(.ARM.Collect$$libinit$$00000019)
    .ARM.Collect$$libinit$$0000001B          0x08100312   Section        0  libinit2.o(.ARM.Collect$$libinit$$0000001B)
    .ARM.Collect$$libinit$$0000001D          0x08100312   Section        0  libinit2.o(.ARM.Collect$$libinit$$0000001D)
    .ARM.Collect$$libinit$$0000001F          0x08100312   Section        0  libinit2.o(.ARM.Collect$$libinit$$0000001F)
    .ARM.Collect$$libinit$$00000021          0x08100312   Section        0  libinit2.o(.ARM.Collect$$libinit$$00000021)
    .ARM.Collect$$libinit$$00000023          0x08100312   Section        0  libinit2.o(.ARM.Collect$$libinit$$00000023)
    .ARM.Collect$$libinit$$00000025          0x08100312   Section        0  libinit2.o(.ARM.Collect$$libinit$$00000025)
    .ARM.Collect$$libinit$$0000002C          0x08100312   Section        0  libinit2.o(.ARM.Collect$$libinit$$0000002C)
    .ARM.Collect$$libinit$$0000002E          0x08100312   Section        0  libinit2.o(.ARM.Collect$$libinit$$0000002E)
    .ARM.Collect$$libinit$$00000030          0x08100312   Section        0  libinit2.o(.ARM.Collect$$libinit$$00000030)
    .ARM.Collect$$libinit$$00000032          0x08100312   Section        0  libinit2.o(.ARM.Collect$$libinit$$00000032)
    .ARM.Collect$$libinit$$00000033          0x08100312   Section        2  libinit2.o(.ARM.Collect$$libinit$$00000033)
    .ARM.Collect$$libshutdown$$00000000      0x08100314   Section        2  libshutdown.o(.ARM.Collect$$libshutdown$$00000000)
    .ARM.Collect$$libshutdown$$00000002      0x08100316   Section        0  libshutdown2.o(.ARM.Collect$$libshutdown$$00000002)
    .ARM.Collect$$libshutdown$$00000004      0x08100316   Section        0  libshutdown2.o(.ARM.Collect$$libshutdown$$00000004)
    .ARM.Collect$$libshutdown$$00000007      0x08100316   Section        0  libshutdown2.o(.ARM.Collect$$libshutdown$$00000007)
    .ARM.Collect$$libshutdown$$0000000A      0x08100316   Section        0  libshutdown2.o(.ARM.Collect$$libshutdown$$0000000A)
    .ARM.Collect$$libshutdown$$0000000C      0x08100316   Section        0  libshutdown2.o(.ARM.Collect$$libshutdown$$0000000C)
    .ARM.Collect$$libshutdown$$0000000F      0x08100316   Section        0  libshutdown2.o(.ARM.Collect$$libshutdown$$0000000F)
    .ARM.Collect$$libshutdown$$00000010      0x08100316   Section        2  libshutdown2.o(.ARM.Collect$$libshutdown$$00000010)
    .ARM.Collect$$rtentry$$00000000          0x08100318   Section        0  __rtentry.o(.ARM.Collect$$rtentry$$00000000)
    .ARM.Collect$$rtentry$$00000002          0x08100318   Section        0  __rtentry2.o(.ARM.Collect$$rtentry$$00000002)
    .ARM.Collect$$rtentry$$00000004          0x08100318   Section        6  __rtentry4.o(.ARM.Collect$$rtentry$$00000004)
    .ARM.Collect$$rtentry$$00000009          0x0810031e   Section        0  __rtentry2.o(.ARM.Collect$$rtentry$$00000009)
    .ARM.Collect$$rtentry$$0000000A          0x0810031e   Section        4  __rtentry2.o(.ARM.Collect$$rtentry$$0000000A)
    .ARM.Collect$$rtentry$$0000000C          0x08100322   Section        0  __rtentry2.o(.ARM.Collect$$rtentry$$0000000C)
    .ARM.Collect$$rtentry$$0000000D          0x08100322   Section        8  __rtentry2.o(.ARM.Collect$$rtentry$$0000000D)
    .ARM.Collect$$rtexit$$00000000           0x0810032a   Section        2  rtexit.o(.ARM.Collect$$rtexit$$00000000)
    .ARM.Collect$$rtexit$$00000002           0x0810032c   Section        0  rtexit2.o(.ARM.Collect$$rtexit$$00000002)
    .ARM.Collect$$rtexit$$00000003           0x0810032c   Section        4  rtexit2.o(.ARM.Collect$$rtexit$$00000003)
    .ARM.Collect$$rtexit$$00000004           0x08100330   Section        6  rtexit2.o(.ARM.Collect$$rtexit$$00000004)
    .text                                    0x08100338   Section       64  startup_stm32h747xx_cm4.o(.text)
    $v0                                      0x08100338   Number         0  startup_stm32h747xx_cm4.o(.text)
    .text                                    0x08100378   Section       78  rt_memclr_w.o(.text)
    .text                                    0x081003c6   Section        0  heapauxi.o(.text)
    .text                                    0x081003cc   Section       74  sys_stackheap_outer.o(.text)
    .text                                    0x08100416   Section        0  exit.o(.text)
    .text                                    0x08100428   Section        8  libspace.o(.text)
    .text                                    0x08100430   Section        0  sys_exit.o(.text)
    .text                                    0x0810043c   Section        2  use_no_semi.o(.text)
    .text                                    0x0810043e   Section        0  indicate_semi.o(.text)
    i.BusFault_Handler                       0x0810043e   Section        0  stm32h7xx_it.o(i.BusFault_Handler)
    i.DebugMon_Handler                       0x08100440   Section        0  stm32h7xx_it.o(i.DebugMon_Handler)
    i.Error_Handler                          0x08100442   Section        0  main.o(i.Error_Handler)
    i.HAL_GPIO_Init                          0x08100448   Section        0  stm32h7xx_hal_gpio.o(i.HAL_GPIO_Init)
    i.HAL_GetCurrentCPUID                    0x0810069c   Section        0  stm32h7xx_hal_cortex.o(i.HAL_GetCurrentCPUID)
    i.HAL_GetTick                            0x081006b4   Section        0  stm32h7xx_hal.o(i.HAL_GetTick)
    i.HAL_HSEM_ActivateNotification          0x081006c0   Section        0  stm32h7xx_hal_hsem.o(i.HAL_HSEM_ActivateNotification)
    i.HAL_IncTick                            0x081006d0   Section        0  stm32h7xx_hal.o(i.HAL_IncTick)
    i.HAL_Init                               0x081006e0   Section        0  stm32h7xx_hal.o(i.HAL_Init)
    i.HAL_InitTick                           0x0810076c   Section        0  stm32h7xx_hal.o(i.HAL_InitTick)
    i.HAL_MspInit                            0x081007ac   Section        0  stm32h7xx_hal_msp.o(i.HAL_MspInit)
    i.HAL_NVIC_SetPriority                   0x081007c8   Section        0  stm32h7xx_hal_cortex.o(i.HAL_NVIC_SetPriority)
    i.HAL_NVIC_SetPriorityGrouping           0x08100808   Section        0  stm32h7xx_hal_cortex.o(i.HAL_NVIC_SetPriorityGrouping)
    i.HAL_PWREx_ClearPendingEvent            0x0810082c   Section        0  stm32h7xx_hal_pwr_ex.o(i.HAL_PWREx_ClearPendingEvent)
    i.HAL_PWREx_EnterSTOPMode                0x0810083c   Section        0  stm32h7xx_hal_pwr_ex.o(i.HAL_PWREx_EnterSTOPMode)
    i.HAL_RCCEx_PeriphCLKConfig              0x081008cc   Section        0  stm32h7xx_hal_rcc_ex.o(i.HAL_RCCEx_PeriphCLKConfig)
    i.HAL_RCC_GetSysClockFreq                0x081012b0   Section        0  stm32h7xx_hal_rcc.o(i.HAL_RCC_GetSysClockFreq)
    i.HAL_RTCEx_SetTamper                    0x081013e0   Section        0  stm32h7xx_hal_rtc_ex.o(i.HAL_RTCEx_SetTamper)
    i.HAL_RTC_Init                           0x081014b0   Section        0  stm32h7xx_hal_rtc.o(i.HAL_RTC_Init)
    i.HAL_RTC_MspInit                        0x08101550   Section        0  rtc.o(i.HAL_RTC_MspInit)
    i.HAL_RTC_WaitForSynchro                 0x08101594   Section        0  stm32h7xx_hal_rtc.o(i.HAL_RTC_WaitForSynchro)
    i.HAL_SYSCFG_AnalogSwitchConfig          0x081015cc   Section        0  stm32h7xx_hal.o(i.HAL_SYSCFG_AnalogSwitchConfig)
    i.HAL_SYSTICK_Config                     0x081015dc   Section        0  stm32h7xx_hal_cortex.o(i.HAL_SYSTICK_Config)
    i.HAL_TIMEx_ConfigBreakDeadTime          0x08101604   Section        0  stm32h7xx_hal_tim_ex.o(i.HAL_TIMEx_ConfigBreakDeadTime)
    i.HAL_TIMEx_MasterConfigSynchronization  0x08101690   Section        0  stm32h7xx_hal_tim_ex.o(i.HAL_TIMEx_MasterConfigSynchronization)
    i.HAL_TIM_Base_Init                      0x08101734   Section        0  stm32h7xx_hal_tim.o(i.HAL_TIM_Base_Init)
    i.HAL_TIM_Base_MspInit                   0x08101798   Section        0  tim.o(i.HAL_TIM_Base_MspInit)
    i.HAL_TIM_IC_ConfigChannel               0x08101800   Section        0  stm32h7xx_hal_tim.o(i.HAL_TIM_IC_ConfigChannel)
    i.HAL_TIM_IC_Init                        0x08101924   Section        0  stm32h7xx_hal_tim.o(i.HAL_TIM_IC_Init)
    i.HAL_TIM_IC_MspInit                     0x08101986   Section        0  stm32h7xx_hal_tim.o(i.HAL_TIM_IC_MspInit)
    i.HAL_TIM_MspPostInit                    0x08101988   Section        0  tim.o(i.HAL_TIM_MspPostInit)
    i.HAL_TIM_OC_ConfigChannel               0x081019dc   Section        0  stm32h7xx_hal_tim.o(i.HAL_TIM_OC_ConfigChannel)
    i.HAL_TIM_OC_Init                        0x08101a4a   Section        0  stm32h7xx_hal_tim.o(i.HAL_TIM_OC_Init)
    i.HAL_TIM_OC_MspInit                     0x08101aac   Section        0  tim.o(i.HAL_TIM_OC_MspInit)
    i.HardFault_Handler                      0x08101ad4   Section        0  stm32h7xx_it.o(i.HardFault_Handler)
    i.MX_GPIO_Init                           0x08101ad8   Section        0  gpio.o(i.MX_GPIO_Init)
    i.MX_RTC_Init                            0x08101cf8   Section        0  rtc.o(i.MX_RTC_Init)
    i.MX_TIM13_Init                          0x08101d5c   Section        0  tim.o(i.MX_TIM13_Init)
    i.MX_TIM8_Init                           0x08101db8   Section        0  tim.o(i.MX_TIM8_Init)
    i.MemManage_Handler                      0x08101e64   Section        0  stm32h7xx_it.o(i.MemManage_Handler)
    i.NMI_Handler                            0x08101e66   Section        0  stm32h7xx_it.o(i.NMI_Handler)
    i.PendSV_Handler                         0x08101e68   Section        0  stm32h7xx_it.o(i.PendSV_Handler)
    i.RCCEx_PLL2_Config                      0x08101e6c   Section        0  stm32h7xx_hal_rcc_ex.o(i.RCCEx_PLL2_Config)
    RCCEx_PLL2_Config                        0x08101e6d   Thumb Code   272  stm32h7xx_hal_rcc_ex.o(i.RCCEx_PLL2_Config)
    i.RCCEx_PLL3_Config                      0x08101f80   Section        0  stm32h7xx_hal_rcc_ex.o(i.RCCEx_PLL3_Config)
    RCCEx_PLL3_Config                        0x08101f81   Thumb Code   272  stm32h7xx_hal_rcc_ex.o(i.RCCEx_PLL3_Config)
    i.RTC_EnterInitMode                      0x08102094   Section        0  stm32h7xx_hal_rtc.o(i.RTC_EnterInitMode)
    i.RTC_ExitInitMode                       0x081020dc   Section        0  stm32h7xx_hal_rtc.o(i.RTC_ExitInitMode)
    i.SVC_Handler                            0x08102130   Section        0  stm32h7xx_it.o(i.SVC_Handler)
    i.SysTick_Handler                        0x08102132   Section        0  stm32h7xx_it.o(i.SysTick_Handler)
    i.SystemInit                             0x08102138   Section        0  system_stm32h7xx_dualcore_boot_cm4_cm7.o(i.SystemInit)
    i.TIM_Base_SetConfig                     0x08102154   Section        0  stm32h7xx_hal_tim.o(i.TIM_Base_SetConfig)
    i.TIM_OC1_SetConfig                      0x08102224   Section        0  stm32h7xx_hal_tim.o(i.TIM_OC1_SetConfig)
    TIM_OC1_SetConfig                        0x08102225   Thumb Code   132  stm32h7xx_hal_tim.o(i.TIM_OC1_SetConfig)
    i.TIM_OC2_SetConfig                      0x081022c0   Section        0  stm32h7xx_hal_tim.o(i.TIM_OC2_SetConfig)
    i.TIM_OC3_SetConfig                      0x08102350   Section        0  stm32h7xx_hal_tim.o(i.TIM_OC3_SetConfig)
    TIM_OC3_SetConfig                        0x08102351   Thumb Code   118  stm32h7xx_hal_tim.o(i.TIM_OC3_SetConfig)
    i.TIM_OC4_SetConfig                      0x081023e0   Section        0  stm32h7xx_hal_tim.o(i.TIM_OC4_SetConfig)
    TIM_OC4_SetConfig                        0x081023e1   Thumb Code    92  stm32h7xx_hal_tim.o(i.TIM_OC4_SetConfig)
    i.TIM_OC5_SetConfig                      0x08102454   Section        0  stm32h7xx_hal_tim.o(i.TIM_OC5_SetConfig)
    TIM_OC5_SetConfig                        0x08102455   Thumb Code    86  stm32h7xx_hal_tim.o(i.TIM_OC5_SetConfig)
    i.TIM_OC6_SetConfig                      0x081024c4   Section        0  stm32h7xx_hal_tim.o(i.TIM_OC6_SetConfig)
    TIM_OC6_SetConfig                        0x081024c5   Thumb Code    88  stm32h7xx_hal_tim.o(i.TIM_OC6_SetConfig)
    i.TIM_TI1_SetConfig                      0x08102534   Section        0  stm32h7xx_hal_tim.o(i.TIM_TI1_SetConfig)
    i.TIM_TI2_SetConfig                      0x081025b4   Section        0  stm32h7xx_hal_tim.o(i.TIM_TI2_SetConfig)
    TIM_TI2_SetConfig                        0x081025b5   Thumb Code    54  stm32h7xx_hal_tim.o(i.TIM_TI2_SetConfig)
    i.UsageFault_Handler                     0x081025ea   Section        0  stm32h7xx_it.o(i.UsageFault_Handler)
    i.__NVIC_SetPriority                     0x081025ec   Section        0  stm32h7xx_hal_cortex.o(i.__NVIC_SetPriority)
    __NVIC_SetPriority                       0x081025ed   Thumb Code    32  stm32h7xx_hal_cortex.o(i.__NVIC_SetPriority)
    i.main                                   0x0810260c   Section        0  main.o(i.main)
    x$fpl$fpinit                             0x08102674   Section       10  fpinit.o(x$fpl$fpinit)
    $v0                                      0x08102674   Number         0  fpinit.o(x$fpl$fpinit)
    .constdata                               0x0810267e   Section       16  system_stm32h7xx_dualcore_boot_cm4_cm7.o(.constdata)
    .data                                    0x10000000   Section       12  stm32h7xx_hal.o(.data)
    .data                                    0x1000000c   Section        8  system_stm32h7xx_dualcore_boot_cm4_cm7.o(.data)
    .bss                                     0x10000014   Section       36  rtc.o(.bss)
    .bss                                     0x10000038   Section      152  tim.o(.bss)
    .bss                                     0x100000d0   Section       96  libspace.o(.bss)
    HEAP                                     0x10000130   Section      512  startup_stm32h747xx_cm4.o(HEAP)
    Heap_Mem                                 0x10000130   Data         512  startup_stm32h747xx_cm4.o(HEAP)
    STACK                                    0x10000330   Section     1024  startup_stm32h747xx_cm4.o(STACK)
    Stack_Mem                                0x10000330   Data        1024  startup_stm32h747xx_cm4.o(STACK)
    __initial_sp                             0x10000730   Data           0  startup_stm32h747xx_cm4.o(STACK)

    Global Symbols

    Symbol Name                              Value     Ov Type        Size  Object(Section)

    BuildAttributes$$THM_ISAv4$E$P$D$K$B$S$7EM$VFPi3$EXTD16$VFPS$VFMA$PE$A:L22UL41UL21$X:L11$S22US41US21$IEEE1$IW$USESV6$~STKCKD$USESV7$~SHL$OSPACE$ROPI$EBA8$UX$STANDARDLIB$REQ8$PRES8$EABIv2 0x00000000   Number         0  anon$$obj.o ABSOLUTE
    __ARM_use_no_argv                        0x00000000   Number         0  main.o ABSOLUTE
    __ARM_exceptions_init                     - Undefined Weak Reference
    __alloca_initialize                       - Undefined Weak Reference
    __arm_preinit_                            - Undefined Weak Reference
    __cpp_initialize__aeabi_                  - Undefined Weak Reference
    __cxa_finalize                            - Undefined Weak Reference
    __rt_locale                               - Undefined Weak Reference
    __sigvec_lookup                           - Undefined Weak Reference
    _atexit_init                              - Undefined Weak Reference
    _call_atexit_fns                          - Undefined Weak Reference
    _clock_init                               - Undefined Weak Reference
    _fp_trap_init                             - Undefined Weak Reference
    _fp_trap_shutdown                         - Undefined Weak Reference
    _get_lc_collate                           - Undefined Weak Reference
    _get_lc_ctype                             - Undefined Weak Reference
    _get_lc_monetary                          - Undefined Weak Reference
    _get_lc_numeric                           - Undefined Weak Reference
    _get_lc_time                              - Undefined Weak Reference
    _getenv_init                              - Undefined Weak Reference
    _handle_redirection                       - Undefined Weak Reference
    _init_alloc                               - Undefined Weak Reference
    _init_user_alloc                          - Undefined Weak Reference
    _initio                                   - Undefined Weak Reference
    _rand_init                                - Undefined Weak Reference
    _signal_finish                            - Undefined Weak Reference
    _signal_init                              - Undefined Weak Reference
    _terminate_alloc                          - Undefined Weak Reference
    _terminate_user_alloc                     - Undefined Weak Reference
    _terminateio                              - Undefined Weak Reference
    __Vectors_Size                           0x00000298   Number         0  startup_stm32h747xx_cm4.o ABSOLUTE
    __Vectors                                0x08100000   Data           4  startup_stm32h747xx_cm4.o(RESET)
    __Vectors_End                            0x08100298   Data           0  startup_stm32h747xx_cm4.o(RESET)
    __main                                   0x08100299   Thumb Code     8  __main.o(!!!main)
    __scatterload                            0x081002a1   Thumb Code     0  __scatter.o(!!!scatter)
    __scatterload_rt2                        0x081002a1   Thumb Code    44  __scatter.o(!!!scatter)
    __scatterload_rt2_thumb_only             0x081002a1   Thumb Code     0  __scatter.o(!!!scatter)
    __scatterload_null                       0x081002af   Thumb Code     0  __scatter.o(!!!scatter)
    __scatterload_copy                       0x081002d5   Thumb Code    26  __scatter_copy.o(!!handler_copy)
    __scatterload_zeroinit                   0x081002f1   Thumb Code    28  __scatter_zi.o(!!handler_zi)
    __rt_lib_init                            0x0810030d   Thumb Code     0  libinit.o(.ARM.Collect$$libinit$$00000000)
    __rt_lib_init_fp_1                       0x0810030f   Thumb Code     0  libinit2.o(.ARM.Collect$$libinit$$00000001)
    __rt_lib_init_alloca_1                   0x08100313   Thumb Code     0  libinit2.o(.ARM.Collect$$libinit$$0000002E)
    __rt_lib_init_argv_1                     0x08100313   Thumb Code     0  libinit2.o(.ARM.Collect$$libinit$$0000002C)
    __rt_lib_init_atexit_1                   0x08100313   Thumb Code     0  libinit2.o(.ARM.Collect$$libinit$$0000001B)
    __rt_lib_init_clock_1                    0x08100313   Thumb Code     0  libinit2.o(.ARM.Collect$$libinit$$00000021)
    __rt_lib_init_cpp_1                      0x08100313   Thumb Code     0  libinit2.o(.ARM.Collect$$libinit$$00000032)
    __rt_lib_init_exceptions_1               0x08100313   Thumb Code     0  libinit2.o(.ARM.Collect$$libinit$$00000030)
    __rt_lib_init_fp_trap_1                  0x08100313   Thumb Code     0  libinit2.o(.ARM.Collect$$libinit$$0000001F)
    __rt_lib_init_getenv_1                   0x08100313   Thumb Code     0  libinit2.o(.ARM.Collect$$libinit$$00000023)
    __rt_lib_init_heap_1                     0x08100313   Thumb Code     0  libinit2.o(.ARM.Collect$$libinit$$0000000A)
    __rt_lib_init_lc_collate_1               0x08100313   Thumb Code     0  libinit2.o(.ARM.Collect$$libinit$$00000011)
    __rt_lib_init_lc_ctype_1                 0x08100313   Thumb Code     0  libinit2.o(.ARM.Collect$$libinit$$00000013)
    __rt_lib_init_lc_monetary_1              0x08100313   Thumb Code     0  libinit2.o(.ARM.Collect$$libinit$$00000015)
    __rt_lib_init_lc_numeric_1               0x08100313   Thumb Code     0  libinit2.o(.ARM.Collect$$libinit$$00000017)
    __rt_lib_init_lc_time_1                  0x08100313   Thumb Code     0  libinit2.o(.ARM.Collect$$libinit$$00000019)
    __rt_lib_init_preinit_1                  0x08100313   Thumb Code     0  libinit2.o(.ARM.Collect$$libinit$$00000004)
    __rt_lib_init_rand_1                     0x08100313   Thumb Code     0  libinit2.o(.ARM.Collect$$libinit$$0000000E)
    __rt_lib_init_return                     0x08100313   Thumb Code     0  libinit2.o(.ARM.Collect$$libinit$$00000033)
    __rt_lib_init_signal_1                   0x08100313   Thumb Code     0  libinit2.o(.ARM.Collect$$libinit$$0000001D)
    __rt_lib_init_stdio_1                    0x08100313   Thumb Code     0  libinit2.o(.ARM.Collect$$libinit$$00000025)
    __rt_lib_init_user_alloc_1               0x08100313   Thumb Code     0  libinit2.o(.ARM.Collect$$libinit$$0000000C)
    __rt_lib_shutdown                        0x08100315   Thumb Code     0  libshutdown.o(.ARM.Collect$$libshutdown$$00000000)
    __rt_lib_shutdown_cpp_1                  0x08100317   Thumb Code     0  libshutdown2.o(.ARM.Collect$$libshutdown$$00000002)
    __rt_lib_shutdown_fp_trap_1              0x08100317   Thumb Code     0  libshutdown2.o(.ARM.Collect$$libshutdown$$00000007)
    __rt_lib_shutdown_heap_1                 0x08100317   Thumb Code     0  libshutdown2.o(.ARM.Collect$$libshutdown$$0000000F)
    __rt_lib_shutdown_return                 0x08100317   Thumb Code     0  libshutdown2.o(.ARM.Collect$$libshutdown$$00000010)
    __rt_lib_shutdown_signal_1               0x08100317   Thumb Code     0  libshutdown2.o(.ARM.Collect$$libshutdown$$0000000A)
    __rt_lib_shutdown_stdio_1                0x08100317   Thumb Code     0  libshutdown2.o(.ARM.Collect$$libshutdown$$00000004)
    __rt_lib_shutdown_user_alloc_1           0x08100317   Thumb Code     0  libshutdown2.o(.ARM.Collect$$libshutdown$$0000000C)
    __rt_entry                               0x08100319   Thumb Code     0  __rtentry.o(.ARM.Collect$$rtentry$$00000000)
    __rt_entry_presh_1                       0x08100319   Thumb Code     0  __rtentry2.o(.ARM.Collect$$rtentry$$00000002)
    __rt_entry_sh                            0x08100319   Thumb Code     0  __rtentry4.o(.ARM.Collect$$rtentry$$00000004)
    __rt_entry_li                            0x0810031f   Thumb Code     0  __rtentry2.o(.ARM.Collect$$rtentry$$0000000A)
    __rt_entry_postsh_1                      0x0810031f   Thumb Code     0  __rtentry2.o(.ARM.Collect$$rtentry$$00000009)
    __rt_entry_main                          0x08100323   Thumb Code     0  __rtentry2.o(.ARM.Collect$$rtentry$$0000000D)
    __rt_entry_postli_1                      0x08100323   Thumb Code     0  __rtentry2.o(.ARM.Collect$$rtentry$$0000000C)
    __rt_exit                                0x0810032b   Thumb Code     0  rtexit.o(.ARM.Collect$$rtexit$$00000000)
    __rt_exit_ls                             0x0810032d   Thumb Code     0  rtexit2.o(.ARM.Collect$$rtexit$$00000003)
    __rt_exit_prels_1                        0x0810032d   Thumb Code     0  rtexit2.o(.ARM.Collect$$rtexit$$00000002)
    __rt_exit_exit                           0x08100331   Thumb Code     0  rtexit2.o(.ARM.Collect$$rtexit$$00000004)
    Reset_Handler                            0x08100339   Thumb Code     8  startup_stm32h747xx_cm4.o(.text)
    ADC3_IRQHandler                          0x08100353   Thumb Code     0  startup_stm32h747xx_cm4.o(.text)
    ADC_IRQHandler                           0x08100353   Thumb Code     0  startup_stm32h747xx_cm4.o(.text)
    BDMA_Channel0_IRQHandler                 0x08100353   Thumb Code     0  startup_stm32h747xx_cm4.o(.text)
    BDMA_Channel1_IRQHandler                 0x08100353   Thumb Code     0  startup_stm32h747xx_cm4.o(.text)
    BDMA_Channel2_IRQHandler                 0x08100353   Thumb Code     0  startup_stm32h747xx_cm4.o(.text)
    BDMA_Channel3_IRQHandler                 0x08100353   Thumb Code     0  startup_stm32h747xx_cm4.o(.text)
    BDMA_Channel4_IRQHandler                 0x08100353   Thumb Code     0  startup_stm32h747xx_cm4.o(.text)
    BDMA_Channel5_IRQHandler                 0x08100353   Thumb Code     0  startup_stm32h747xx_cm4.o(.text)
    BDMA_Channel6_IRQHandler                 0x08100353   Thumb Code     0  startup_stm32h747xx_cm4.o(.text)
    BDMA_Channel7_IRQHandler                 0x08100353   Thumb Code     0  startup_stm32h747xx_cm4.o(.text)
    CEC_IRQHandler                           0x08100353   Thumb Code     0  startup_stm32h747xx_cm4.o(.text)
    CM4_SEV_IRQHandler                       0x08100353   Thumb Code     0  startup_stm32h747xx_cm4.o(.text)
    CM7_SEV_IRQHandler                       0x08100353   Thumb Code     0  startup_stm32h747xx_cm4.o(.text)
    COMP1_IRQHandler                         0x08100353   Thumb Code     0  startup_stm32h747xx_cm4.o(.text)
    CRS_IRQHandler                           0x08100353   Thumb Code     0  startup_stm32h747xx_cm4.o(.text)
    DCMI_IRQHandler                          0x08100353   Thumb Code     0  startup_stm32h747xx_cm4.o(.text)
    DFSDM1_FLT0_IRQHandler                   0x08100353   Thumb Code     0  startup_stm32h747xx_cm4.o(.text)
    DFSDM1_FLT1_IRQHandler                   0x08100353   Thumb Code     0  startup_stm32h747xx_cm4.o(.text)
    DFSDM1_FLT2_IRQHandler                   0x08100353   Thumb Code     0  startup_stm32h747xx_cm4.o(.text)
    DFSDM1_FLT3_IRQHandler                   0x08100353   Thumb Code     0  startup_stm32h747xx_cm4.o(.text)
    DMA1_Stream0_IRQHandler                  0x08100353   Thumb Code     0  startup_stm32h747xx_cm4.o(.text)
    DMA1_Stream1_IRQHandler                  0x08100353   Thumb Code     0  startup_stm32h747xx_cm4.o(.text)
    DMA1_Stream2_IRQHandler                  0x08100353   Thumb Code     0  startup_stm32h747xx_cm4.o(.text)
    DMA1_Stream3_IRQHandler                  0x08100353   Thumb Code     0  startup_stm32h747xx_cm4.o(.text)
    DMA1_Stream4_IRQHandler                  0x08100353   Thumb Code     0  startup_stm32h747xx_cm4.o(.text)
    DMA1_Stream5_IRQHandler                  0x08100353   Thumb Code     0  startup_stm32h747xx_cm4.o(.text)
    DMA1_Stream6_IRQHandler                  0x08100353   Thumb Code     0  startup_stm32h747xx_cm4.o(.text)
    DMA1_Stream7_IRQHandler                  0x08100353   Thumb Code     0  startup_stm32h747xx_cm4.o(.text)
    DMA2D_IRQHandler                         0x08100353   Thumb Code     0  startup_stm32h747xx_cm4.o(.text)
    DMA2_Stream0_IRQHandler                  0x08100353   Thumb Code     0  startup_stm32h747xx_cm4.o(.text)
    DMA2_Stream1_IRQHandler                  0x08100353   Thumb Code     0  startup_stm32h747xx_cm4.o(.text)
    DMA2_Stream2_IRQHandler                  0x08100353   Thumb Code     0  startup_stm32h747xx_cm4.o(.text)
    DMA2_Stream3_IRQHandler                  0x08100353   Thumb Code     0  startup_stm32h747xx_cm4.o(.text)
    DMA2_Stream4_IRQHandler                  0x08100353   Thumb Code     0  startup_stm32h747xx_cm4.o(.text)
    DMA2_Stream5_IRQHandler                  0x08100353   Thumb Code     0  startup_stm32h747xx_cm4.o(.text)
    DMA2_Stream6_IRQHandler                  0x08100353   Thumb Code     0  startup_stm32h747xx_cm4.o(.text)
    DMA2_Stream7_IRQHandler                  0x08100353   Thumb Code     0  startup_stm32h747xx_cm4.o(.text)
    DMAMUX1_OVR_IRQHandler                   0x08100353   Thumb Code     0  startup_stm32h747xx_cm4.o(.text)
    DMAMUX2_OVR_IRQHandler                   0x08100353   Thumb Code     0  startup_stm32h747xx_cm4.o(.text)
    DSI_IRQHandler                           0x08100353   Thumb Code     0  startup_stm32h747xx_cm4.o(.text)
    ECC_IRQHandler                           0x08100353   Thumb Code     0  startup_stm32h747xx_cm4.o(.text)
    ETH_IRQHandler                           0x08100353   Thumb Code     0  startup_stm32h747xx_cm4.o(.text)
    ETH_WKUP_IRQHandler                      0x08100353   Thumb Code     0  startup_stm32h747xx_cm4.o(.text)
    EXTI0_IRQHandler                         0x08100353   Thumb Code     0  startup_stm32h747xx_cm4.o(.text)
    EXTI15_10_IRQHandler                     0x08100353   Thumb Code     0  startup_stm32h747xx_cm4.o(.text)
    EXTI1_IRQHandler                         0x08100353   Thumb Code     0  startup_stm32h747xx_cm4.o(.text)
    EXTI2_IRQHandler                         0x08100353   Thumb Code     0  startup_stm32h747xx_cm4.o(.text)
    EXTI3_IRQHandler                         0x08100353   Thumb Code     0  startup_stm32h747xx_cm4.o(.text)
    EXTI4_IRQHandler                         0x08100353   Thumb Code     0  startup_stm32h747xx_cm4.o(.text)
    EXTI9_5_IRQHandler                       0x08100353   Thumb Code     0  startup_stm32h747xx_cm4.o(.text)
    FDCAN1_IT0_IRQHandler                    0x08100353   Thumb Code     0  startup_stm32h747xx_cm4.o(.text)
    FDCAN1_IT1_IRQHandler                    0x08100353   Thumb Code     0  startup_stm32h747xx_cm4.o(.text)
    FDCAN2_IT0_IRQHandler                    0x08100353   Thumb Code     0  startup_stm32h747xx_cm4.o(.text)
    FDCAN2_IT1_IRQHandler                    0x08100353   Thumb Code     0  startup_stm32h747xx_cm4.o(.text)
    FDCAN_CAL_IRQHandler                     0x08100353   Thumb Code     0  startup_stm32h747xx_cm4.o(.text)
    FLASH_IRQHandler                         0x08100353   Thumb Code     0  startup_stm32h747xx_cm4.o(.text)
    FMC_IRQHandler                           0x08100353   Thumb Code     0  startup_stm32h747xx_cm4.o(.text)
    FPU_IRQHandler                           0x08100353   Thumb Code     0  startup_stm32h747xx_cm4.o(.text)
    HOLD_CORE_IRQHandler                     0x08100353   Thumb Code     0  startup_stm32h747xx_cm4.o(.text)
    HRTIM1_FLT_IRQHandler                    0x08100353   Thumb Code     0  startup_stm32h747xx_cm4.o(.text)
    HRTIM1_Master_IRQHandler                 0x08100353   Thumb Code     0  startup_stm32h747xx_cm4.o(.text)
    HRTIM1_TIMA_IRQHandler                   0x08100353   Thumb Code     0  startup_stm32h747xx_cm4.o(.text)
    HRTIM1_TIMB_IRQHandler                   0x08100353   Thumb Code     0  startup_stm32h747xx_cm4.o(.text)
    HRTIM1_TIMC_IRQHandler                   0x08100353   Thumb Code     0  startup_stm32h747xx_cm4.o(.text)
    HRTIM1_TIMD_IRQHandler                   0x08100353   Thumb Code     0  startup_stm32h747xx_cm4.o(.text)
    HRTIM1_TIME_IRQHandler                   0x08100353   Thumb Code     0  startup_stm32h747xx_cm4.o(.text)
    HSEM1_IRQHandler                         0x08100353   Thumb Code     0  startup_stm32h747xx_cm4.o(.text)
    HSEM2_IRQHandler                         0x08100353   Thumb Code     0  startup_stm32h747xx_cm4.o(.text)
    I2C1_ER_IRQHandler                       0x08100353   Thumb Code     0  startup_stm32h747xx_cm4.o(.text)
    I2C1_EV_IRQHandler                       0x08100353   Thumb Code     0  startup_stm32h747xx_cm4.o(.text)
    I2C2_ER_IRQHandler                       0x08100353   Thumb Code     0  startup_stm32h747xx_cm4.o(.text)
    I2C2_EV_IRQHandler                       0x08100353   Thumb Code     0  startup_stm32h747xx_cm4.o(.text)
    I2C3_ER_IRQHandler                       0x08100353   Thumb Code     0  startup_stm32h747xx_cm4.o(.text)
    I2C3_EV_IRQHandler                       0x08100353   Thumb Code     0  startup_stm32h747xx_cm4.o(.text)
    I2C4_ER_IRQHandler                       0x08100353   Thumb Code     0  startup_stm32h747xx_cm4.o(.text)
    I2C4_EV_IRQHandler                       0x08100353   Thumb Code     0  startup_stm32h747xx_cm4.o(.text)
    JPEG_IRQHandler                          0x08100353   Thumb Code     0  startup_stm32h747xx_cm4.o(.text)
    LPTIM1_IRQHandler                        0x08100353   Thumb Code     0  startup_stm32h747xx_cm4.o(.text)
    LPTIM2_IRQHandler                        0x08100353   Thumb Code     0  startup_stm32h747xx_cm4.o(.text)
    LPTIM3_IRQHandler                        0x08100353   Thumb Code     0  startup_stm32h747xx_cm4.o(.text)
    LPTIM4_IRQHandler                        0x08100353   Thumb Code     0  startup_stm32h747xx_cm4.o(.text)
    LPTIM5_IRQHandler                        0x08100353   Thumb Code     0  startup_stm32h747xx_cm4.o(.text)
    LPUART1_IRQHandler                       0x08100353   Thumb Code     0  startup_stm32h747xx_cm4.o(.text)
    LTDC_ER_IRQHandler                       0x08100353   Thumb Code     0  startup_stm32h747xx_cm4.o(.text)
    LTDC_IRQHandler                          0x08100353   Thumb Code     0  startup_stm32h747xx_cm4.o(.text)
    MDIOS_IRQHandler                         0x08100353   Thumb Code     0  startup_stm32h747xx_cm4.o(.text)
    MDIOS_WKUP_IRQHandler                    0x08100353   Thumb Code     0  startup_stm32h747xx_cm4.o(.text)
    MDMA_IRQHandler                          0x08100353   Thumb Code     0  startup_stm32h747xx_cm4.o(.text)
    OTG_FS_EP1_IN_IRQHandler                 0x08100353   Thumb Code     0  startup_stm32h747xx_cm4.o(.text)
    OTG_FS_EP1_OUT_IRQHandler                0x08100353   Thumb Code     0  startup_stm32h747xx_cm4.o(.text)
    OTG_FS_IRQHandler                        0x08100353   Thumb Code     0  startup_stm32h747xx_cm4.o(.text)
    OTG_FS_WKUP_IRQHandler                   0x08100353   Thumb Code     0  startup_stm32h747xx_cm4.o(.text)
    OTG_HS_EP1_IN_IRQHandler                 0x08100353   Thumb Code     0  startup_stm32h747xx_cm4.o(.text)
    OTG_HS_EP1_OUT_IRQHandler                0x08100353   Thumb Code     0  startup_stm32h747xx_cm4.o(.text)
    OTG_HS_IRQHandler                        0x08100353   Thumb Code     0  startup_stm32h747xx_cm4.o(.text)
    OTG_HS_WKUP_IRQHandler                   0x08100353   Thumb Code     0  startup_stm32h747xx_cm4.o(.text)
    PVD_AVD_IRQHandler                       0x08100353   Thumb Code     0  startup_stm32h747xx_cm4.o(.text)
    QUADSPI_IRQHandler                       0x08100353   Thumb Code     0  startup_stm32h747xx_cm4.o(.text)
    RCC_IRQHandler                           0x08100353   Thumb Code     0  startup_stm32h747xx_cm4.o(.text)
    RNG_IRQHandler                           0x08100353   Thumb Code     0  startup_stm32h747xx_cm4.o(.text)
    RTC_Alarm_IRQHandler                     0x08100353   Thumb Code     0  startup_stm32h747xx_cm4.o(.text)
    RTC_WKUP_IRQHandler                      0x08100353   Thumb Code     0  startup_stm32h747xx_cm4.o(.text)
    SAI1_IRQHandler                          0x08100353   Thumb Code     0  startup_stm32h747xx_cm4.o(.text)
    SAI2_IRQHandler                          0x08100353   Thumb Code     0  startup_stm32h747xx_cm4.o(.text)
    SAI3_IRQHandler                          0x08100353   Thumb Code     0  startup_stm32h747xx_cm4.o(.text)
    SAI4_IRQHandler                          0x08100353   Thumb Code     0  startup_stm32h747xx_cm4.o(.text)
    SDMMC1_IRQHandler                        0x08100353   Thumb Code     0  startup_stm32h747xx_cm4.o(.text)
    SDMMC2_IRQHandler                        0x08100353   Thumb Code     0  startup_stm32h747xx_cm4.o(.text)
    SPDIF_RX_IRQHandler                      0x08100353   Thumb Code     0  startup_stm32h747xx_cm4.o(.text)
    SPI1_IRQHandler                          0x08100353   Thumb Code     0  startup_stm32h747xx_cm4.o(.text)
    SPI2_IRQHandler                          0x08100353   Thumb Code     0  startup_stm32h747xx_cm4.o(.text)
    SPI3_IRQHandler                          0x08100353   Thumb Code     0  startup_stm32h747xx_cm4.o(.text)
    SPI4_IRQHandler                          0x08100353   Thumb Code     0  startup_stm32h747xx_cm4.o(.text)
    SPI5_IRQHandler                          0x08100353   Thumb Code     0  startup_stm32h747xx_cm4.o(.text)
    SPI6_IRQHandler                          0x08100353   Thumb Code     0  startup_stm32h747xx_cm4.o(.text)
    SWPMI1_IRQHandler                        0x08100353   Thumb Code     0  startup_stm32h747xx_cm4.o(.text)
    TAMP_STAMP_IRQHandler                    0x08100353   Thumb Code     0  startup_stm32h747xx_cm4.o(.text)
    TIM15_IRQHandler                         0x08100353   Thumb Code     0  startup_stm32h747xx_cm4.o(.text)
    TIM16_IRQHandler                         0x08100353   Thumb Code     0  startup_stm32h747xx_cm4.o(.text)
    TIM17_IRQHandler                         0x08100353   Thumb Code     0  startup_stm32h747xx_cm4.o(.text)
    TIM1_BRK_IRQHandler                      0x08100353   Thumb Code     0  startup_stm32h747xx_cm4.o(.text)
    TIM1_CC_IRQHandler                       0x08100353   Thumb Code     0  startup_stm32h747xx_cm4.o(.text)
    TIM1_TRG_COM_IRQHandler                  0x08100353   Thumb Code     0  startup_stm32h747xx_cm4.o(.text)
    TIM1_UP_IRQHandler                       0x08100353   Thumb Code     0  startup_stm32h747xx_cm4.o(.text)
    TIM2_IRQHandler                          0x08100353   Thumb Code     0  startup_stm32h747xx_cm4.o(.text)
    TIM3_IRQHandler                          0x08100353   Thumb Code     0  startup_stm32h747xx_cm4.o(.text)
    TIM4_IRQHandler                          0x08100353   Thumb Code     0  startup_stm32h747xx_cm4.o(.text)
    TIM5_IRQHandler                          0x08100353   Thumb Code     0  startup_stm32h747xx_cm4.o(.text)
    TIM6_DAC_IRQHandler                      0x08100353   Thumb Code     0  startup_stm32h747xx_cm4.o(.text)
    TIM7_IRQHandler                          0x08100353   Thumb Code     0  startup_stm32h747xx_cm4.o(.text)
    TIM8_BRK_TIM12_IRQHandler                0x08100353   Thumb Code     0  startup_stm32h747xx_cm4.o(.text)
    TIM8_CC_IRQHandler                       0x08100353   Thumb Code     0  startup_stm32h747xx_cm4.o(.text)
    TIM8_TRG_COM_TIM14_IRQHandler            0x08100353   Thumb Code     0  startup_stm32h747xx_cm4.o(.text)
    TIM8_UP_TIM13_IRQHandler                 0x08100353   Thumb Code     0  startup_stm32h747xx_cm4.o(.text)
    UART4_IRQHandler                         0x08100353   Thumb Code     0  startup_stm32h747xx_cm4.o(.text)
    UART5_IRQHandler                         0x08100353   Thumb Code     0  startup_stm32h747xx_cm4.o(.text)
    UART7_IRQHandler                         0x08100353   Thumb Code     0  startup_stm32h747xx_cm4.o(.text)
    UART8_IRQHandler                         0x08100353   Thumb Code     0  startup_stm32h747xx_cm4.o(.text)
    USART1_IRQHandler                        0x08100353   Thumb Code     0  startup_stm32h747xx_cm4.o(.text)
    USART2_IRQHandler                        0x08100353   Thumb Code     0  startup_stm32h747xx_cm4.o(.text)
    USART3_IRQHandler                        0x08100353   Thumb Code     0  startup_stm32h747xx_cm4.o(.text)
    USART6_IRQHandler                        0x08100353   Thumb Code     0  startup_stm32h747xx_cm4.o(.text)
    WAKEUP_PIN_IRQHandler                    0x08100353   Thumb Code     0  startup_stm32h747xx_cm4.o(.text)
    WWDG_IRQHandler                          0x08100353   Thumb Code     0  startup_stm32h747xx_cm4.o(.text)
    WWDG_RST_IRQHandler                      0x08100353   Thumb Code     0  startup_stm32h747xx_cm4.o(.text)
    __user_initial_stackheap                 0x08100355   Thumb Code     0  startup_stm32h747xx_cm4.o(.text)
    __aeabi_memclr4                          0x08100379   Thumb Code     0  rt_memclr_w.o(.text)
    __aeabi_memclr8                          0x08100379   Thumb Code     0  rt_memclr_w.o(.text)
    __rt_memclr_w                            0x08100379   Thumb Code    78  rt_memclr_w.o(.text)
    _memset_w                                0x0810037d   Thumb Code     0  rt_memclr_w.o(.text)
    __use_two_region_memory                  0x081003c7   Thumb Code     2  heapauxi.o(.text)
    __rt_heap_escrow$2region                 0x081003c9   Thumb Code     2  heapauxi.o(.text)
    __rt_heap_expand$2region                 0x081003cb   Thumb Code     2  heapauxi.o(.text)
    __user_setup_stackheap                   0x081003cd   Thumb Code    74  sys_stackheap_outer.o(.text)
    exit                                     0x08100417   Thumb Code    18  exit.o(.text)
    __user_libspace                          0x08100429   Thumb Code     8  libspace.o(.text)
    __user_perproc_libspace                  0x08100429   Thumb Code     0  libspace.o(.text)
    __user_perthread_libspace                0x08100429   Thumb Code     0  libspace.o(.text)
    _sys_exit                                0x08100431   Thumb Code     8  sys_exit.o(.text)
    __I$use$semihosting                      0x0810043d   Thumb Code     0  use_no_semi.o(.text)
    __use_no_semihosting_swi                 0x0810043d   Thumb Code     2  use_no_semi.o(.text)
    BusFault_Handler                         0x0810043f   Thumb Code     2  stm32h7xx_it.o(i.BusFault_Handler)
    __semihosting_library_function           0x0810043f   Thumb Code     0  indicate_semi.o(.text)
    DebugMon_Handler                         0x08100441   Thumb Code     2  stm32h7xx_it.o(i.DebugMon_Handler)
    Error_Handler                            0x08100443   Thumb Code     4  main.o(i.Error_Handler)
    HAL_GPIO_Init                            0x08100449   Thumb Code   548  stm32h7xx_hal_gpio.o(i.HAL_GPIO_Init)
    HAL_GetCurrentCPUID                      0x0810069d   Thumb Code    20  stm32h7xx_hal_cortex.o(i.HAL_GetCurrentCPUID)
    HAL_GetTick                              0x081006b5   Thumb Code     6  stm32h7xx_hal.o(i.HAL_GetTick)
    HAL_HSEM_ActivateNotification            0x081006c1   Thumb Code    10  stm32h7xx_hal_hsem.o(i.HAL_HSEM_ActivateNotification)
    HAL_IncTick                              0x081006d1   Thumb Code    12  stm32h7xx_hal.o(i.HAL_IncTick)
    HAL_Init                                 0x081006e1   Thumb Code   114  stm32h7xx_hal.o(i.HAL_Init)
    HAL_InitTick                             0x0810076d   Thumb Code    56  stm32h7xx_hal.o(i.HAL_InitTick)
    HAL_MspInit                              0x081007ad   Thumb Code    22  stm32h7xx_hal_msp.o(i.HAL_MspInit)
    HAL_NVIC_SetPriority                     0x081007c9   Thumb Code    60  stm32h7xx_hal_cortex.o(i.HAL_NVIC_SetPriority)
    HAL_NVIC_SetPriorityGrouping             0x08100809   Thumb Code    26  stm32h7xx_hal_cortex.o(i.HAL_NVIC_SetPriorityGrouping)
    HAL_PWREx_ClearPendingEvent              0x0810082d   Thumb Code    16  stm32h7xx_hal_pwr_ex.o(i.HAL_PWREx_ClearPendingEvent)
    HAL_PWREx_EnterSTOPMode                  0x0810083d   Thumb Code   134  stm32h7xx_hal_pwr_ex.o(i.HAL_PWREx_EnterSTOPMode)
    HAL_RCCEx_PeriphCLKConfig                0x081008cd   Thumb Code  2528  stm32h7xx_hal_rcc_ex.o(i.HAL_RCCEx_PeriphCLKConfig)
    HAL_RCC_GetSysClockFreq                  0x081012b1   Thumb Code   270  stm32h7xx_hal_rcc.o(i.HAL_RCC_GetSysClockFreq)
    HAL_RTCEx_SetTamper                      0x081013e1   Thumb Code   208  stm32h7xx_hal_rtc_ex.o(i.HAL_RTCEx_SetTamper)
    HAL_RTC_Init                             0x081014b1   Thumb Code   154  stm32h7xx_hal_rtc.o(i.HAL_RTC_Init)
    HAL_RTC_MspInit                          0x08101551   Thumb Code    60  rtc.o(i.HAL_RTC_MspInit)
    HAL_RTC_WaitForSynchro                   0x08101595   Thumb Code    50  stm32h7xx_hal_rtc.o(i.HAL_RTC_WaitForSynchro)
    HAL_SYSCFG_AnalogSwitchConfig            0x081015cd   Thumb Code    12  stm32h7xx_hal.o(i.HAL_SYSCFG_AnalogSwitchConfig)
    HAL_SYSTICK_Config                       0x081015dd   Thumb Code    40  stm32h7xx_hal_cortex.o(i.HAL_SYSTICK_Config)
    HAL_TIMEx_ConfigBreakDeadTime            0x08101605   Thumb Code   132  stm32h7xx_hal_tim_ex.o(i.HAL_TIMEx_ConfigBreakDeadTime)
    HAL_TIMEx_MasterConfigSynchronization    0x08101691   Thumb Code   136  stm32h7xx_hal_tim_ex.o(i.HAL_TIMEx_MasterConfigSynchronization)
    HAL_TIM_Base_Init                        0x08101735   Thumb Code    98  stm32h7xx_hal_tim.o(i.HAL_TIM_Base_Init)
    HAL_TIM_Base_MspInit                     0x08101799   Thumb Code    92  tim.o(i.HAL_TIM_Base_MspInit)
    HAL_TIM_IC_ConfigChannel                 0x08101801   Thumb Code   292  stm32h7xx_hal_tim.o(i.HAL_TIM_IC_ConfigChannel)
    HAL_TIM_IC_Init                          0x08101925   Thumb Code    98  stm32h7xx_hal_tim.o(i.HAL_TIM_IC_Init)
    HAL_TIM_IC_MspInit                       0x08101987   Thumb Code     2  stm32h7xx_hal_tim.o(i.HAL_TIM_IC_MspInit)
    HAL_TIM_MspPostInit                      0x08101989   Thumb Code    70  tim.o(i.HAL_TIM_MspPostInit)
    HAL_TIM_OC_ConfigChannel                 0x081019dd   Thumb Code   110  stm32h7xx_hal_tim.o(i.HAL_TIM_OC_ConfigChannel)
    HAL_TIM_OC_Init                          0x08101a4b   Thumb Code    98  stm32h7xx_hal_tim.o(i.HAL_TIM_OC_Init)
    HAL_TIM_OC_MspInit                       0x08101aad   Thumb Code    30  tim.o(i.HAL_TIM_OC_MspInit)
    HardFault_Handler                        0x08101ad5   Thumb Code     2  stm32h7xx_it.o(i.HardFault_Handler)
    MX_GPIO_Init                             0x08101ad9   Thumb Code   514  gpio.o(i.MX_GPIO_Init)
    MX_RTC_Init                              0x08101cf9   Thumb Code    90  rtc.o(i.MX_RTC_Init)
    MX_TIM13_Init                            0x08101d5d   Thumb Code    84  tim.o(i.MX_TIM13_Init)
    MX_TIM8_Init                             0x08101db9   Thumb Code   162  tim.o(i.MX_TIM8_Init)
    MemManage_Handler                        0x08101e65   Thumb Code     2  stm32h7xx_it.o(i.MemManage_Handler)
    NMI_Handler                              0x08101e67   Thumb Code     2  stm32h7xx_it.o(i.NMI_Handler)
    PendSV_Handler                           0x08101e69   Thumb Code     2  stm32h7xx_it.o(i.PendSV_Handler)
    RTC_EnterInitMode                        0x08102095   Thumb Code    70  stm32h7xx_hal_rtc.o(i.RTC_EnterInitMode)
    RTC_ExitInitMode                         0x081020dd   Thumb Code    80  stm32h7xx_hal_rtc.o(i.RTC_ExitInitMode)
    SVC_Handler                              0x08102131   Thumb Code     2  stm32h7xx_it.o(i.SVC_Handler)
    SysTick_Handler                          0x08102133   Thumb Code     4  stm32h7xx_it.o(i.SysTick_Handler)
    SystemInit                               0x08102139   Thumb Code    24  system_stm32h7xx_dualcore_boot_cm4_cm7.o(i.SystemInit)
    TIM_Base_SetConfig                       0x08102155   Thumb Code   174  stm32h7xx_hal_tim.o(i.TIM_Base_SetConfig)
    TIM_OC2_SetConfig                        0x081022c1   Thumb Code   120  stm32h7xx_hal_tim.o(i.TIM_OC2_SetConfig)
    TIM_TI1_SetConfig                        0x08102535   Thumb Code   100  stm32h7xx_hal_tim.o(i.TIM_TI1_SetConfig)
    UsageFault_Handler                       0x081025eb   Thumb Code     2  stm32h7xx_it.o(i.UsageFault_Handler)
    main                                     0x0810260d   Thumb Code    90  main.o(i.main)
    _fp_init                                 0x08102675   Thumb Code    10  fpinit.o(x$fpl$fpinit)
    __fplib_config_fpu_vfp                   0x0810267d   Thumb Code     0  fpinit.o(x$fpl$fpinit)
    __fplib_config_pureend_doubles           0x0810267d   Thumb Code     0  fpinit.o(x$fpl$fpinit)
    D1CorePrescTable                         0x0810267e   Data          16  system_stm32h7xx_dualcore_boot_cm4_cm7.o(.constdata)
    Region$$Table$$Base                      0x08102690   Number         0  anon$$obj.o(Region$$Table)
    Region$$Table$$Limit                     0x081026b0   Number         0  anon$$obj.o(Region$$Table)
    uwTickFreq                               0x10000000   Data           1  stm32h7xx_hal.o(.data)
    uwTickPrio                               0x10000004   Data           4  stm32h7xx_hal.o(.data)
    uwTick                                   0x10000008   Data           4  stm32h7xx_hal.o(.data)
    SystemCoreClock                          0x1000000c   Data           4  system_stm32h7xx_dualcore_boot_cm4_cm7.o(.data)
    SystemD2Clock                            0x10000010   Data           4  system_stm32h7xx_dualcore_boot_cm4_cm7.o(.data)
    hrtc                                     0x10000014   Data          36  rtc.o(.bss)
    htim8                                    0x10000038   Data          76  tim.o(.bss)
    htim13                                   0x10000084   Data          76  tim.o(.bss)
    __libspace_start                         0x100000d0   Data          96  libspace.o(.bss)
    __temporary_stack_top$libspace           0x10000130   Data           0  libspace.o(.bss)



==============================================================================

Memory Map of the image

  Image Entry point : 0x08100299

  Load Region LR_IROM1 (Base: 0x08100000, Size: 0x000026c4, Max: 0x00100000, ABSOLUTE)

    Execution Region ER_IROM1 (Exec base: 0x08100000, Load base: 0x08100000, Size: 0x000026b0, Max: 0x00100000, ABSOLUTE)

    Exec Addr    Load Addr    Size         Type   Attr      Idx    E Section Name        Object

    0x08100000   0x08100000   0x00000298   Data   RO            3    RESET               startup_stm32h747xx_cm4.o
    0x08100298   0x08100298   0x00000008   Code   RO         5157  * !!!main             c_w.l(__main.o)
    0x081002a0   0x081002a0   0x00000034   Code   RO         5324    !!!scatter          c_w.l(__scatter.o)
    0x081002d4   0x081002d4   0x0000001a   Code   RO         5326    !!handler_copy      c_w.l(__scatter_copy.o)
    0x081002ee   0x081002ee   0x00000002   PAD
    0x081002f0   0x081002f0   0x0000001c   Code   RO         5328    !!handler_zi        c_w.l(__scatter_zi.o)
    0x0810030c   0x0810030c   0x00000002   Code   RO         5194    .ARM.Collect$$libinit$$00000000  c_w.l(libinit.o)
    0x0810030e   0x0810030e   0x00000004   Code   RO         5206    .ARM.Collect$$libinit$$00000001  c_w.l(libinit2.o)
    0x08100312   0x08100312   0x00000000   Code   RO         5209    .ARM.Collect$$libinit$$00000004  c_w.l(libinit2.o)
    0x08100312   0x08100312   0x00000000   Code   RO         5212    .ARM.Collect$$libinit$$0000000A  c_w.l(libinit2.o)
    0x08100312   0x08100312   0x00000000   Code   RO         5214    .ARM.Collect$$libinit$$0000000C  c_w.l(libinit2.o)
    0x08100312   0x08100312   0x00000000   Code   RO         5216    .ARM.Collect$$libinit$$0000000E  c_w.l(libinit2.o)
    0x08100312   0x08100312   0x00000000   Code   RO         5219    .ARM.Collect$$libinit$$00000011  c_w.l(libinit2.o)
    0x08100312   0x08100312   0x00000000   Code   RO         5221    .ARM.Collect$$libinit$$00000013  c_w.l(libinit2.o)
    0x08100312   0x08100312   0x00000000   Code   RO         5223    .ARM.Collect$$libinit$$00000015  c_w.l(libinit2.o)
    0x08100312   0x08100312   0x00000000   Code   RO         5225    .ARM.Collect$$libinit$$00000017  c_w.l(libinit2.o)
    0x08100312   0x08100312   0x00000000   Code   RO         5227    .ARM.Collect$$libinit$$00000019  c_w.l(libinit2.o)
    0x08100312   0x08100312   0x00000000   Code   RO         5229    .ARM.Collect$$libinit$$0000001B  c_w.l(libinit2.o)
    0x08100312   0x08100312   0x00000000   Code   RO         5231    .ARM.Collect$$libinit$$0000001D  c_w.l(libinit2.o)
    0x08100312   0x08100312   0x00000000   Code   RO         5233    .ARM.Collect$$libinit$$0000001F  c_w.l(libinit2.o)
    0x08100312   0x08100312   0x00000000   Code   RO         5235    .ARM.Collect$$libinit$$00000021  c_w.l(libinit2.o)
    0x08100312   0x08100312   0x00000000   Code   RO         5237    .ARM.Collect$$libinit$$00000023  c_w.l(libinit2.o)
    0x08100312   0x08100312   0x00000000   Code   RO         5239    .ARM.Collect$$libinit$$00000025  c_w.l(libinit2.o)
    0x08100312   0x08100312   0x00000000   Code   RO         5243    .ARM.Collect$$libinit$$0000002C  c_w.l(libinit2.o)
    0x08100312   0x08100312   0x00000000   Code   RO         5245    .ARM.Collect$$libinit$$0000002E  c_w.l(libinit2.o)
    0x08100312   0x08100312   0x00000000   Code   RO         5247    .ARM.Collect$$libinit$$00000030  c_w.l(libinit2.o)
    0x08100312   0x08100312   0x00000000   Code   RO         5249    .ARM.Collect$$libinit$$00000032  c_w.l(libinit2.o)
    0x08100312   0x08100312   0x00000002   Code   RO         5250    .ARM.Collect$$libinit$$00000033  c_w.l(libinit2.o)
    0x08100314   0x08100314   0x00000002   Code   RO         5281    .ARM.Collect$$libshutdown$$00000000  c_w.l(libshutdown.o)
    0x08100316   0x08100316   0x00000000   Code   RO         5307    .ARM.Collect$$libshutdown$$00000002  c_w.l(libshutdown2.o)
    0x08100316   0x08100316   0x00000000   Code   RO         5309    .ARM.Collect$$libshutdown$$00000004  c_w.l(libshutdown2.o)
    0x08100316   0x08100316   0x00000000   Code   RO         5312    .ARM.Collect$$libshutdown$$00000007  c_w.l(libshutdown2.o)
    0x08100316   0x08100316   0x00000000   Code   RO         5315    .ARM.Collect$$libshutdown$$0000000A  c_w.l(libshutdown2.o)
    0x08100316   0x08100316   0x00000000   Code   RO         5317    .ARM.Collect$$libshutdown$$0000000C  c_w.l(libshutdown2.o)
    0x08100316   0x08100316   0x00000000   Code   RO         5320    .ARM.Collect$$libshutdown$$0000000F  c_w.l(libshutdown2.o)
    0x08100316   0x08100316   0x00000002   Code   RO         5321    .ARM.Collect$$libshutdown$$00000010  c_w.l(libshutdown2.o)
    0x08100318   0x08100318   0x00000000   Code   RO         5159    .ARM.Collect$$rtentry$$00000000  c_w.l(__rtentry.o)
    0x08100318   0x08100318   0x00000000   Code   RO         5165    .ARM.Collect$$rtentry$$00000002  c_w.l(__rtentry2.o)
    0x08100318   0x08100318   0x00000006   Code   RO         5177    .ARM.Collect$$rtentry$$00000004  c_w.l(__rtentry4.o)
    0x0810031e   0x0810031e   0x00000000   Code   RO         5167    .ARM.Collect$$rtentry$$00000009  c_w.l(__rtentry2.o)
    0x0810031e   0x0810031e   0x00000004   Code   RO         5168    .ARM.Collect$$rtentry$$0000000A  c_w.l(__rtentry2.o)
    0x08100322   0x08100322   0x00000000   Code   RO         5170    .ARM.Collect$$rtentry$$0000000C  c_w.l(__rtentry2.o)
    0x08100322   0x08100322   0x00000008   Code   RO         5171    .ARM.Collect$$rtentry$$0000000D  c_w.l(__rtentry2.o)
    0x0810032a   0x0810032a   0x00000002   Code   RO         5198    .ARM.Collect$$rtexit$$00000000  c_w.l(rtexit.o)
    0x0810032c   0x0810032c   0x00000000   Code   RO         5254    .ARM.Collect$$rtexit$$00000002  c_w.l(rtexit2.o)
    0x0810032c   0x0810032c   0x00000004   Code   RO         5255    .ARM.Collect$$rtexit$$00000003  c_w.l(rtexit2.o)
    0x08100330   0x08100330   0x00000006   Code   RO         5256    .ARM.Collect$$rtexit$$00000004  c_w.l(rtexit2.o)
    0x08100336   0x08100336   0x00000002   PAD
    0x08100338   0x08100338   0x00000040   Code   RO            4    .text               startup_stm32h747xx_cm4.o
    0x08100378   0x08100378   0x0000004e   Code   RO         5153    .text               c_w.l(rt_memclr_w.o)
    0x081003c6   0x081003c6   0x00000006   Code   RO         5155    .text               c_w.l(heapauxi.o)
    0x081003cc   0x081003cc   0x0000004a   Code   RO         5181    .text               c_w.l(sys_stackheap_outer.o)
    0x08100416   0x08100416   0x00000012   Code   RO         5183    .text               c_w.l(exit.o)
    0x08100428   0x08100428   0x00000008   Code   RO         5195    .text               c_w.l(libspace.o)
    0x08100430   0x08100430   0x0000000c   Code   RO         5251    .text               c_w.l(sys_exit.o)
    0x0810043c   0x0810043c   0x00000002   Code   RO         5270    .text               c_w.l(use_no_semi.o)
    0x0810043e   0x0810043e   0x00000000   Code   RO         5272    .text               c_w.l(indicate_semi.o)
    0x0810043e   0x0810043e   0x00000002   Code   RO          349    i.BusFault_Handler  stm32h7xx_it.o
    0x08100440   0x08100440   0x00000002   Code   RO          350    i.DebugMon_Handler  stm32h7xx_it.o
    0x08100442   0x08100442   0x00000004   Code   RO           13    i.Error_Handler     main.o
    0x08100446   0x08100446   0x00000002   PAD
    0x08100448   0x08100448   0x00000254   Code   RO         1102    i.HAL_GPIO_Init     stm32h7xx_hal_gpio.o
    0x0810069c   0x0810069c   0x00000018   Code   RO          448    i.HAL_GetCurrentCPUID  stm32h7xx_hal_cortex.o
    0x081006b4   0x081006b4   0x0000000c   Code   RO         2001    i.HAL_GetTick       stm32h7xx_hal.o
    0x081006c0   0x081006c0   0x00000010   Code   RO         1165    i.HAL_HSEM_ActivateNotification  stm32h7xx_hal_hsem.o
    0x081006d0   0x081006d0   0x00000010   Code   RO         2007    i.HAL_IncTick       stm32h7xx_hal.o
    0x081006e0   0x081006e0   0x0000008c   Code   RO         2008    i.HAL_Init          stm32h7xx_hal.o
    0x0810076c   0x0810076c   0x00000040   Code   RO         2009    i.HAL_InitTick      stm32h7xx_hal.o
    0x081007ac   0x081007ac   0x0000001c   Code   RO          424    i.HAL_MspInit       stm32h7xx_hal_msp.o
    0x081007c8   0x081007c8   0x00000040   Code   RO          462    i.HAL_NVIC_SetPriority  stm32h7xx_hal_cortex.o
    0x08100808   0x08100808   0x00000024   Code   RO          463    i.HAL_NVIC_SetPriorityGrouping  stm32h7xx_hal_cortex.o
    0x0810082c   0x0810082c   0x00000010   Code   RO         1700    i.HAL_PWREx_ClearPendingEvent  stm32h7xx_hal_pwr_ex.o
    0x0810083c   0x0810083c   0x00000090   Code   RO         1724    i.HAL_PWREx_EnterSTOPMode  stm32h7xx_hal_pwr_ex.o
    0x081008cc   0x081008cc   0x000009e4   Code   RO          727    i.HAL_RCCEx_PeriphCLKConfig  stm32h7xx_hal_rcc_ex.o
    0x081012b0   0x081012b0   0x00000130   Code   RO          611    i.HAL_RCC_GetSysClockFreq  stm32h7xx_hal_rcc.o
    0x081013e0   0x081013e0   0x000000d0   Code   RO         4673    i.HAL_RTCEx_SetTamper  stm32h7xx_hal_rtc_ex.o
    0x081014b0   0x081014b0   0x000000a0   Code   RO         4515    i.HAL_RTC_Init      stm32h7xx_hal_rtc.o
    0x08101550   0x08101550   0x00000044   Code   RO          200    i.HAL_RTC_MspInit   rtc.o
    0x08101594   0x08101594   0x00000038   Code   RO         4523    i.HAL_RTC_WaitForSynchro  stm32h7xx_hal_rtc.o
    0x081015cc   0x081015cc   0x00000010   Code   RO         2013    i.HAL_SYSCFG_AnalogSwitchConfig  stm32h7xx_hal.o
    0x081015dc   0x081015dc   0x00000028   Code   RO          467    i.HAL_SYSTICK_Config  stm32h7xx_hal_cortex.o
    0x08101604   0x08101604   0x0000008c   Code   RO         3682    i.HAL_TIMEx_ConfigBreakDeadTime  stm32h7xx_hal_tim_ex.o
    0x08101690   0x08101690   0x000000a4   Code   RO         3700    i.HAL_TIMEx_MasterConfigSynchronization  stm32h7xx_hal_tim_ex.o
    0x08101734   0x08101734   0x00000062   Code   RO         2964    i.HAL_TIM_Base_Init  stm32h7xx_hal_tim.o
    0x08101796   0x08101796   0x00000002   PAD
    0x08101798   0x08101798   0x00000068   Code   RO          242    i.HAL_TIM_Base_MspInit  tim.o
    0x08101800   0x08101800   0x00000124   Code   RO         3000    i.HAL_TIM_IC_ConfigChannel  stm32h7xx_hal_tim.o
    0x08101924   0x08101924   0x00000062   Code   RO         3003    i.HAL_TIM_IC_Init   stm32h7xx_hal_tim.o
    0x08101986   0x08101986   0x00000002   Code   RO         3005    i.HAL_TIM_IC_MspInit  stm32h7xx_hal_tim.o
    0x08101988   0x08101988   0x00000054   Code   RO          243    i.HAL_TIM_MspPostInit  tim.o
    0x081019dc   0x081019dc   0x0000006e   Code   RO         3013    i.HAL_TIM_OC_ConfigChannel  stm32h7xx_hal_tim.o
    0x08101a4a   0x08101a4a   0x00000062   Code   RO         3017    i.HAL_TIM_OC_Init   stm32h7xx_hal_tim.o
    0x08101aac   0x08101aac   0x00000028   Code   RO          245    i.HAL_TIM_OC_MspInit  tim.o
    0x08101ad4   0x08101ad4   0x00000002   Code   RO          351    i.HardFault_Handler  stm32h7xx_it.o
    0x08101ad6   0x08101ad6   0x00000002   PAD
    0x08101ad8   0x08101ad8   0x00000220   Code   RO          175    i.MX_GPIO_Init      gpio.o
    0x08101cf8   0x08101cf8   0x00000064   Code   RO          201    i.MX_RTC_Init       rtc.o
    0x08101d5c   0x08101d5c   0x0000005c   Code   RO          246    i.MX_TIM13_Init     tim.o
    0x08101db8   0x08101db8   0x000000ac   Code   RO          247    i.MX_TIM8_Init      tim.o
    0x08101e64   0x08101e64   0x00000002   Code   RO          352    i.MemManage_Handler  stm32h7xx_it.o
    0x08101e66   0x08101e66   0x00000002   Code   RO          353    i.NMI_Handler       stm32h7xx_it.o
    0x08101e68   0x08101e68   0x00000002   Code   RO          354    i.PendSV_Handler    stm32h7xx_it.o
    0x08101e6a   0x08101e6a   0x00000002   PAD
    0x08101e6c   0x08101e6c   0x00000114   Code   RO          730    i.RCCEx_PLL2_Config  stm32h7xx_hal_rcc_ex.o
    0x08101f80   0x08101f80   0x00000114   Code   RO          731    i.RCCEx_PLL3_Config  stm32h7xx_hal_rcc_ex.o
    0x08102094   0x08102094   0x00000046   Code   RO         4526    i.RTC_EnterInitMode  stm32h7xx_hal_rtc.o
    0x081020da   0x081020da   0x00000002   PAD
    0x081020dc   0x081020dc   0x00000054   Code   RO         4527    i.RTC_ExitInitMode  stm32h7xx_hal_rtc.o
    0x08102130   0x08102130   0x00000002   Code   RO          355    i.SVC_Handler       stm32h7xx_it.o
    0x08102132   0x08102132   0x00000004   Code   RO          356    i.SysTick_Handler   stm32h7xx_it.o
    0x08102136   0x08102136   0x00000002   PAD
    0x08102138   0x08102138   0x0000001c   Code   RO         4890    i.SystemInit        system_stm32h7xx_dualcore_boot_cm4_cm7.o
    0x08102154   0x08102154   0x000000d0   Code   RO         3057    i.TIM_Base_SetConfig  stm32h7xx_hal_tim.o
    0x08102224   0x08102224   0x0000009c   Code   RO         3070    i.TIM_OC1_SetConfig  stm32h7xx_hal_tim.o
    0x081022c0   0x081022c0   0x00000090   Code   RO         3071    i.TIM_OC2_SetConfig  stm32h7xx_hal_tim.o
    0x08102350   0x08102350   0x00000090   Code   RO         3072    i.TIM_OC3_SetConfig  stm32h7xx_hal_tim.o
    0x081023e0   0x081023e0   0x00000074   Code   RO         3073    i.TIM_OC4_SetConfig  stm32h7xx_hal_tim.o
    0x08102454   0x08102454   0x00000070   Code   RO         3074    i.TIM_OC5_SetConfig  stm32h7xx_hal_tim.o
    0x081024c4   0x081024c4   0x00000070   Code   RO         3075    i.TIM_OC6_SetConfig  stm32h7xx_hal_tim.o
    0x08102534   0x08102534   0x00000080   Code   RO         3078    i.TIM_TI1_SetConfig  stm32h7xx_hal_tim.o
    0x081025b4   0x081025b4   0x00000036   Code   RO         3080    i.TIM_TI2_SetConfig  stm32h7xx_hal_tim.o
    0x081025ea   0x081025ea   0x00000002   Code   RO          357    i.UsageFault_Handler  stm32h7xx_it.o
    0x081025ec   0x081025ec   0x00000020   Code   RO          469    i.__NVIC_SetPriority  stm32h7xx_hal_cortex.o
    0x0810260c   0x0810260c   0x00000068   Code   RO           14    i.main              main.o
    0x08102674   0x08102674   0x0000000a   Code   RO         5266    x$fpl$fpinit        fz_wm.l(fpinit.o)
    0x0810267e   0x0810267e   0x00000010   Data   RO         4891    .constdata          system_stm32h7xx_dualcore_boot_cm4_cm7.o
    0x0810268e   0x0810268e   0x00000002   PAD
    0x08102690   0x08102690   0x00000020   Data   RO         5322    Region$$Table       anon$$obj.o


    Execution Region RW_IRAM1 (Exec base: 0x10000000, Load base: 0x081026b0, Size: 0x00000730, Max: 0x00048000, ABSOLUTE)

    Exec Addr    Load Addr    Size         Type   Attr      Idx    E Section Name        Object

    0x10000000   0x081026b0   0x0000000c   Data   RW         2035    .data               stm32h7xx_hal.o
    0x1000000c   0x081026bc   0x00000008   Data   RW         4892    .data               system_stm32h7xx_dualcore_boot_cm4_cm7.o
    0x10000014        -       0x00000024   Zero   RW          202    .bss                rtc.o
    0x10000038        -       0x00000098   Zero   RW          248    .bss                tim.o
    0x100000d0        -       0x00000060   Zero   RW         5196    .bss                c_w.l(libspace.o)
    0x10000130        -       0x00000200   Zero   RW            2    HEAP                startup_stm32h747xx_cm4.o
    0x10000330        -       0x00000400   Zero   RW            1    STACK               startup_stm32h747xx_cm4.o


==============================================================================

Image component sizes


      Code (inc. data)   RO Data    RW Data    ZI Data      Debug   Object Name

       544         30          0          0          0       1399   gpio.o
       108         14          0          0          0    1322118   main.o
       168         18          0          0         36       1751   rtc.o
        64         26        664          0       1536        868   startup_stm32h747xx_cm4.o
       248         48          0         12          0      30801   stm32h7xx_hal.o
       196         18          0          0          0      33868   stm32h7xx_hal_cortex.o
       596         48          0          0          0       1604   stm32h7xx_hal_gpio.o
        16          6          0          0          0        612   stm32h7xx_hal_hsem.o
        28          6          0          0          0        874   stm32h7xx_hal_msp.o
       160         10          0          0          0       1488   stm32h7xx_hal_pwr_ex.o
       304         34          0          0          0       1174   stm32h7xx_hal_rcc.o
      3084         66          0          0          0       5179   stm32h7xx_hal_rcc_ex.o
       370         16          0          0          0       3737   stm32h7xx_hal_rtc.o
       208          0          0          0          0       1466   stm32h7xx_hal_rtc_ex.o
      1872        210          0          0          0      13394   stm32h7xx_hal_tim.o
       304         36          0          0          0       2372   stm32h7xx_hal_tim_ex.o
        20          0          0          0          0       4406   stm32h7xx_it.o
        28          4         16          8          0       1362   system_stm32h7xx_dualcore_boot_cm4_cm7.o
       492         54          0          0        152       3856   tim.o

    ----------------------------------------------------------------------
      8822        644        714         20       1724    1432329   Object Totals
         0          0         32          0          0          0   (incl. Generated)
        12          0          2          0          0          0   (incl. Padding)

    ----------------------------------------------------------------------

      Code (inc. data)   RO Data    RW Data    ZI Data      Debug   Library Member Name

         8          0          0          0          0         68   __main.o
         0          0          0          0          0          0   __rtentry.o
        12          0          0          0          0          0   __rtentry2.o
         6          0          0          0          0          0   __rtentry4.o
        52          8          0          0          0          0   __scatter.o
        26          0          0          0          0          0   __scatter_copy.o
        28          0          0          0          0          0   __scatter_zi.o
        18          0          0          0          0         80   exit.o
         6          0          0          0          0        152   heapauxi.o
         0          0          0          0          0          0   indicate_semi.o
         2          0          0          0          0          0   libinit.o
         6          0          0          0          0          0   libinit2.o
         2          0          0          0          0          0   libshutdown.o
         2          0          0          0          0          0   libshutdown2.o
         8          4          0          0         96         68   libspace.o
        78          0          0          0          0         80   rt_memclr_w.o
         2          0          0          0          0          0   rtexit.o
        10          0          0          0          0          0   rtexit2.o
        12          4          0          0          0         68   sys_exit.o
        74          0          0          0          0         80   sys_stackheap_outer.o
         2          0          0          0          0         68   use_no_semi.o
        10          0          0          0          0        116   fpinit.o

    ----------------------------------------------------------------------
       368         16          0          0         96        780   Library Totals
         4          0          0          0          0          0   (incl. Padding)

    ----------------------------------------------------------------------

      Code (inc. data)   RO Data    RW Data    ZI Data      Debug   Library Name

       354         16          0          0         96        664   c_w.l
        10          0          0          0          0        116   fz_wm.l

    ----------------------------------------------------------------------
       368         16          0          0         96        780   Library Totals

    ----------------------------------------------------------------------

==============================================================================


      Code (inc. data)   RO Data    RW Data    ZI Data      Debug   

      9190        660        714         20       1820    1427701   Grand Totals
      9190        660        714         20       1820    1427701   ELF Image Totals
      9190        660        714         20          0          0   ROM Totals

==============================================================================

    Total RO  Size (Code + RO Data)                 9904 (   9.67kB)
    Total RW  Size (RW Data + ZI Data)              1840 (   1.80kB)
    Total ROM Size (Code + RO Data + RW Data)       9924 (   9.69kB)

==============================================================================

