Component: ARM Compiler 5.06 update 6 (build 750) Tool: armlink [4d35ed]

==============================================================================

Section Cross References

    startup_stm32h747xx_cm7.o(STACK) refers (Special) to heapauxi.o(.text) for __use_two_region_memory
    startup_stm32h747xx_cm7.o(HEAP) refers (Special) to heapauxi.o(.text) for __use_two_region_memory
    startup_stm32h747xx_cm7.o(RESET) refers (Special) to heapauxi.o(.text) for __use_two_region_memory
    startup_stm32h747xx_cm7.o(RESET) refers to startup_stm32h747xx_cm7.o(STACK) for __initial_sp
    startup_stm32h747xx_cm7.o(RESET) refers to startup_stm32h747xx_cm7.o(.text) for Reset_Handler
    startup_stm32h747xx_cm7.o(RESET) refers to stm32h7xx_it.o(i.NMI_Handler) for NMI_Handler
    startup_stm32h747xx_cm7.o(RESET) refers to stm32h7xx_it.o(i.HardFault_Handler) for HardFault_Handler
    startup_stm32h747xx_cm7.o(RESET) refers to stm32h7xx_it.o(i.MemManage_Handler) for MemManage_Handler
    startup_stm32h747xx_cm7.o(RESET) refers to stm32h7xx_it.o(i.BusFault_Handler) for BusFault_Handler
    startup_stm32h747xx_cm7.o(RESET) refers to stm32h7xx_it.o(i.UsageFault_Handler) for UsageFault_Handler
    startup_stm32h747xx_cm7.o(RESET) refers to stm32h7xx_it.o(i.SVC_Handler) for SVC_Handler
    startup_stm32h747xx_cm7.o(RESET) refers to stm32h7xx_it.o(i.DebugMon_Handler) for DebugMon_Handler
    startup_stm32h747xx_cm7.o(RESET) refers to stm32h7xx_it.o(i.PendSV_Handler) for PendSV_Handler
    startup_stm32h747xx_cm7.o(RESET) refers to stm32h7xx_it.o(i.SysTick_Handler) for SysTick_Handler
    startup_stm32h747xx_cm7.o(RESET) refers to stm32h7xx_it.o(i.USART1_IRQHandler) for USART1_IRQHandler
    startup_stm32h747xx_cm7.o(RESET) refers to stm32h7xx_it.o(i.FMC_IRQHandler) for FMC_IRQHandler
    startup_stm32h747xx_cm7.o(RESET) refers to stm32h7xx_it.o(i.LTDC_IRQHandler) for LTDC_IRQHandler
    startup_stm32h747xx_cm7.o(RESET) refers to stm32h7xx_it.o(i.LTDC_ER_IRQHandler) for LTDC_ER_IRQHandler
    startup_stm32h747xx_cm7.o(RESET) refers to stm32h7xx_it.o(i.DMA2D_IRQHandler) for DMA2D_IRQHandler
    startup_stm32h747xx_cm7.o(RESET) refers to stm32h7xx_it.o(i.QUADSPI_IRQHandler) for QUADSPI_IRQHandler
    startup_stm32h747xx_cm7.o(RESET) refers to main.o(i.DSI_IRQHandler) for DSI_IRQHandler
    startup_stm32h747xx_cm7.o(RESET) refers to stm32h7xx_it.o(i.ECC_IRQHandler) for ECC_IRQHandler
    startup_stm32h747xx_cm7.o(.text) refers (Special) to heapauxi.o(.text) for __use_two_region_memory
    startup_stm32h747xx_cm7.o(.text) refers to system_stm32h7xx_dualcore_boot_cm4_cm7.o(i.SystemInit) for SystemInit
    startup_stm32h747xx_cm7.o(.text) refers to __main.o(!!!main) for __main
    startup_stm32h747xx_cm7.o(.text) refers to startup_stm32h747xx_cm7.o(HEAP) for Heap_Mem
    startup_stm32h747xx_cm7.o(.text) refers to startup_stm32h747xx_cm7.o(STACK) for Stack_Mem
    network.o(i.ai_network_create) refers to ai_platform_interface.o(i.ai_platform_network_create) for ai_platform_network_create
    network.o(i.ai_network_create) refers to network.o(.data) for .data
    network.o(i.ai_network_create_and_init) refers to network.o(i.ai_network_create) for ai_network_create
    network.o(i.ai_network_create_and_init) refers to network_data.o(i.ai_network_data_params_get) for ai_network_data_params_get
    network.o(i.ai_network_create_and_init) refers to network.o(i.ai_network_get_error) for ai_network_get_error
    network.o(i.ai_network_create_and_init) refers to ai_platform.o(i.ai_buffer_array_item_set_address) for ai_buffer_array_item_set_address
    network.o(i.ai_network_create_and_init) refers to network.o(i.ai_network_init) for ai_network_init
    network.o(i.ai_network_destroy) refers to ai_platform_interface.o(i.ai_platform_network_destroy) for ai_platform_network_destroy
    network.o(i.ai_network_forward) refers to ai_platform_interface.o(i.ai_platform_network_process) for ai_platform_network_process
    network.o(i.ai_network_get_error) refers to ai_platform_interface.o(i.ai_platform_network_get_error) for ai_platform_network_get_error
    network.o(i.ai_network_get_info) refers to ai_platform_interface.o(i.ai_platform_context_acquire) for ai_platform_context_acquire
    network.o(i.ai_network_get_info) refers to rt_memcpy_w.o(.text) for __aeabi_memcpy4
    network.o(i.ai_network_get_info) refers to ai_platform_interface.o(i.ai_platform_runtime_get_revision) for ai_platform_runtime_get_revision
    network.o(i.ai_network_get_info) refers to ai_platform_interface.o(i.ai_platform_runtime_get_version) for ai_platform_runtime_get_version
    network.o(i.ai_network_get_info) refers to ai_platform_interface.o(i.ai_platform_api_get_version) for ai_platform_api_get_version
    network.o(i.ai_network_get_info) refers to ai_platform_interface.o(i.ai_platform_interface_api_get_version) for ai_platform_interface_api_get_version
[...]
    0x08004708   0x08004708   0x000000ec   Code   RO         4355    i.HAL_DSI_IRQHandler  stm32h7xx_hal_dsi.o
    0x080047f4   0x080047f4   0x00000208   Code   RO         4356    i.HAL_DSI_Init      stm32h7xx_hal_dsi.o
    0x080049fc   0x080049fc   0x000000c4   Code   RO         4357    i.HAL_DSI_LongWrite  stm32h7xx_hal_dsi.o
    0x08004ac0   0x08004ac0   0x00000024   Code   RO         1146    i.HAL_DSI_MspDeInit  dsihost.o
    0x08004ae4   0x08004ae4   0x00000084   Code   RO         1147    i.HAL_DSI_MspInit   dsihost.o
    0x08004b68   0x08004b68   0x000000ec   Code   RO         4362    i.HAL_DSI_Read      stm32h7xx_hal_dsi.o
    0x08004c54   0x08004c54   0x00000024   Code   RO         4363    i.HAL_DSI_Refresh   stm32h7xx_hal_dsi.o
    0x08004c78   0x08004c78   0x00000022   Code   RO         4372    i.HAL_DSI_ShortWrite  stm32h7xx_hal_dsi.o
    0x08004c9a   0x08004c9a   0x00000044   Code   RO         4374    i.HAL_DSI_Start     stm32h7xx_hal_dsi.o
    0x08004cde   0x08004cde   0x00000002   Code   RO         4376    i.HAL_DSI_TearingEffectCallback  stm32h7xx_hal_dsi.o
    0x08004ce0   0x08004ce0   0x00000024   Code   RO         3143    i.HAL_Delay         stm32h7xx_hal.o
    0x08004d04   0x08004d04   0x0000010c   Code   RO         1188    i.HAL_FMC_MspInit   fmc.o
    0x08004e10   0x08004e10   0x00000170   Code   RO         2261    i.HAL_GPIO_DeInit   stm32h7xx_hal_gpio.o
    0x08004f80   0x08004f80   0x0000022c   Code   RO         2264    i.HAL_GPIO_Init     stm32h7xx_hal_gpio.o
    0x080051ac   0x080051ac   0x0000000a   Code   RO         2268    i.HAL_GPIO_WritePin  stm32h7xx_hal_gpio.o
    0x080051b6   0x080051b6   0x00000002   PAD
    0x080051b8   0x080051b8   0x0000000c   Code   RO         3162    i.HAL_GetREVID      stm32h7xx_hal.o
    0x080051c4   0x080051c4   0x0000000c   Code   RO         3163    i.HAL_GetTick       stm32h7xx_hal.o
    0x080051d0   0x080051d0   0x00000020   Code   RO         2329    i.HAL_HSEM_FastTake  stm32h7xx_hal_hsem.o
    0x080051f0   0x080051f0   0x00000014   Code   RO         2334    i.HAL_HSEM_Release  stm32h7xx_hal_hsem.o
    0x08005204   0x08005204   0x00000058   Code   RO         3998    i.HAL_I2CEx_ConfigAnalogFilter  stm32h7xx_hal_i2c_ex.o
    0x0800525c   0x0800525c   0x00000054   Code   RO         3999    i.HAL_I2CEx_ConfigDigitalFilter  stm32h7xx_hal_i2c_ex.o
    0x080052b0   0x080052b0   0x00000034   Code   RO         3528    i.HAL_I2C_DeInit    stm32h7xx_hal_i2c.o
    0x080052e4   0x080052e4   0x00000004   Code   RO         3534    i.HAL_I2C_GetError  stm32h7xx_hal_i2c.o
    0x080052e8   0x080052e8   0x00000006   Code   RO         3536    i.HAL_I2C_GetState  stm32h7xx_hal_i2c.o
    0x080052ee   0x080052ee   0x00000002   PAD
    0x080052f0   0x080052f0   0x000000c0   Code   RO         3537    i.HAL_I2C_Init      stm32h7xx_hal_i2c.o
    0x080053b0   0x080053b0   0x00000164   Code   RO         3555    i.HAL_I2C_Mem_Read  stm32h7xx_hal_i2c.o
    0x08005514   0x08005514   0x00000158   Code   RO         3558    i.HAL_I2C_Mem_Write  stm32h7xx_hal_i2c.o
    0x0800566c   0x0800566c   0x00000002   Code   RO         3561    i.HAL_I2C_MspDeInit  stm32h7xx_hal_i2c.o
    0x0800566e   0x0800566e   0x00000002   Code   RO         3562    i.HAL_I2C_MspInit   stm32h7xx_hal_i2c.o
    0x08005670   0x08005670   0x00000010   Code   RO         3169    i.HAL_IncTick       stm32h7xx_hal.o
    0x08005680   0x08005680   0x0000005c   Code   RO         3170    i.HAL_Init          stm32h7xx_hal.o
    0x080056dc   0x080056dc   0x00000040   Code   RO         3171    i.HAL_InitTick      stm32h7xx_hal.o
    0x0800571c   0x0800571c   0x00000052   Code   RO         4937    i.HAL_LTDC_ConfigLayer  stm32h7xx_hal_ltdc.o
    0x0800576e   0x0800576e   0x0000006a   Code   RO         4939    i.HAL_LTDC_DeInit   stm32h7xx_hal_ltdc.o
    0x080057d8   0x080057d8   0x00000002   Code   RO         4950    i.HAL_LTDC_ErrorCallback  stm32h7xx_hal_ltdc.o
    0x080057da   0x080057da   0x000000c8   Code   RO         4953    i.HAL_LTDC_IRQHandler  stm32h7xx_hal_ltdc.o
    0x080058a2   0x080058a2   0x00000002   PAD
    0x080058a4   0x080058a4   0x000000f8   Code   RO         4954    i.HAL_LTDC_Init     stm32h7xx_hal_ltdc.o
    0x0800599c   0x0800599c   0x00000002   Code   RO         4955    i.HAL_LTDC_LineEventCallback  stm32h7xx_hal_ltdc.o
    0x0800599e   0x0800599e   0x00000002   PAD
    0x080059a0   0x080059a0   0x00000030   Code   RO         1236    i.HAL_LTDC_MspDeInit  ltdc.o
    0x080059d0   0x080059d0   0x00000084   Code   RO         1237    i.HAL_LTDC_MspInit  ltdc.o
    0x08005a54   0x08005a54   0x00000002   Code   RO         4960    i.HAL_LTDC_ReloadEventCallback  stm32h7xx_hal_ltdc.o
    0x08005a56   0x08005a56   0x00000026   Code   RO         2599    i.HAL_MDMA_Abort_IT  stm32h7xx_hal_mdma.o
    0x08005a7c   0x08005a7c   0x00000056   Code   RO         2601    i.HAL_MDMA_DeInit   stm32h7xx_hal_mdma.o
    0x08005ad2   0x08005ad2   0x0000005e   Code   RO         2606    i.HAL_MDMA_Init     stm32h7xx_hal_mdma.o
    0x08005b30   0x08005b30   0x00000034   Code   RO         1480    i.HAL_MspInit       stm32h7xx_hal_msp.o
    0x08005b64   0x08005b64   0x00000022   Code   RO         1511    i.HAL_NVIC_DisableIRQ  stm32h7xx_hal_cortex.o
    0x08005b86   0x08005b86   0x0000001a   Code   RO         1512    i.HAL_NVIC_EnableIRQ  stm32h7xx_hal_cortex.o
    0x08005ba0   0x08005ba0   0x00000040   Code   RO         1518    i.HAL_NVIC_SetPriority  stm32h7xx_hal_cortex.o
    0x08005be0   0x08005be0   0x00000024   Code   RO         1519    i.HAL_NVIC_SetPriorityGrouping  stm32h7xx_hal_cortex.o
    0x08005c04   0x08005c04   0x00000084   Code   RO         2866    i.HAL_PWREx_ConfigSupply  stm32h7xx_hal_pwr_ex.o
    0x08005c88   0x08005c88   0x00000002   Code   RO         5222    i.HAL_QSPI_AbortCpltCallback  stm32h7xx_hal_qspi.o
    0x08005c8a   0x08005c8a   0x00000002   Code   RO         5226    i.HAL_QSPI_CmdCpltCallback  stm32h7xx_hal_qspi.o
    0x08005c8c   0x08005c8c   0x00000002   Code   RO         5230    i.HAL_QSPI_ErrorCallback  stm32h7xx_hal_qspi.o
    0x08005c8e   0x08005c8e   0x00000002   Code   RO         5231    i.HAL_QSPI_FifoThresholdCallback  stm32h7xx_hal_qspi.o
    0x08005c90   0x08005c90   0x000001e4   Code   RO         5235    i.HAL_QSPI_IRQHandler  stm32h7xx_hal_qspi.o
    0x08005e74   0x08005e74   0x000000ac   Code   RO         5236    i.HAL_QSPI_Init     stm32h7xx_hal_qspi.o
    0x08005f20   0x08005f20   0x0000019c   Code   RO         1279    i.HAL_QSPI_MspInit  quadspi.o
    0x080060bc   0x080060bc   0x00000002   Code   RO         5243    i.HAL_QSPI_RxCpltCallback  stm32h7xx_hal_qspi.o
    0x080060be   0x080060be   0x00000002   Code   RO         5247    i.HAL_QSPI_StatusMatchCallback  stm32h7xx_hal_qspi.o
    0x080060c0   0x080060c0   0x00000002   Code   RO         5248    i.HAL_QSPI_TimeOutCallback  stm32h7xx_hal_qspi.o
    0x080060c2   0x080060c2   0x00000002   Code   RO         5252    i.HAL_QSPI_TxCpltCallback  stm32h7xx_hal_qspi.o
    0x080060c4   0x080060c4   0x00000024   Code   RO         1880    i.HAL_RCCEx_GetD3PCLK1Freq  stm32h7xx_hal_rcc_ex.o
    0x080060e8   0x080060e8   0x00000144   Code   RO         1882    i.HAL_RCCEx_GetPLL2ClockFreq  stm32h7xx_hal_rcc_ex.o
    0x0800622c   0x0800622c   0x00000144   Code   RO         1883    i.HAL_RCCEx_GetPLL3ClockFreq  stm32h7xx_hal_rcc_ex.o
    0x08006370   0x08006370   0x000009e0   Code   RO         1889    i.HAL_RCCEx_PeriphCLKConfig  stm32h7xx_hal_rcc_ex.o
    0x08006d50   0x08006d50   0x0000025c   Code   RO         1764    i.HAL_RCC_ClockConfig  stm32h7xx_hal_rcc.o
    0x08006fac   0x08006fac   0x00000044   Code   RO         1769    i.HAL_RCC_GetHCLKFreq  stm32h7xx_hal_rcc.o
    0x08006ff0   0x08006ff0   0x00000024   Code   RO         1771    i.HAL_RCC_GetPCLK1Freq  stm32h7xx_hal_rcc.o
    0x08007014   0x08007014   0x00000024   Code   RO         1772    i.HAL_RCC_GetPCLK2Freq  stm32h7xx_hal_rcc.o
    0x08007038   0x08007038   0x00000138   Code   RO         1773    i.HAL_RCC_GetSysClockFreq  stm32h7xx_hal_rcc.o
    0x08007170   0x08007170   0x00000582   Code   RO         1776    i.HAL_RCC_OscConfig  stm32h7xx_hal_rcc.o
    0x080076f2   0x080076f2   0x0000001e   Code   RO         4768    i.HAL_SDRAM_IRQHandler  stm32h7xx_hal_sdram.o
    0x08007710   0x08007710   0x00000050   Code   RO         4769    i.HAL_SDRAM_Init    stm32h7xx_hal_sdram.o
    0x08007760   0x08007760   0x00000004   Code   RO         1190    i.HAL_SDRAM_MspInit  fmc.o
    0x08007764   0x08007764   0x0000002e   Code   RO         4772    i.HAL_SDRAM_ProgramRefreshRate  stm32h7xx_hal_sdram.o
    0x08007792   0x08007792   0x00000002   Code   RO         4777    i.HAL_SDRAM_RefreshErrorCallback  stm32h7xx_hal_sdram.o
    0x08007794   0x08007794   0x0000003c   Code   RO         4778    i.HAL_SDRAM_SendCommand  stm32h7xx_hal_sdram.o
    0x080077d0   0x080077d0   0x00000026   Code   RO         1523    i.HAL_SYSTICK_Config  stm32h7xx_hal_cortex.o
    0x080077f6   0x080077f6   0x00000040   Code   RO         5917    i.HAL_UARTEx_DisableFifoMode  stm32h7xx_hal_uart_ex.o
    0x08007836   0x08007836   0x00000002   Code   RO         5506    i.HAL_UARTEx_RxEventCallback  stm32h7xx_hal_uart.o
    0x08007838   0x08007838   0x00000002   Code   RO         5925    i.HAL_UARTEx_RxFifoFullCallback  stm32h7xx_hal_uart_ex.o
    0x0800783a   0x0800783a   0x0000004c   Code   RO         5926    i.HAL_UARTEx_SetRxFifoThreshold  stm32h7xx_hal_uart_ex.o
    0x08007886   0x08007886   0x0000004c   Code   RO         5927    i.HAL_UARTEx_SetTxFifoThreshold  stm32h7xx_hal_uart_ex.o
    0x080078d2   0x080078d2   0x00000002   Code   RO         5929    i.HAL_UARTEx_TxFifoEmptyCallback  stm32h7xx_hal_uart_ex.o
    0x080078d4   0x080078d4   0x00000002   Code   RO         5930    i.HAL_UARTEx_WakeupCallback  stm32h7xx_hal_uart_ex.o
    0x080078d6   0x080078d6   0x00000002   Code   RO         5522    i.HAL_UART_ErrorCallback  stm32h7xx_hal_uart.o
    0x080078d8   0x080078d8   0x00000388   Code   RO         5525    i.HAL_UART_IRQHandler  stm32h7xx_hal_uart.o
    0x08007c60   0x08007c60   0x0000006a   Code   RO         5526    i.HAL_UART_Init     stm32h7xx_hal_uart.o
    0x08007cca   0x08007cca   0x00000002   PAD
    0x08007ccc   0x08007ccc   0x00000098   Code   RO         1321    i.HAL_UART_MspInit  usart.o
    0x08007d64   0x08007d64   0x000000b0   Code   RO         5535    i.HAL_UART_Transmit  stm32h7xx_hal_uart.o
    0x08007e14   0x08007e14   0x00000002   Code   RO         5538    i.HAL_UART_TxCpltCallback  stm32h7xx_hal_uart.o
    0x08007e16   0x08007e16   0x00000002   Code   RO         1367    i.HardFault_Handler  stm32h7xx_it.o
    0x08007e18   0x08007e18   0x00000088   Code   RO         6256    i.I2C4_MspInit      stm32h747i_discovery_bus.o
    0x08007ea0   0x08007ea0   0x00000028   Code   RO         6257    i.I2C4_ReadReg      stm32h747i_discovery_bus.o
    0x08007ec8   0x08007ec8   0x00000028   Code   RO         6258    i.I2C4_WriteReg     stm32h747i_discovery_bus.o
    0x08007ef0   0x08007ef0   0x000000c8   Code   RO         6259    i.I2C_Compute_PRESC_SCLDEL_SDADEL  stm32h747i_discovery_bus.o
    0x08007fb8   0x08007fb8   0x00000114   Code   RO         6260    i.I2C_Compute_SCLL_SCLH  stm32h747i_discovery_bus.o
    0x080080cc   0x080080cc   0x00000022   Code   RO         3584    i.I2C_Flush_TXDR    stm32h7xx_hal_i2c.o
    0x080080ee   0x080080ee   0x00000002   PAD
    0x080080f0   0x080080f0   0x00000080   Code   RO         6261    i.I2C_GetTiming     stm32h747i_discovery_bus.o
    0x08008170   0x08008170   0x00000110   Code   RO         3592    i.I2C_IsErrorOccurred  stm32h7xx_hal_i2c.o
    0x08008280   0x08008280   0x00000064   Code   RO         3597    i.I2C_RequestMemoryRead  stm32h7xx_hal_i2c.o
    0x080082e4   0x080082e4   0x00000064   Code   RO         3598    i.I2C_RequestMemoryWrite  stm32h7xx_hal_i2c.o
    0x08008348   0x08008348   0x00000030   Code   RO         3601    i.I2C_TransferConfig  stm32h7xx_hal_i2c.o
    0x08008378   0x08008378   0x0000007c   Code   RO         3603    i.I2C_WaitOnFlagUntilTimeout  stm32h7xx_hal_i2c.o
    0x080083f4   0x080083f4   0x00000058   Code   RO         3605    i.I2C_WaitOnSTOPFlagUntilTimeout  stm32h7xx_hal_i2c.o
    0x0800844c   0x0800844c   0x0000005c   Code   RO         3606    i.I2C_WaitOnTXISFlagUntilTimeout  stm32h7xx_hal_i2c.o
    0x080084a8   0x080084a8   0x00000028   Code   RO         7158    i.IS42S32800J_ClockEnable  is42s32800j.o
    0x080084d0   0x080084d0   0x00000058   Code   RO         7161    i.IS42S32800J_Init  is42s32800j.o
    0x08008528   0x08008528   0x00000044   Code   RO         7162    i.IS42S32800J_ModeRegConfig  is42s32800j.o
    0x0800856c   0x0800856c   0x00000028   Code   RO         7163    i.IS42S32800J_Precharge  is42s32800j.o
    0x08008594   0x08008594   0x00000024   Code   RO         7164    i.IS42S32800J_RefreshMode  is42s32800j.o
    0x080085b8   0x080085b8   0x00000010   Code   RO         7165    i.IS42S32800J_RefreshRate  is42s32800j.o
    0x080085c8   0x080085c8   0x0000000c   Code   RO         6092    i.JOY1_DOWN_EXTI_Callback  stm32h747i_discovery.o
    0x080085d4   0x080085d4   0x0000000c   Code   RO         6093    i.JOY1_LEFT_EXTI_Callback  stm32h747i_discovery.o
    0x080085e0   0x080085e0   0x0000000c   Code   RO         6094    i.JOY1_RIGHT_EXTI_Callback  stm32h747i_discovery.o
    0x080085ec   0x080085ec   0x0000000c   Code   RO         6095    i.JOY1_SEL_EXTI_Callback  stm32h747i_discovery.o
    0x080085f8   0x080085f8   0x0000000c   Code   RO         6096    i.JOY1_UP_EXTI_Callback  stm32h747i_discovery.o
    0x08008604   0x08008604   0x000000d4   Code   RO          826    i.LCD_BriefDisplay  main.o
    0x080086d8   0x080086d8   0x00000010   Code   RO          827    i.LCD_GetXSize      main.o
    0x080086e8   0x080086e8   0x00000010   Code   RO          828    i.LCD_GetYSize      main.o
    0x080086f8   0x080086f8   0x00000160   Code   RO          829    i.LCD_Init          main.o
    0x08008858   0x08008858   0x000000a8   Code   RO          830    i.LCD_MspInit       main.o
    0x08008900   0x08008900   0x00000084   Code   RO         6393    i.LL_ConvertLineToRGB  stm32h747i_discovery_lcd.o
    0x08008984   0x08008984   0x000000b4   Code   RO         6394    i.LL_FillBuffer     stm32h747i_discovery_lcd.o
    0x08008a38   0x08008a38   0x0000000c   Code   RO         1368    i.LTDC_ER_IRQHandler  stm32h7xx_it.o
    0x08008a44   0x08008a44   0x0000000c   Code   RO         1369    i.LTDC_IRQHandler   stm32h7xx_it.o
    0x08008a50   0x08008a50   0x00000060   Code   RO          831    i.LTDC_Init         main.o
    0x08008ab0   0x08008ab0   0x000001d0   Code   RO         4973    i.LTDC_SetConfig    stm32h7xx_hal_ltdc.o
    0x08008c80   0x08008c80   0x000000b0   Code   RO         2617    i.MDMA_Init         stm32h7xx_hal_mdma.o
    0x08008d30   0x08008d30   0x00000030   Code   RO         1067    i.MX_CRC_Init       crc.o
    0x08008d60   0x08008d60   0x00000048   Code   RO         1109    i.MX_DMA2D_Init     dma2d.o
    0x08008da8   0x08008da8   0x0000005c   Code   RO         1191    i.MX_FMC_Init       fmc.o
    0x08008e04   0x08008e04   0x000000d4   Code   RO         1041    i.MX_GPIO_Init      gpio.o
    0x08008ed8   0x08008ed8   0x00000040   Code   RO         6262    i.MX_I2C4_Init      stm32h747i_discovery_bus.o
    0x08008f18   0x08008f18   0x00000038   Code   RO         1280    i.MX_QUADSPI_Init   quadspi.o
    0x08008f50   0x08008f50   0x00000060   Code   RO         6811    i.MX_SDRAM_Init     stm32h747i_discovery_sdram.o
    0x08008fb0   0x08008fb0   0x00000068   Code   RO         1322    i.MX_USART1_UART_Init  usart.o
    0x08009018   0x08009018   0x00000038   Code   RO          613    i.MX_X_CUBE_AI_Init  app_x-cube-ai.o
    0x08009050   0x08009050   0x00000002   Code   RO         1370    i.MemManage_Handler  stm32h7xx_it.o
    0x08009052   0x08009052   0x00000002   Code   RO         1371    i.NMI_Handler       stm32h7xx_it.o
    0x08009054   0x08009054   0x0000001a   Code   RO         7909    i.OTM8009A_IO_Delay  otm8009a.o
    0x0800906e   0x0800906e   0x00000002   PAD
    0x08009070   0x08009070   0x000006a0   Code   RO         7910    i.OTM8009A_Init     otm8009a.o
    0x08009710   0x08009710   0x0000000e   Code   RO         7912    i.OTM8009A_ReadRegWrap  otm8009a.o
    0x0800971e   0x0800971e   0x00000002   PAD
    0x08009720   0x08009720   0x00000030   Code   RO         7913    i.OTM8009A_RegisterBusIO  otm8009a.o
    0x08009750   0x08009750   0x0000000e   Code   RO         7918    i.OTM8009A_WriteRegWrap  otm8009a.o
    0x0800975e   0x0800975e   0x00000002   Code   RO         1372    i.PendSV_Handler    stm32h7xx_it.o
    0x08009760   0x08009760   0x0000003a   Code   RO         5254    i.QSPI_DMAAbortCplt  stm32h7xx_hal_qspi.o
    0x0800979a   0x0800979a   0x00000048   Code   RO         5258    i.QSPI_WaitFlagStateUntilTimeout  stm32h7xx_hal_qspi.o
    0x080097e2   0x080097e2   0x00000002   PAD
    0x080097e4   0x080097e4   0x0000000c   Code   RO         1373    i.QUADSPI_IRQHandler  stm32h7xx_it.o
    0x080097f0   0x080097f0   0x00000120   Code   RO         1892    i.RCCEx_PLL2_Config  stm32h7xx_hal_rcc_ex.o
    0x08009910   0x08009910   0x00000120   Code   RO         1893    i.RCCEx_PLL3_Config  stm32h7xx_hal_rcc_ex.o
    0x08009a30   0x08009a30   0x0000000e   Code   RO         7255    i.ReadRegWrap       ft6x06.o
    0x08009a3e   0x08009a3e   0x00000002   PAD
    0x08009a40   0x08009a40   0x00000168   Code   RO         6812    i.SDRAM_MspInit     stm32h747i_discovery_sdram.o
    0x08009ba8   0x08009ba8   0x00000002   Code   RO         1374    i.SVC_Handler       stm32h7xx_it.o
    0x08009baa   0x08009baa   0x00000004   Code   RO         1375    i.SysTick_Handler   stm32h7xx_it.o
    0x08009bae   0x08009bae   0x00000002   PAD
    0x08009bb0   0x08009bb0   0x000000a8   Code   RO          832    i.SystemClock_Config  main.o
    0x08009c58   0x08009c58   0x000000f8   Code   RO         6036    i.SystemInit        system_stm32h7xx_dualcore_boot_cm4_cm7.o
    0x08009d50   0x08009d50   0x0000000a   Code   RO         6880    i.TS_EXTI_Callback  stm32h747i_discovery_ts.o
    0x08009d5a   0x08009d5a   0x00000002   PAD
    0x08009d5c   0x08009d5c   0x00000044   Code   RO         5931    i.UARTEx_SetNbDataToProcess  stm32h7xx_hal_uart_ex.o
    0x08009da0   0x08009da0   0x000000c8   Code   RO         5540    i.UART_AdvFeatureConfig  stm32h7xx_hal_uart.o
    0x08009e68   0x08009e68   0x000000aa   Code   RO         5541    i.UART_CheckIdleState  stm32h7xx_hal_uart.o
    0x08009f12   0x08009f12   0x00000014   Code   RO         5542    i.UART_DMAAbortOnError  stm32h7xx_hal_uart.o
    0x08009f26   0x08009f26   0x00000002   PAD
    0x08009f28   0x08009f28   0x00000054   Code   RO         5552    i.UART_EndRxTransfer  stm32h7xx_hal_uart.o
    0x08009f7c   0x08009f7c   0x000003ac   Code   RO         5558    i.UART_SetConfig    stm32h7xx_hal_uart.o
    0x0800a328   0x0800a328   0x00000094   Code   RO         5565    i.UART_WaitOnFlagUntilTimeout  stm32h7xx_hal_uart.o
    0x0800a3bc   0x0800a3bc   0x0000000c   Code   RO         1376    i.USART1_IRQHandler  stm32h7xx_it.o
    0x0800a3c8   0x0800a3c8   0x0000002c   Code   RO         8094    i.UTIL_LCD_DisplayChar  stm32_lcd.o
    0x0800a3f4   0x0800a3f4   0x00000098   Code   RO         8095    i.UTIL_LCD_DisplayStringAt  stm32_lcd.o
    0x0800a48c   0x0800a48c   0x00000120   Code   RO         8098    i.UTIL_LCD_DrawCircle  stm32_lcd.o
    0x0800a5ac   0x0800a5ac   0x00000040   Code   RO         8100    i.UTIL_LCD_DrawHLine  stm32_lcd.o
    0x0800a5ec   0x0800a5ec   0x000000c8   Code   RO         8105    i.UTIL_LCD_FillCircle  stm32_lcd.o
    0x0800a6b4   0x0800a6b4   0x00000024   Code   RO         8108    i.UTIL_LCD_FillRGBRect  stm32_lcd.o
    0x0800a6d8   0x0800a6d8   0x0000004c   Code   RO         8109    i.UTIL_LCD_FillRect  stm32_lcd.o
    0x0800a724   0x0800a724   0x00000010   Code   RO         8114    i.UTIL_LCD_SetBackColor  stm32_lcd.o
    0x0800a734   0x0800a734   0x00000010   Code   RO         8116    i.UTIL_LCD_SetFont  stm32_lcd.o
    0x0800a744   0x0800a744   0x0000005c   Code   RO         8117    i.UTIL_LCD_SetFuncDriver  stm32_lcd.o
    0x0800a7a0   0x0800a7a0   0x00000040   Code   RO         8119    i.UTIL_LCD_SetPixel  stm32_lcd.o
    0x0800a7e0   0x0800a7e0   0x00000010   Code   RO         8120    i.UTIL_LCD_SetTextColor  stm32_lcd.o
    0x0800a7f0   0x0800a7f0   0x00000002   Code   RO         1377    i.UsageFault_Handler  stm32h7xx_it.o
    0x0800a7f2   0x0800a7f2   0x0000000e   Code   RO         7256    i.WriteRegWrap      ft6x06.o
    0x0800a800   0x0800a800   0x00000030   Code   RO        10844    i.__ARM_fpclassify  m_wv.l(fpclassify.o)
    0x0800a830   0x0800a830   0x00000026   Code   RO        10739    i.__ARM_fpclassifyf  m_wv.l(fpclassifyf.o)
    0x0800a856   0x0800a856   0x00000022   Code   RO         1525    i.__NVIC_SetPriority  stm32h7xx_hal_cortex.o
    0x0800a878   0x0800a878   0x00000658   Code   RO        10590    i.__hardfp_powf     m_wv.l(powf.o)
    0x0800aed0   0x0800aed0   0x00000018   Code   RO        10741    i.__mathlib_flt_divzero  m_wv.l(funder.o)
    0x0800aee8   0x0800aee8   0x00000006   Code   RO        10743    i.__mathlib_flt_infnan2  m_wv.l(funder.o)
    0x0800aeee   0x0800aeee   0x00000002   PAD
    0x0800aef0   0x0800aef0   0x00000010   Code   RO        10744    i.__mathlib_flt_invalid  m_wv.l(funder.o)
    0x0800af00   0x0800af00   0x00000010   Code   RO        10745    i.__mathlib_flt_overflow  m_wv.l(funder.o)
    0x0800af10   0x0800af10   0x00000010   Code   RO        10747    i.__mathlib_flt_underflow  m_wv.l(funder.o)
    0x0800af20   0x0800af20   0x00000012   Code   RO         8797    i._ai_forward_layer  NetworkRuntime900_CM7_Keil.lib(layers.o)
    0x0800af32   0x0800af32   0x00000002   PAD
    0x0800af34   0x0800af34   0x000000e0   Code   RO         8330    i._ai_platform_get_io_buffers_info  NetworkRuntime900_CM7_Keil.lib(ai_platform_interface.o)
    0x0800b014   0x0800b014   0x0000000e   Code   RO        10489    i._is_digit         c_w.l(__printf_wp.o)
    0x0800b022   0x0800b022   0x00000002   PAD
    0x0800b024   0x0800b024   0x0000003e   Code   RO         9418    i._lite_kernel_nl_softmax_is8os8  NetworkRuntime900_CM7_Keil.lib(lite_nl_softmax_is8os8.o)
    0x0800b062   0x0800b062   0x00000002   PAD
    0x0800b064   0x0800b064   0x000006e4   Code   RO         9419    i._lite_kernel_nl_softmax_is8os8_ch  NetworkRuntime900_CM7_Keil.lib(lite_nl_softmax_is8os8.o)
    0x0800b748   0x0800b748   0x0000003e   Code   RO         9422    i._lite_kernel_nl_softmax_iu8ou8  NetworkRuntime900_CM7_Keil.lib(lite_nl_softmax_iu8ou8.o)
    0x0800b786   0x0800b786   0x00000002   PAD
    0x0800b788   0x0800b788   0x000006dc   Code   RO         9423    i._lite_kernel_nl_softmax_iu8ou8_ch  NetworkRuntime900_CM7_Keil.lib(lite_nl_softmax_iu8ou8.o)
    0x0800be64   0x0800be64   0x0000004a   Code   RO         8331    i._platform_ai_buffer_array_copy  NetworkRuntime900_CM7_Keil.lib(ai_platform_interface.o)
    0x0800beae   0x0800beae   0x00000002   PAD
    0x0800beb0   0x0800beb0   0x00000050   Code   RO         8332    i._platform_get_table_map_from_buffer  NetworkRuntime900_CM7_Keil.lib(ai_platform_interface.o)
    0x0800bf00   0x0800bf00   0x00000044   Code   RO         8333    i._platform_get_table_map_from_buffer_array  NetworkRuntime900_CM7_Keil.lib(ai_platform_interface.o)
    0x0800bf44   0x0800bf44   0x00000014   Code   RO         8334    i._platform_network_buffers_signature_valid  NetworkRuntime900_CM7_Keil.lib(ai_platform_interface.o)
    0x0800bf58   0x0800bf58   0x00000210   Code   RO         8335    i._platform_network_io_bind  NetworkRuntime900_CM7_Keil.lib(ai_platform_interface.o)
    0x0800c168   0x0800c168   0x0000003e   Code   RO         8336    i._platform_network_state_setup  NetworkRuntime900_CM7_Keil.lib(ai_platform_interface.o)
    0x0800c1a6   0x0800c1a6   0x0000006a   Code   RO         8337    i._platform_network_state_update_input  NetworkRuntime900_CM7_Keil.lib(ai_platform_interface.o)
    0x0800c210   0x0800c210   0x00000080   Code   RO         8338    i._platform_network_state_update_output  NetworkRuntime900_CM7_Keil.lib(ai_platform_interface.o)
    0x0800c290   0x0800c290   0x00000002   Code   RO          833    i._sys_exit         main.o
    0x0800c292   0x0800c292   0x0000003c   Code   RO         8723    i.ai_array_get_byte_size  NetworkRuntime900_CM7_Keil.lib(ai_datatypes_format.o)
    0x0800c2ce   0x0800c2ce   0x0000001e   Code   RO         8724    i.ai_array_get_data_byte_size  NetworkRuntime900_CM7_Keil.lib(ai_datatypes_format.o)
    0x0800c2ec   0x0800c2ec   0x0000012c   Code   RO         8726    i.ai_array_to_buffer_fmt  NetworkRuntime900_CM7_Keil.lib(ai_datatypes_format.o)
    0x0800c418   0x0800c418   0x00000064   Code   RO          616    i.ai_boostrap       app_x-cube-ai.o
    0x0800c47c   0x0800c47c   0x00000024   Code   RO         8316    i.ai_buffer_array_item_set_address  NetworkRuntime900_CM7_Keil.lib(ai_platform.o)
    0x0800c4a0   0x0800c4a0   0x00000012   Code   RO         8317    i.ai_buffer_array_sane  NetworkRuntime900_CM7_Keil.lib(ai_platform.o)
    0x0800c4b2   0x0800c4b2   0x00000002   PAD
    0x0800c4b4   0x0800c4b4   0x00000068   Code   RO         8319    i.ai_buffer_get_size  NetworkRuntime900_CM7_Keil.lib(ai_platform.o)
    0x0800c51c   0x0800c51c   0x0000002c   Code   RO         8798    i.ai_check_custom_types  NetworkRuntime900_CM7_Keil.lib(layers.o)
    0x0800c548   0x0800c548   0x00000050   Code   RO         8803    i.ai_layers_forward_all  NetworkRuntime900_CM7_Keil.lib(layers.o)
    0x0800c598   0x0800c598   0x0000001e   Code   RO         8804    i.ai_layers_init_all  NetworkRuntime900_CM7_Keil.lib(layers.o)
    0x0800c5b6   0x0800c5b6   0x00000036   Code   RO         8805    i.ai_layers_post_init_all  NetworkRuntime900_CM7_Keil.lib(layers.o)
    0x0800c5ec   0x0800c5ec   0x00000084   Code   RO          617    i.ai_log_err        app_x-cube-ai.o
    0x0800c670   0x0800c670   0x00000018   Code   RO           10    i.ai_network_create  network.o
    0x0800c688   0x0800c688   0x00000088   Code   RO           11    i.ai_network_create_and_init  network.o
    0x0800c710   0x0800c710   0x00000028   Code   RO          540    i.ai_network_data_params_get  network_data.o
    0x0800c738   0x0800c738   0x00000004   Code   RO           14    i.ai_network_get_error  network.o
    0x0800c73c   0x0800c73c   0x00000058   Code   RO           16    i.ai_network_get_report  network.o
    0x0800c794   0x0800c794   0x00000030   Code   RO           17    i.ai_network_init   network.o
    0x0800c7c4   0x0800c7c4   0x00000014   Code   RO           18    i.ai_network_inputs_get  network.o
    0x0800c7d8   0x0800c7d8   0x00000014   Code   RO           19    i.ai_network_outputs_get  network.o
    0x0800c7ec   0x0800c7ec   0x00000004   Code   RO           20    i.ai_network_run    network.o
    0x0800c7f0   0x0800c7f0   0x000000ae   Code   RO        10133    i.ai_padding_opt_init  NetworkRuntime900_CM7_Keil.lib(st_padding_opt.o)
    0x0800c89e   0x0800c89e   0x00000030   Code   RO        10134    i.ai_padding_opt_phase1  NetworkRuntime900_CM7_Keil.lib(st_padding_opt.o)
    0x0800c8ce   0x0800c8ce   0x00000026   Code   RO         8937    i.ai_padding_opt_phase2  NetworkRuntime900_CM7_Keil.lib(forward_lite_dw_sssa8_ch.o)
    0x0800c8f4   0x0800c8f4   0x00000026   Code   RO         8965    i.ai_padding_opt_phase2  NetworkRuntime900_CM7_Keil.lib(forward_lite_conv2d_sssa8_ch.o)
    0x0800c91a   0x0800c91a   0x00000002   PAD
    0x0800c91c   0x0800c91c   0x00000188   Code   RO         8340    i.ai_platform_api_get_network_report  NetworkRuntime900_CM7_Keil.lib(ai_platform_interface.o)
    0x0800caa4   0x0800caa4   0x0000000c   Code   RO         8341    i.ai_platform_api_get_version  NetworkRuntime900_CM7_Keil.lib(ai_platform_interface.o)
    0x0800cab0   0x0800cab0   0x0000002c   Code   RO         8342    i.ai_platform_bind_network_params  NetworkRuntime900_CM7_Keil.lib(ai_platform_interface.o)
    0x0800cadc   0x0800cadc   0x00000014   Code   RO         8343    i.ai_platform_context_acquire  NetworkRuntime900_CM7_Keil.lib(ai_platform_interface.o)
    0x0800caf0   0x0800caf0   0x0000002c   Code   RO         8345    i.ai_platform_get_activations_map  NetworkRuntime900_CM7_Keil.lib(ai_platform_interface.o)
    0x0800cb1c   0x0800cb1c   0x00000028   Code   RO         8346    i.ai_platform_get_weights_map  NetworkRuntime900_CM7_Keil.lib(ai_platform_interface.o)
    0x0800cb44   0x0800cb44   0x00000042   Code   RO         8347    i.ai_platform_inputs_get  NetworkRuntime900_CM7_Keil.lib(ai_platform_interface.o)
    0x0800cb86   0x0800cb86   0x00000002   PAD
    0x0800cb88   0x0800cb88   0x0000000c   Code   RO         8348    i.ai_platform_interface_api_get_version  NetworkRuntime900_CM7_Keil.lib(ai_platform_interface.o)
    0x0800cb94   0x0800cb94   0x0000009c   Code   RO         8349    i.ai_platform_network_create  NetworkRuntime900_CM7_Keil.lib(ai_platform_interface.o)
    0x0800cc30   0x0800cc30   0x0000001c   Code   RO         8351    i.ai_platform_network_get_error  NetworkRuntime900_CM7_Keil.lib(ai_platform_interface.o)
    0x0800cc4c   0x0800cc4c   0x00000118   Code   RO         8352    i.ai_platform_network_init  NetworkRuntime900_CM7_Keil.lib(ai_platform_interface.o)
    0x0800cd64   0x0800cd64   0x00000050   Code   RO         8353    i.ai_platform_network_post_init  NetworkRuntime900_CM7_Keil.lib(ai_platform_interface.o)
    0x0800cdb4   0x0800cdb4   0x00000054   Code   RO         8354    i.ai_platform_network_process  NetworkRuntime900_CM7_Keil.lib(ai_platform_interface.o)
    0x0800ce08   0x0800ce08   0x0000000c   Code   RO         8355    i.ai_platform_network_set_error  NetworkRuntime900_CM7_Keil.lib(ai_platform_interface.o)
    0x0800ce14   0x0800ce14   0x00000048   Code   RO         8361    i.ai_platform_outputs_get  NetworkRuntime900_CM7_Keil.lib(ai_platform_interface.o)
    0x0800ce5c   0x0800ce5c   0x00000008   Code   RO         8362    i.ai_platform_runtime_get_revision  NetworkRuntime900_CM7_Keil.lib(ai_platform_interface.o)
    0x0800ce64   0x0800ce64   0x0000000c   Code   RO         8363    i.ai_platform_runtime_get_version  NetworkRuntime900_CM7_Keil.lib(ai_platform_interface.o)
    0x0800ce70   0x0800ce70   0x00000016   Code   RO         8746    i.ai_platform_version_get  NetworkRuntime900_CM7_Keil.lib(ai_datatypes_internal.o)
    0x0800ce86   0x0800ce86   0x0000000a   Code   RO         8477    i.ai_shape_get_npixels  NetworkRuntime900_CM7_Keil.lib(layers_conv2d_stm32_integer.o)
    0x0800ce90   0x0800ce90   0x0000001a   Code   RO         8406    i.ai_shape_get_size  NetworkRuntime900_CM7_Keil.lib(core_convert.o)
    0x0800ceaa   0x0800ceaa   0x0000001a   Code   RO         8643    i.ai_shape_get_size  NetworkRuntime900_CM7_Keil.lib(layers_nl_stm32_integer.o)
    0x0800cec4   0x0800cec4   0x0000000c   Code   RO         8747    i.ai_version_get    NetworkRuntime900_CM7_Keil.lib(ai_datatypes_internal.o)
    0x0800ced0   0x0800ced0   0x00000094   Code   RO         9083    i.align_factor      NetworkRuntime900_CM7_Keil.lib(st_align_factor.o)
    0x0800cf64   0x0800cf64   0x0000004c   Code   RO         9084    i.align_factor_ch   NetworkRuntime900_CM7_Keil.lib(st_align_factor.o)
    0x0800cfb0   0x0800cfb0   0x0000000a   Code   RO         8776    i.core_array_clone  NetworkRuntime900_CM7_Keil.lib(core_utils.o)
    0x0800cfba   0x0800cfba   0x0000000c   Code   RO         8757    i.core_get_error    NetworkRuntime900_CM7_Keil.lib(core_common.o)
    0x0800cfc6   0x0800cfc6   0x00000004   Code   RO         8758    i.core_init         NetworkRuntime900_CM7_Keil.lib(core_common.o)
    0x0800cfca   0x0800cfca   0x0000000c   Code   RO         8444    i.core_nl_get_params  NetworkRuntime900_CM7_Keil.lib(layers_conv2d_sssa8_ch.o)
    0x0800cfd6   0x0800cfd6   0x0000000c   Code   RO         8534    i.core_nl_get_params  NetworkRuntime900_CM7_Keil.lib(layers_dw_sssa8_ch.o)
    0x0800cfe2   0x0800cfe2   0x0000000c   Code   RO         8705    i.core_nl_get_params  NetworkRuntime900_CM7_Keil.lib(layers_pw_sssa8_ch.o)
    0x0800cfee   0x0800cfee   0x00000012   Code   RO         8445    i.core_nl_get_params_ptr  NetworkRuntime900_CM7_Keil.lib(layers_conv2d_sssa8_ch.o)
    0x0800d000   0x0800d000   0x00000012   Code   RO         8535    i.core_nl_get_params_ptr  NetworkRuntime900_CM7_Keil.lib(layers_dw_sssa8_ch.o)
    0x0800d012   0x0800d012   0x00000012   Code   RO         8706    i.core_nl_get_params_ptr  NetworkRuntime900_CM7_Keil.lib(layers_pw_sssa8_ch.o)
    0x0800d024   0x0800d024   0x0000001a   Code   RO         8759    i.core_set_error    NetworkRuntime900_CM7_Keil.lib(core_common.o)
    0x0800d03e   0x0800d03e   0x0000005c   Code   RO         8779    i.core_tensor_clone  NetworkRuntime900_CM7_Keil.lib(core_utils.o)
    0x0800d09a   0x0800d09a   0x00000002   PAD
    0x0800d09c   0x0800d09c   0x00000268   Code   RO         8453    i.forward_conv2d_sssa8_ch  NetworkRuntime900_CM7_Keil.lib(layers_conv2d_sssa8_ch.o)
    0x0800d304   0x0800d304   0x00000174   Code   RO         8494    i.forward_dense_integer_SSSA  NetworkRuntime900_CM7_Keil.lib(layers_conv2d_stm32_integer.o)
    0x0800d478   0x0800d478   0x00000264   Code   RO         8539    i.forward_dw_sssa8_ch  NetworkRuntime900_CM7_Keil.lib(layers_dw_sssa8_ch.o)
    0x0800d6dc   0x0800d6dc   0x00000050   Code   RO         8929    i.forward_lite_avepool_is8os8  NetworkRuntime900_CM7_Keil.lib(forward_lite_avepool_is8os8.o)
    0x0800d72c   0x0800d72c   0x000006ca   Code   RO         8970    i.forward_lite_conv2d_sssa8_ch  NetworkRuntime900_CM7_Keil.lib(forward_lite_conv2d_sssa8_ch.o)
    0x0800ddf6   0x0800ddf6   0x0000006e   Code   RO         8913    i.forward_lite_dense_is8os8ws8  NetworkRuntime900_CM7_Keil.lib(forward_lite_dense_is8os8ws8.o)
    0x0800de64   0x0800de64   0x0000058c   Code   RO         8941    i.forward_lite_dw_sssa8_ch  NetworkRuntime900_CM7_Keil.lib(forward_lite_dw_sssa8_ch.o)
    0x0800e3f0   0x0800e3f0   0x0000001c   Code   RO         9076    i.forward_lite_nl_softmax_is8os8  NetworkRuntime900_CM7_Keil.lib(lite_nl_generic_integer.o)
    0x0800e40c   0x0800e40c   0x0000001c   Code   RO         9077    i.forward_lite_nl_softmax_iu8ou8  NetworkRuntime900_CM7_Keil.lib(lite_nl_generic_integer.o)
    0x0800e428   0x0800e428   0x00000004   Code   RO         8868    i.forward_lite_node_convert_integer_if32os8  NetworkRuntime900_CM7_Keil.lib(forward_lite_convert.o)
    0x0800e42c   0x0800e42c   0x00000004   Code   RO         8869    i.forward_lite_node_convert_integer_if32ou8  NetworkRuntime900_CM7_Keil.lib(forward_lite_convert.o)
    0x0800e430   0x0800e430   0x00000004   Code   RO         8870    i.forward_lite_node_convert_integer_is8of32  NetworkRuntime900_CM7_Keil.lib(forward_lite_convert.o)
    0x0800e434   0x0800e434   0x0000000c   Code   RO         8871    i.forward_lite_node_convert_integer_is8os8  NetworkRuntime900_CM7_Keil.lib(forward_lite_convert.o)
    0x0800e440   0x0800e440   0x0000000c   Code   RO         8872    i.forward_lite_node_convert_integer_is8ou8  NetworkRuntime900_CM7_Keil.lib(forward_lite_convert.o)
    0x0800e44c   0x0800e44c   0x00000004   Code   RO         8873    i.forward_lite_node_convert_integer_is8ou8_fast  NetworkRuntime900_CM7_Keil.lib(forward_lite_convert.o)
    0x0800e450   0x0800e450   0x00000004   Code   RO         8874    i.forward_lite_node_convert_integer_iu8of32  NetworkRuntime900_CM7_Keil.lib(forward_lite_convert.o)
    0x0800e454   0x0800e454   0x0000000c   Code   RO         8875    i.forward_lite_node_convert_integer_iu8os8  NetworkRuntime900_CM7_Keil.lib(forward_lite_convert.o)
    0x0800e460   0x0800e460   0x00000004   Code   RO         8876    i.forward_lite_node_convert_integer_iu8os8_fast  NetworkRuntime900_CM7_Keil.lib(forward_lite_convert.o)
    0x0800e464   0x0800e464   0x0000000c   Code   RO         8877    i.forward_lite_node_convert_integer_iu8ou8  NetworkRuntime900_CM7_Keil.lib(forward_lite_convert.o)
    0x0800e470   0x0800e470   0x00000046   Code   RO        10328    i.forward_lite_pad_8bit_ch1st_3x3_constant_P0022  NetworkRuntime900_CM7_Keil.lib(forward_lite_pad_generic.o)
    0x0800e4b6   0x0800e4b6   0x00000002   PAD
    0x0800e4b8   0x0800e4b8   0x00000110   Code   RO        10329    i.forward_lite_pad_8bit_ch1st_3x3_constant_P1111  NetworkRuntime900_CM7_Keil.lib(forward_lite_pad_generic.o)
    0x0800e5c8   0x0800e5c8   0x000000e8   Code   RO        10330    i.forward_lite_pad_constant  NetworkRuntime900_CM7_Keil.lib(forward_lite_pad_generic.o)
    0x0800e6b0   0x0800e6b0   0x000000a8   Code   RO        10331    i.forward_lite_pad_edge  NetworkRuntime900_CM7_Keil.lib(forward_lite_pad_generic.o)
    0x0800e758   0x0800e758   0x000000ec   Code   RO        10332    i.forward_lite_pad_reflect  NetworkRuntime900_CM7_Keil.lib(forward_lite_pad_generic.o)
    0x0800e844   0x0800e844   0x0000023a   Code   RO         8957    i.forward_lite_pw_sssa8_ch  NetworkRuntime900_CM7_Keil.lib(forward_lite_pw_sssa8_ch.o)
    0x0800ea7e   0x0800ea7e   0x00000022   Code   RO         8571    i.forward_pad       NetworkRuntime900_CM7_Keil.lib(layers_generic_float.o)
    0x0800eaa0   0x0800eaa0   0x000000ae   Code   RO         8821    i.forward_pad_8bit_ch1st_3x3_constant  NetworkRuntime900_CM7_Keil.lib(layers_pad_generic.o)
    0x0800eb4e   0x0800eb4e   0x000000b4   Code   RO         8822    i.forward_pad_constant  NetworkRuntime900_CM7_Keil.lib(layers_pad_generic.o)
    0x0800ec02   0x0800ec02   0x0000009e   Code   RO         8823    i.forward_pad_edge  NetworkRuntime900_CM7_Keil.lib(layers_pad_generic.o)
    0x0800eca0   0x0800eca0   0x000000d8   Code   RO         8824    i.forward_pad_reflect  NetworkRuntime900_CM7_Keil.lib(layers_pad_generic.o)
    0x0800ed78   0x0800ed78   0x00000494   Code   RO         8708    i.forward_pw_sssa8_ch_nl_pool  NetworkRuntime900_CM7_Keil.lib(layers_pw_sssa8_ch.o)
    0x0800f20c   0x0800f20c   0x000000c8   Code   RO         8648    i.forward_sm_integer  NetworkRuntime900_CM7_Keil.lib(layers_nl_stm32_integer.o)
    0x0800f2d4   0x0800f2d4   0x00000024   Code   RO          835    i.fputc             main.o
    0x0800f2f8   0x0800f2f8   0x00000018   Code   RO         7352    i.ft6x06_chip_id    ft6x06_reg.o
    0x0800f310   0x0800f310   0x00000012   Code   RO         7357    i.ft6x06_disatnce_left_right  ft6x06_reg.o
    0x0800f322   0x0800f322   0x00000012   Code   RO         7358    i.ft6x06_distance_up_down  ft6x06_reg.o
    0x0800f334   0x0800f334   0x00000012   Code   RO         7359    i.ft6x06_distance_zoom  ft6x06_reg.o
    0x0800f346   0x0800f346   0x00000012   Code   RO         7361    i.ft6x06_g_mode     ft6x06_reg.o
    0x0800f358   0x0800f358   0x00000014   Code   RO         7362    i.ft6x06_gest_id    ft6x06_reg.o
    0x0800f36c   0x0800f36c   0x00000012   Code   RO         7365    i.ft6x06_offset_left_right  ft6x06_reg.o
    0x0800f37e   0x0800f37e   0x00000012   Code   RO         7366    i.ft6x06_offset_up_down  ft6x06_reg.o
    0x0800f390   0x0800f390   0x00000012   Code   RO         7386    i.ft6x06_radian_value  ft6x06_reg.o
    0x0800f3a2   0x0800f3a2   0x0000000e   Code   RO         7387    i.ft6x06_read_reg   ft6x06_reg.o
    0x0800f3b0   0x0800f3b0   0x0000001c   Code   RO         7390    i.ft6x06_td_status  ft6x06_reg.o
    0x0800f3cc   0x0800f3cc   0x00000002   Code   RO         8709    i.func_dummy        NetworkRuntime900_CM7_Keil.lib(layers_pw_sssa8_ch.o)
    0x0800f3ce   0x0800f3ce   0x00000002   PAD
    0x0800f3d0   0x0800f3d0   0x00000028   Code   RO         8748    i.get_tensor_byte_size  NetworkRuntime900_CM7_Keil.lib(ai_datatypes_internal.o)
    0x0800f3f8   0x0800f3f8   0x00000054   Code   RO         9473    i.lite_convert_if32os8  NetworkRuntime900_CM7_Keil.lib(lite_convert_kernel.o)
    0x0800f44c   0x0800f44c   0x0000003c   Code   RO         9474    i.lite_convert_if32ou8  NetworkRuntime900_CM7_Keil.lib(lite_convert_kernel.o)
    0x0800f488   0x0800f488   0x00000026   Code   RO         9476    i.lite_convert_is8of32  NetworkRuntime900_CM7_Keil.lib(lite_convert_kernel.o)
    0x0800f4ae   0x0800f4ae   0x00000002   PAD
    0x0800f4b0   0x0800f4b0   0x00000054   Code   RO         9477    i.lite_convert_is8os8  NetworkRuntime900_CM7_Keil.lib(lite_convert_kernel.o)
    0x0800f504   0x0800f504   0x0000004a   Code   RO         9478    i.lite_convert_is8ou8  NetworkRuntime900_CM7_Keil.lib(lite_convert_kernel.o)
    0x0800f54e   0x0800f54e   0x00000002   PAD
    0x0800f550   0x0800f550   0x0000004a   Code   RO         9479    i.lite_convert_is8ou8_fast  NetworkRuntime900_CM7_Keil.lib(lite_convert_kernel.o)
    0x0800f59a   0x0800f59a   0x00000002   PAD
    0x0800f59c   0x0800f59c   0x00000026   Code   RO         9481    i.lite_convert_iu8of32  NetworkRuntime900_CM7_Keil.lib(lite_convert_kernel.o)
    0x0800f5c2   0x0800f5c2   0x00000002   PAD
    0x0800f5c4   0x0800f5c4   0x00000060   Code   RO         9482    i.lite_convert_iu8os8  NetworkRuntime900_CM7_Keil.lib(lite_convert_kernel.o)
    0x0800f624   0x0800f624   0x00000052   Code   RO         9483    i.lite_convert_iu8os8_fast  NetworkRuntime900_CM7_Keil.lib(lite_convert_kernel.o)
    0x0800f676   0x0800f676   0x0000004a   Code   RO         9484    i.lite_convert_iu8ou8  NetworkRuntime900_CM7_Keil.lib(lite_convert_kernel.o)
    0x0800f6c0   0x0800f6c0   0x0000071c   Code   RO          836    i.main              main.o
    0x0800fddc   0x0800fddc   0x000000f4   Code   RO           21    i.network_configure_activations  network.o
    0x0800fed0   0x0800fed0   0x0000013c   Code   RO           22    i.network_configure_weights  network.o
    0x0801000c   0x0801000c   0x000001d4   Code   RO         8408    i.node_convert      NetworkRuntime900_CM7_Keil.lib(core_convert.o)
    0x080101e0   0x080101e0   0x000001a8   Code   RO         8413    i.node_convert_integer  NetworkRuntime900_CM7_Keil.lib(core_convert.o)
    0x08010388   0x08010388   0x0000000e   Code   RO         8064    i.otm8009a_write_reg  otm8009a_reg.o
    0x08010396   0x08010396   0x00000002   PAD
    0x08010398   0x08010398   0x000000d4   Code   RO         8679    i.pool_func_ap_array_integer_INT8  NetworkRuntime900_CM7_Keil.lib(layers_pool_stm32_integer.o)
    0x0801046c   0x0801046c   0x00000106   Code   RO         8942    i.st_dw_sssa8_ch_Wadapt  NetworkRuntime900_CM7_Keil.lib(forward_lite_dw_sssa8_ch.o)
    0x08010572   0x08010572   0x00000002   PAD
    0x08010574   0x08010574   0x000000f0   Code   RO         9113    i.st_f32_to_int16   NetworkRuntime900_CM7_Keil.lib(st_f32_to_int16.o)
    0x08010664   0x08010664   0x000000fc   Code   RO         9121    i.st_f32_to_int8    NetworkRuntime900_CM7_Keil.lib(st_f32_to_int8.o)
    0x08010760   0x08010760   0x00000030   Code   RO        10157    i.st_int16_fill     NetworkRuntime900_CM7_Keil.lib(st_int16_fill.o)
    0x08010790   0x08010790   0x0000008c   Code   RO         9129    i.st_int16_to_f32   NetworkRuntime900_CM7_Keil.lib(st_int16_to_f32.o)
    0x0801081c   0x0801081c   0x00000158   Code   RO        10143    i.st_int8_avepool   NetworkRuntime900_CM7_Keil.lib(st_int8_pool.o)
    0x08010974   0x08010974   0x00000084   Code   RO         9363    i.st_int8_copy      NetworkRuntime900_CM7_Keil.lib(st_int8_fill.o)
    0x080109f8   0x080109f8   0x0000005c   Code   RO         9364    i.st_int8_fill      NetworkRuntime900_CM7_Keil.lib(st_int8_fill.o)
    0x08010a54   0x08010a54   0x0000004e   Code   RO        10189    i.st_int8_reordered_no_shift_zero  NetworkRuntime900_CM7_Keil.lib(st_int8_reordered_no_shift.o)
    0x08010aa2   0x08010aa2   0x00000002   PAD
    0x08010aa4   0x08010aa4   0x00000250   Code   RO        10117    i.st_int8_to16_dual  NetworkRuntime900_CM7_Keil.lib(st_int8_to16_no_shift.o)
    0x08010cf4   0x08010cf4   0x000001be   Code   RO        10118    i.st_int8_to16_dual_interleaved  NetworkRuntime900_CM7_Keil.lib(st_int8_to16_no_shift.o)
    0x08010eb2   0x08010eb2   0x000000ea   Code   RO        10119    i.st_int8_to16_no_shift  NetworkRuntime900_CM7_Keil.lib(st_int8_to16_no_shift.o)
    0x08010f9c   0x08010f9c   0x000000a2   Code   RO        10120    i.st_int8_to16_no_shift_interleaved  NetworkRuntime900_CM7_Keil.lib(st_int8_to16_no_shift.o)
    0x0801103e   0x0801103e   0x00000002   PAD
    0x08011040   0x08011040   0x0000008c   Code   RO         9389    i.st_int8_to_f32    NetworkRuntime900_CM7_Keil.lib(st_int8_to_f32.o)
    0x080110cc   0x080110cc   0x000000a8   Code   RO        10168    i.st_sssa8_ch_convolve_rank1upd  NetworkRuntime900_CM7_Keil.lib(st_sssa8_ch_convolve.o)
    0x08011174   0x08011174   0x00000056   Code   RO        10217    i.st_sssa8_ch_fullW_prefetch  NetworkRuntime900_CM7_Keil.lib(st_sssa8_ch_nn_mat_mult_nt_t.o)
    0x080111ca   0x080111ca   0x00000002   PAD
    0x080111cc   0x080111cc   0x0000026c   Code   RO        10207    i.st_sssa8_ch_nn_mat_mult_kernel_single_opt  NetworkRuntime900_CM7_Keil.lib(st_sssa8_ch_nn_mat_mult_kernel_single_opt.o)
    0x08011438   0x08011438   0x00000264   Code   RO        10181    i.st_sssa8_fully_connected  NetworkRuntime900_CM7_Keil.lib(st_sssa8_dense.o)
    0x0801169c   0x0801169c   0x00000190   Code   RO        10219    i.weights_2channels_prefetch  NetworkRuntime900_CM7_Keil.lib(st_sssa8_ch_nn_mat_mult_nt_t.o)
    0x0801182c   0x0801182c   0x0000002c   Code   RO        10831    locale$$code        c_w.l(lc_numeric_c.o)
    0x08011858   0x08011858   0x0000008c   Code   RO        10730    x$fpl$fnaninf       fz_wv.l(fnaninf.o)
    0x080118e4   0x080118e4   0x0000000a   Code   RO        10842    x$fpl$fpinit        fz_wv.l(fpinit.o)
    0x080118ee   0x080118ee   0x00000002   PAD
    0x080118f0   0x080118f0   0x00000086   Code   RO        10514    x$fpl$llsfromf      fz_wv.l(ffixll.o)
    0x08011976   0x08011976   0x00000004   Code   RO        10518    x$fpl$printf1       fz_wv.l(printf1.o)
    0x0801197a   0x0801197a   0x00000000   Code   RO        10738    x$fpl$usenofp       fz_wv.l(usenofp.o)
    0x0801197a   0x0801197a   0x00000002   PAD
    0x0801197c   0x0801197c   0x00000004   Data   RO           30    .constdata          network.o
    0x08011980   0x08011980   0x00000001   Data   RO           31    .constdata          network.o
    0x08011981   0x08011981   0x00000003   PAD
    0x08011984   0x08011984   0x00000008   Data   RO           32    .constdata          network.o
    0x0801198c   0x0801198c   0x00000004   Data   RO           33    .constdata          network.o
    0x08011990   0x08011990   0x00000001   Data   RO           34    .constdata          network.o
    0x08011991   0x08011991   0x00000003   PAD
    0x08011994   0x08011994   0x00000008   Data   RO           35    .constdata          network.o
    0x0801199c   0x0801199c   0x00000004   Data   RO           36    .constdata          network.o
    0x080119a0   0x080119a0   0x00000001   Data   RO           37    .constdata          network.o
    0x080119a1   0x080119a1   0x00000003   PAD
    0x080119a4   0x080119a4   0x00000008   Data   RO           38    .constdata          network.o
    0x080119ac   0x080119ac   0x00000004   Data   RO           39    .constdata          network.o
    0x080119b0   0x080119b0   0x00000001   Data   RO           40    .constdata          network.o
    0x080119b1   0x080119b1   0x00000003   PAD
    0x080119b4   0x080119b4   0x00000008   Data   RO           41    .constdata          network.o
    0x080119bc   0x080119bc   0x00000004   Data   RO           42    .constdata          network.o
    0x080119c0   0x080119c0   0x00000001   Data   RO           43    .constdata          network.o
    0x080119c1   0x080119c1   0x00000003   PAD
    0x080119c4   0x080119c4   0x00000008   Data   RO           44    .constdata          network.o
    0x080119cc   0x080119cc   0x00000004   Data   RO           45    .constdata          network.o
    0x080119d0   0x080119d0   0x00000001   Data   RO           46    .constdata          network.o
    0x080119d1   0x080119d1   0x00000003   PAD
    0x080119d4   0x080119d4   0x00000008   Data   RO           47    .constdata          network.o
    0x080119dc   0x080119dc   0x00000004   Data   RO           48    .constdata          network.o
    0x080119e0   0x080119e0   0x00000001   Data   RO           49    .constdata          network.o
    0x080119e1   0x080119e1   0x00000003   PAD
    0x080119e4   0x080119e4   0x00000008   Data   RO           50    .constdata          network.o
    0x080119ec   0x080119ec   0x00000004   Data   RO           51    .constdata          network.o
    0x080119f0   0x080119f0   0x00000001   Data   RO           52    .constdata          network.o
    0x080119f1   0x080119f1   0x00000003   PAD
    0x080119f4   0x080119f4   0x00000008   Data   RO           53    .constdata          network.o
    0x080119fc   0x080119fc   0x00000004   Data   RO           54    .constdata          network.o
    0x08011a00   0x08011a00   0x00000001   Data   RO           55    .constdata          network.o
    0x08011a01   0x08011a01   0x00000003   PAD
    0x08011a04   0x08011a04   0x00000008   Data   RO           56    .constdata          network.o
    0x08011a0c   0x08011a0c   0x00000004   Data   RO           57    .constdata          network.o
    0x08011a10   0x08011a10   0x00000001   Data   RO           58    .constdata          network.o
    0x08011a11   0x08011a11   0x00000003   PAD
    0x08011a14   0x08011a14   0x00000008   Data   RO           59    .constdata          network.o
    0x08011a1c   0x08011a1c   0x00000040   Data   RO           60    .constdata          network.o
    0x08011a5c   0x08011a5c   0x00000010   Data   RO           61    .constdata          network.o
    0x08011a6c   0x08011a6c   0x00000008   Data   RO           62    .constdata          network.o
    0x08011a74   0x08011a74   0x00000040   Data   RO           63    .constdata          network.o
    0x08011ab4   0x08011ab4   0x00000010   Data   RO           64    .constdata          network.o
    0x08011ac4   0x08011ac4   0x00000008   Data   RO           65    .constdata          network.o
    0x08011acc   0x08011acc   0x00000080   Data   RO           66    .constdata          network.o
    0x08011b4c   0x08011b4c   0x00000020   Data   RO           67    .constdata          network.o
    0x08011b6c   0x08011b6c   0x00000008   Data   RO           68    .constdata          network.o
    0x08011b74   0x08011b74   0x00000080   Data   RO           69    .constdata          network.o
    0x08011bf4   0x08011bf4   0x00000020   Data   RO           70    .constdata          network.o
    0x08011c14   0x08011c14   0x00000008   Data   RO           71    .constdata          network.o
    0x08011c1c   0x08011c1c   0x00000100   Data   RO           72    .constdata          network.o
    0x08011d1c   0x08011d1c   0x00000040   Data   RO           73    .constdata          network.o
    0x08011d5c   0x08011d5c   0x00000008   Data   RO           74    .constdata          network.o
    0x08011d64   0x08011d64   0x00000004   Data   RO           75    .constdata          network.o
    0x08011d68   0x08011d68   0x00000001   Data   RO           76    .constdata          network.o
    0x08011d69   0x08011d69   0x00000003   PAD
    0x08011d6c   0x08011d6c   0x00000008   Data   RO           77    .constdata          network.o
    0x08011d74   0x08011d74   0x00000004   Data   RO           78    .constdata          network.o
    0x08011d78   0x08011d78   0x00000001   Data   RO           79    .constdata          network.o
    0x08011d79   0x08011d79   0x00000003   PAD
    0x08011d7c   0x08011d7c   0x00000008   Data   RO           80    .constdata          network.o
    0x08011d84   0x08011d84   0x00000008   Data   RO           81    .constdata          network.o
    0x08011d8c   0x08011d8c   0x00000008   Data   RO           82    .constdata          network.o
    0x08011d94   0x08011d94   0x00000008   Data   RO           83    .constdata          network.o
    0x08011d9c   0x08011d9c   0x00000008   Data   RO           84    .constdata          network.o
    0x08011da4   0x08011da4   0x00000008   Data   RO           85    .constdata          network.o
    0x08011dac   0x08011dac   0x00000008   Data   RO           86    .constdata          network.o
    0x08011db4   0x08011db4   0x00000008   Data   RO           87    .constdata          network.o
    0x08011dbc   0x08011dbc   0x00000008   Data   RO           88    .constdata          network.o
    0x08011dc4   0x08011dc4   0x00000008   Data   RO           89    .constdata          network.o
    0x08011dcc   0x08011dcc   0x00000008   Data   RO           90    .constdata          network.o
    0x08011dd4   0x08011dd4   0x00000008   Data   RO           91    .constdata          network.o
    0x08011ddc   0x08011ddc   0x00000008   Data   RO           92    .constdata          network.o
    0x08011de4   0x08011de4   0x00000008   Data   RO           93    .constdata          network.o
    0x08011dec   0x08011dec   0x00000008   Data   RO           94    .constdata          network.o
    0x08011df4   0x08011df4   0x00000008   Data   RO           95    .constdata          network.o
    0x08011dfc   0x08011dfc   0x00000008   Data   RO           96    .constdata          network.o
    0x08011e04   0x08011e04   0x00000008   Data   RO           97    .constdata          network.o
    0x08011e0c   0x08011e0c   0x00000008   Data   RO           98    .constdata          network.o
    0x08011e14   0x08011e14   0x0000000c   Data   RO           99    .constdata          network.o
    0x08011e20   0x08011e20   0x00000010   Data   RO          100    .constdata          network.o
    0x08011e30   0x08011e30   0x00000008   Data   RO          101    .constdata          network.o
    0x08011e38   0x08011e38   0x00000008   Data   RO          102    .constdata          network.o
    0x08011e40   0x08011e40   0x00000008   Data   RO          103    .constdata          network.o
    0x08011e48   0x08011e48   0x00000008   Data   RO          104    .constdata          network.o
    0x08011e50   0x08011e50   0x00000008   Data   RO          105    .constdata          network.o
    0x08011e58   0x08011e58   0x00000001   Data   RO          106    .constdata          network.o
    0x08011e59   0x08011e59   0x00000003   PAD
    0x08011e5c   0x08011e5c   0x00000010   Data   RO          107    .constdata          network.o
    0x08011e6c   0x08011e6c   0x00000008   Data   RO          108    .constdata          network.o
    0x08011e74   0x08011e74   0x00000008   Data   RO          109    .constdata          network.o
    0x08011e7c   0x08011e7c   0x00000008   Data   RO          110    .constdata          network.o
    0x08011e84   0x08011e84   0x00000008   Data   RO          111    .constdata          network.o
    0x08011e8c   0x08011e8c   0x00000004   PAD
    0x08011e90   0x08011e90   0x00000110   Data   RO          112    .constdata          network.o
    0x08011fa0   0x08011fa0   0x00000068   Data   RO          543    .constdata          network_data.o
    0x08012008   0x08012008   0x00000018   PAD
    0x08012020   0x08012020   0x00002850   Data   RO          593    .constdata          network_data_params.o
    0x08014870   0x08014870   0x0000002c   Data   RO          840    .constdata          main.o
    0x0801489c   0x0801489c   0x00000018   Data   RO         5566    .constdata          stm32h7xx_hal_uart.o
    0x080148b4   0x080148b4   0x00000010   Data   RO         5932    .constdata          stm32h7xx_hal_uart_ex.o
    0x080148c4   0x080148c4   0x00000010   Data   RO         6037    .constdata          system_stm32h7xx_dualcore_boot_cm4_cm7.o
    0x080148d4   0x080148d4   0x00000040   Data   RO         6098    .constdata          stm32h747i_discovery.o
    0x08014914   0x08014914   0x00000084   Data   RO         6264    .constdata          stm32h747i_discovery_bus.o
    0x08014998   0x08014998   0x0000000c   Data   RO         6882    .constdata          stm32h747i_discovery_ts.o
    0x080149a4   0x080149a4   0x00000147   Data   RO         7920    .constdata          otm8009a.o
    0x08014aeb   0x08014aeb   0x00001ab8   Data   RO         8122    .constdata          stm32_lcd.o
    0x080165a3   0x080165a3   0x00000ed8   Data   RO         8123    .constdata          stm32_lcd.o
    0x0801747b   0x0801747b   0x00000001   PAD
    0x0801747c   0x0801747c   0x00000068   Data   RO         8364    .constdata          NetworkRuntime900_CM7_Keil.lib(ai_platform_interface.o)
    0x080174e4   0x080174e4   0x0000003c   Data   RO         8710    .constdata          NetworkRuntime900_CM7_Keil.lib(layers_pw_sssa8_ch.o)
    0x08017520   0x08017520   0x00000028   Data   RO        10462    .constdata          c_w.l(_printf_hex_int.o)
    0x08017548   0x08017548   0x00000011   Data   RO        10492    .constdata          c_w.l(__printf_flags_wp.o)
    0x08017559   0x08017559   0x00000003   PAD
    0x0801755c   0x0801755c   0x00000140   Data   RO        10593    .constdata          m_wv.l(powf.o)
    0x0801769c   0x0801769c   0x00000094   Data   RO        10802    .constdata          c_w.l(bigflt0.o)
    0x08017730   0x08017730   0x00000061   Data   RO          113    .conststring        network.o
    0x08017791   0x08017791   0x00000003   PAD
    0x08017794   0x08017794   0x00000020   Data   RO        10929    Region$$Table       anon$$obj.o
    0x080177b4   0x080177b4   0x0000001c   Data   RO        10830    locale$$data        c_w.l(lc_numeric_c.o)


    Execution Region RW_RAM_D1 (Exec base: 0x24000000, Load base: 0x080177d0, Size: 0x00006fb0, Max: 0x00080000, ABSOLUTE, COMPRESSED[0x000005e0])

    Exec Addr    Load Addr    Size         Type   Attr      Idx    E Section Name        Object

    0x24000000   COMPRESSED   0x00000010   Data   RW          114    .data               network.o
    0x24000010   COMPRESSED   0x00000010   Data   RW          115    .data               network.o
    0x24000020   COMPRESSED   0x00000010   Data   RW          116    .data               network.o
    0x24000030   COMPRESSED   0x00000010   Data   RW          117    .data               network.o
    0x24000040   COMPRESSED   0x00000010   Data   RW          118    .data               network.o
    0x24000050   COMPRESSED   0x00000010   Data   RW          119    .data               network.o
    0x24000060   COMPRESSED   0x00000010   Data   RW          120    .data               network.o
    0x24000070   COMPRESSED   0x00000010   Data   RW          121    .data               network.o
    0x24000080   COMPRESSED   0x00000010   Data   RW          122    .data               network.o
    0x24000090   COMPRESSED   0x00000010   Data   RW          123    .data               network.o
    0x240000a0   COMPRESSED   0x00000010   Data   RW          124    .data               network.o
    0x240000b0   COMPRESSED   0x00000010   Data   RW          125    .data               network.o
    0x240000c0   COMPRESSED   0x00000010   Data   RW          126    .data               network.o
    0x240000d0   COMPRESSED   0x00000010   Data   RW          127    .data               network.o
    0x240000e0   COMPRESSED   0x00000010   Data   RW          128    .data               network.o
    0x240000f0   COMPRESSED   0x00000010   Data   RW          129    .data               network.o
    0x24000100   COMPRESSED   0x00000010   Data   RW          130    .data               network.o
    0x24000110   COMPRESSED   0x00000010   Data   RW          131    .data               network.o
    0x24000120   COMPRESSED   0x00000010   Data   RW          132    .data               network.o
    0x24000130   COMPRESSED   0x00000010   Data   RW          133    .data               network.o
    0x24000140   COMPRESSED   0x00000010   Data   RW          134    .data               network.o
    0x24000150   COMPRESSED   0x00000010   Data   RW          135    .data               network.o
    0x24000160   COMPRESSED   0x00000010   Data   RW          136    .data               network.o
    0x24000170   COMPRESSED   0x00000010   Data   RW          137    .data               network.o
    0x24000180   COMPRESSED   0x00000010   Data   RW          138    .data               network.o
    0x24000190   COMPRESSED   0x00000010   Data   RW          139    .data               network.o
    0x240001a0   COMPRESSED   0x00000010   Data   RW          140    .data               network.o
    0x240001b0   COMPRESSED   0x00000010   Data   RW          141    .data               network.o
    0x240001c0   COMPRESSED   0x00000010   Data   RW          142    .data               network.o
    0x240001d0   COMPRESSED   0x00000010   Data   RW          143    .data               network.o
    0x240001e0   COMPRESSED   0x00000010   Data   RW          144    .data               network.o
    0x240001f0   COMPRESSED   0x00000010   Data   RW          145    .data               network.o
    0x24000200   COMPRESSED   0x00000010   Data   RW          146    .data               network.o
    0x24000210   COMPRESSED   0x00000010   Data   RW          147    .data               network.o
    0x24000220   COMPRESSED   0x00000010   Data   RW          148    .data               network.o
    0x24000230   COMPRESSED   0x00000010   Data   RW          149    .data               network.o
    0x24000240   COMPRESSED   0x00000010   Data   RW          150    .data               network.o
    0x24000250   COMPRESSED   0x00000010   Data   RW          151    .data               network.o
    0x24000260   COMPRESSED   0x00000010   Data   RW          152    .data               network.o
    0x24000270   COMPRESSED   0x00000010   Data   RW          153    .data               network.o
    0x24000280   COMPRESSED   0x00000010   Data   RW          154    .data               network.o
    0x24000290   COMPRESSED   0x00000010   Data   RW          155    .data               network.o
    0x240002a0   COMPRESSED   0x00000010   Data   RW          156    .data               network.o
    0x240002b0   COMPRESSED   0x00000010   Data   RW          157    .data               network.o
    0x240002c0   COMPRESSED   0x00000010   Data   RW          158    .data               network.o
    0x240002d0   COMPRESSED   0x00000010   Data   RW          159    .data               network.o
    0x240002e0   COMPRESSED   0x00000010   Data   RW          160    .data               network.o
    0x240002f0   COMPRESSED   0x00000010   Data   RW          161    .data               network.o
    0x24000300   COMPRESSED   0x00000010   Data   RW          162    .data               network.o
    0x24000310   COMPRESSED   0x00000010   Data   RW          163    .data               network.o
    0x24000320   COMPRESSED   0x00000010   Data   RW          164    .data               network.o
    0x24000330   COMPRESSED   0x00000010   Data   RW          165    .data               network.o
    0x24000340   COMPRESSED   0x00000010   Data   RW          166    .data               network.o
    0x24000350   COMPRESSED   0x00000010   Data   RW          167    .data               network.o
    0x24000360   COMPRESSED   0x00000010   Data   RW          168    .data               network.o
    0x24000370   COMPRESSED   0x00000010   Data   RW          169    .data               network.o
    0x24000380   COMPRESSED   0x00000010   Data   RW          170    .data               network.o
    0x24000390   COMPRESSED   0x00000010   Data   RW          171    .data               network.o
    0x240003a0   COMPRESSED   0x00000010   Data   RW          172    .data               network.o
    0x240003b0   COMPRESSED   0x00000010   Data   RW          173    .data               network.o
    0x240003c0   COMPRESSED   0x00000010   Data   RW          174    .data               network.o
    0x240003d0   COMPRESSED   0x00000010   Data   RW          175    .data               network.o
    0x240003e0   COMPRESSED   0x00000004   Data   RW          176    .data               network.o
    0x240003e4   COMPRESSED   0x00000004   Data   RW          177    .data               network.o
    0x240003e8   COMPRESSED   0x00000004   Data   RW          178    .data               network.o
    0x240003ec   COMPRESSED   0x00000004   Data   RW          179    .data               network.o
    0x240003f0   COMPRESSED   0x00000030   Data   RW          180    .data               network.o
    0x24000420   COMPRESSED   0x00000004   Data   RW          181    .data               network.o
    0x24000424   COMPRESSED   0x00000004   Data   RW          182    .data               network.o
    0x24000428   COMPRESSED   0x00000004   Data   RW          183    .data               network.o
    0x2400042c   COMPRESSED   0x00000004   Data   RW          184    .data               network.o
    0x24000430   COMPRESSED   0x00000030   Data   RW          185    .data               network.o
    0x24000460   COMPRESSED   0x00000004   Data   RW          186    .data               network.o
    0x24000464   COMPRESSED   0x00000004   Data   RW          187    .data               network.o
    0x24000468   COMPRESSED   0x00000008   Data   RW          188    .data               network.o
    0x24000470   COMPRESSED   0x00000004   Data   RW          189    .data               network.o
    0x24000474   COMPRESSED   0x00000030   Data   RW          190    .data               network.o
    0x240004a4   COMPRESSED   0x00000004   Data   RW          191    .data               network.o
    0x240004a8   COMPRESSED   0x00000004   Data   RW          192    .data               network.o
    0x240004ac   COMPRESSED   0x0000000c   Data   RW          193    .data               network.o
    0x240004b8   COMPRESSED   0x00000008   Data   RW          194    .data               network.o
    0x240004c0   COMPRESSED   0x00000030   Data   RW          195    .data               network.o
    0x240004f0   COMPRESSED   0x00000004   Data   RW          196    .data               network.o
    0x240004f4   COMPRESSED   0x00000004   Data   RW          197    .data               network.o
    0x240004f8   COMPRESSED   0x0000000c   Data   RW          198    .data               network.o
    0x24000504   COMPRESSED   0x00000004   Data   RW          199    .data               network.o
    0x24000508   COMPRESSED   0x00000030   Data   RW          200    .data               network.o
    0x24000538   COMPRESSED   0x00000010   Data   RW          201    .data               network.o
    0x24000548   COMPRESSED   0x00000004   Data   RW          202    .data               network.o
    0x2400054c   COMPRESSED   0x00000004   Data   RW          203    .data               network.o
    0x24000550   COMPRESSED   0x0000000c   Data   RW          204    .data               network.o
    0x2400055c   COMPRESSED   0x00000004   Data   RW          205    .data               network.o
    0x24000560   COMPRESSED   0x00000030   Data   RW          206    .data               network.o
    0x24000590   COMPRESSED   0x00000004   Data   RW          207    .data               network.o
    0x24000594   COMPRESSED   0x00000004   Data   RW          208    .data               network.o
    0x24000598   COMPRESSED   0x00000004   Data   RW          209    .data               network.o
    0x2400059c   COMPRESSED   0x00000004   Data   RW          210    .data               network.o
    0x240005a0   COMPRESSED   0x00000030   Data   RW          211    .data               network.o
    0x240005d0   COMPRESSED   0x00000010   Data   RW          212    .data               network.o
    0x240005e0   COMPRESSED   0x00000004   Data   RW          213    .data               network.o
    0x240005e4   COMPRESSED   0x00000004   Data   RW          214    .data               network.o
    0x240005e8   COMPRESSED   0x0000000c   Data   RW          215    .data               network.o
    0x240005f4   COMPRESSED   0x00000004   Data   RW          216    .data               network.o
    0x240005f8   COMPRESSED   0x00000030   Data   RW          217    .data               network.o
    0x24000628   COMPRESSED   0x00000010   Data   RW          218    .data               network.o
    0x24000638   COMPRESSED   0x00000004   Data   RW          219    .data               network.o
    0x2400063c   COMPRESSED   0x00000004   Data   RW          220    .data               network.o
    0x24000640   COMPRESSED   0x0000000c   Data   RW          221    .data               network.o
    0x2400064c   COMPRESSED   0x00000004   Data   RW          222    .data               network.o
    0x24000650   COMPRESSED   0x00000030   Data   RW          223    .data               network.o
    0x24000680   COMPRESSED   0x00000010   Data   RW          224    .data               network.o
    0x24000690   COMPRESSED   0x00000004   Data   RW          225    .data               network.o
    0x24000694   COMPRESSED   0x00000004   Data   RW          226    .data               network.o
    0x24000698   COMPRESSED   0x00000004   Data   RW          227    .data               network.o
    0x2400069c   COMPRESSED   0x00000004   Data   RW          228    .data               network.o
    0x240006a0   COMPRESSED   0x00000030   Data   RW          229    .data               network.o
    0x240006d0   COMPRESSED   0x00000010   Data   RW          230    .data               network.o
    0x240006e0   COMPRESSED   0x0000001c   Data   RW          231    .data               network.o
    0x240006fc   COMPRESSED   0x00000010   Data   RW          232    .data               network.o
    0x2400070c   COMPRESSED   0x0000001c   Data   RW          233    .data               network.o
    0x24000728   COMPRESSED   0x00000004   Data   RW          234    .data               network.o
    0x2400072c   COMPRESSED   0x00000008   Data   RW          235    .data               network.o
    0x24000734   COMPRESSED   0x0000000c   Data   RW          236    .data               network.o
    0x24000740   COMPRESSED   0x00000004   Data   RW          237    .data               network.o
    0x24000744   COMPRESSED   0x00000008   Data   RW          238    .data               network.o
    0x2400074c   COMPRESSED   0x0000000c   Data   RW          239    .data               network.o
    0x24000758   COMPRESSED   0x00000018   Data   RW          240    .data               network.o
    0x24000770   COMPRESSED   0x00000244   Data   RW          241    .data               network.o
    0x240009b4   COMPRESSED   0x0000001c   Data   RW          242    .data               network.o
    0x240009d0   COMPRESSED   0x0000001c   Data   RW          243    .data               network.o
    0x240009ec   COMPRESSED   0x0000001c   Data   RW          244    .data               network.o
    0x24000a08   COMPRESSED   0x0000001c   Data   RW          245    .data               network.o
    0x24000a24   COMPRESSED   0x0000001c   Data   RW          246    .data               network.o
    0x24000a40   COMPRESSED   0x0000001c   Data   RW          247    .data               network.o
    0x24000a5c   COMPRESSED   0x0000001c   Data   RW          248    .data               network.o
    0x24000a78   COMPRESSED   0x0000001c   Data   RW          249    .data               network.o
    0x24000a94   COMPRESSED   0x0000001c   Data   RW          250    .data               network.o
    0x24000ab0   COMPRESSED   0x0000001c   Data   RW          251    .data               network.o
    0x24000acc   COMPRESSED   0x0000001c   Data   RW          252    .data               network.o
    0x24000ae8   COMPRESSED   0x0000001c   Data   RW          253    .data               network.o
    0x24000b04   COMPRESSED   0x0000001c   Data   RW          254    .data               network.o
    0x24000b20   COMPRESSED   0x0000001c   Data   RW          255    .data               network.o
    0x24000b3c   COMPRESSED   0x0000001c   Data   RW          256    .data               network.o
    0x24000b58   COMPRESSED   0x0000001c   Data   RW          257    .data               network.o
    0x24000b74   COMPRESSED   0x0000001c   Data   RW          258    .data               network.o
    0x24000b90   COMPRESSED   0x0000001c   Data   RW          259    .data               network.o
    0x24000bac   COMPRESSED   0x0000001c   Data   RW          260    .data               network.o
    0x24000bc8   COMPRESSED   0x0000001c   Data   RW          261    .data               network.o
    0x24000be4   COMPRESSED   0x0000001c   Data   RW          262    .data               network.o
    0x24000c00   COMPRESSED   0x0000001c   Data   RW          263    .data               network.o
    0x24000c1c   COMPRESSED   0x0000001c   Data   RW          264    .data               network.o
    0x24000c38   COMPRESSED   0x0000001c   Data   RW          265    .data               network.o
    0x24000c54   COMPRESSED   0x0000001c   Data   RW          266    .data               network.o
    0x24000c70   COMPRESSED   0x0000001c   Data   RW          267    .data               network.o
    0x24000c8c   COMPRESSED   0x0000001c   Data   RW          268    .data               network.o
    0x24000ca8   COMPRESSED   0x0000001c   Data   RW          269    .data               network.o
    0x24000cc4   COMPRESSED   0x0000001c   Data   RW          270    .data               network.o
    0x24000ce0   COMPRESSED   0x0000001c   Data   RW          271    .data               network.o
    0x24000cfc   COMPRESSED   0x0000001c   Data   RW          272    .data               network.o
    0x24000d18   COMPRESSED   0x00000020   Data   RW          273    .data               network.o
    0x24000d38   COMPRESSED   0x00000020   Data   RW          274    .data               network.o
    0x24000d58   COMPRESSED   0x0000001c   Data   RW          275    .data               network.o
    0x24000d74   COMPRESSED   0x00000060   Data   RW          276    .data               network.o
    0x24000dd4   COMPRESSED   0x00000044   Data   RW          277    .data               network.o
    0x24000e18   COMPRESSED   0x00000044   Data   RW          278    .data               network.o
    0x24000e5c   COMPRESSED   0x0000002c   Data   RW          279    .data               network.o
    0x24000e88   COMPRESSED   0x00000044   Data   RW          280    .data               network.o
    0x24000ecc   COMPRESSED   0x00000044   Data   RW          281    .data               network.o
    0x24000f10   COMPRESSED   0x00000020   Data   RW          282    .data               network.o
    0x24000f30   COMPRESSED   0x00000010   Data   RW          544    .data               network_data.o
    0x24000f40   COMPRESSED   0x00000010   Data   RW          545    .data               network_data.o
    0x24000f50   COMPRESSED   0x0000001c   Data   RW          546    .data               network_data.o
    0x24000f6c   COMPRESSED   0x0000001c   Data   RW          547    .data               network_data.o
    0x24000f88   COMPRESSED   0x00000018   Data   RW          621    .data               app_x-cube-ai.o
    0x24000fa0   COMPRESSED   0x0000000c   Data   RW          841    .data               main.o
    0x24000fac   COMPRESSED   0x00000004   Data   RW          843    .data               main.o
    0x24000fb0   COMPRESSED   0x00000008   Data   RW         1193    .data               fmc.o
    0x24000fb8   COMPRESSED   0x0000000c   Data   RW         3197    .data               stm32h7xx_hal.o
    0x24000fc4   COMPRESSED   0x00000008   Data   RW         6038    .data               system_stm32h7xx_dualcore_boot_cm4_cm7.o
    0x24000fcc   COMPRESSED   0x00000064   Data   RW         6099    .data               stm32h747i_discovery.o
    0x24001030   COMPRESSED   0x00000008   Data   RW         6265    .data               stm32h747i_discovery_bus.o
    0x24001038   COMPRESSED   0x00000008   Data   RW         6405    .data               stm32h747i_discovery_lcd.o
    0x24001040   COMPRESSED   0x00000014   Data   RW         6883    .data               stm32h747i_discovery_ts.o
    0x24001054   COMPRESSED   0x00000030   Data   RW         7257    .data               ft6x06.o
    0x24001084   COMPRESSED   0x00000008   Data   RW         8127    .data               stm32_lcd.o
    0x2400108c   COMPRESSED   0x00000008   Data   RW         8128    .data               stm32_lcd.o
    0x24001094        -       0x00000010   Zero   RW           23    .bss                network.o
    0x240010a4        -       0x00000010   Zero   RW           24    .bss                network.o
    0x240010b4        -       0x00000010   Zero   RW           25    .bss                network.o
    0x240010c4        -       0x0000001c   Zero   RW           26    .bss                network.o
    0x240010e0        -       0x00000010   Zero   RW           27    .bss                network.o
    0x240010f0        -       0x0000001c   Zero   RW           28    .bss                network.o
    0x2400110c        -       0x00000010   Zero   RW           29    .bss                network.o
    0x2400111c   COMPRESSED   0x00000004   PAD
    0x24001120        -       0x00003440   Zero   RW          619    .bss                app_x-cube-ai.o
    0x24004560        -       0x000009c0   Zero   RW          837    .bss                main.o
    0x24004f20        -       0x00000024   Zero   RW         1068    .bss                crc.o
    0x24004f44        -       0x00000068   Zero   RW         1110    .bss                dma2d.o
    0x24004fac        -       0x00000034   Zero   RW         1192    .bss                fmc.o
    0x24004fe0        -       0x000000a8   Zero   RW         1239    .bss                ltdc.o
    0x24005088        -       0x0000004c   Zero   RW         1281    .bss                quadspi.o
    0x240050d4        -       0x00000094   Zero   RW         1323    .bss                usart.o
    0x24005168        -       0x00000a54   Zero   RW         6263    .bss                stm32h747i_discovery_bus.o
    0x24005bbc        -       0x00000190   Zero   RW         6403    .bss                stm32h747i_discovery_lcd.o
    0x24005d4c        -       0x0000012c   Zero   RW         6813    .bss                stm32h747i_discovery_sdram.o
    0x24005e78        -       0x00000050   Zero   RW         6881    .bss                stm32h747i_discovery_ts.o
    0x24005ec8        -       0x00000010   Zero   RW         7168    .bss                is42s32800j.o
    0x24005ed8        -       0x0000000c   Zero   RW         7919    .bss                otm8009a.o
    0x24005ee4        -       0x0000006c   Zero   RW         8121    .bss                stm32_lcd.o
    0x24005f50        -       0x00000060   Zero   RW        10758    .bss                c_w.l(libspace.o)
    0x24005fb0        -       0x00000800   Zero   RW            2    HEAP                startup_stm32h747xx_cm7.o
    0x240067b0        -       0x00000800   Zero   RW            1    STACK               startup_stm32h747xx_cm7.o


==============================================================================

Image component sizes


      Code (inc. data)   RO Data    RW Data    ZI Data      Debug   Object Name

       288        174          0         24      13376    1576432   app_x-cube-ai.o
        88         18          0          0         36       1631   crc.o
       132         20          0          0        104       1725   dma2d.o
       168         18          0          0          0       1642   dsihost.o
       364         44          0          8         52       2456   fmc.o
       556          8          0         48          0      18238   ft6x06.o
       212          0          0          0          0       7787   ft6x06_reg.o
       212          8          0          0          0       1187   gpio.o
       288         18          0          0         16       6541   is42s32800j.o
       180         20          0          0        168       1856   ltdc.o
      2998        590         44         16       2496      58897   main.o
       904         38       1626       3888        136      71345   network.o
        40          4        104         88          0      15353   network_data.o
         0          0      10320          0          0      14762   network_data_params.o
      1798         26        327          0         12      10687   otm8009a.o
        14          0          0          0          0       1117   otm8009a_reg.o
       468         42          0          0         76       2149   quadspi.o
        64         26        664          0       4096        868   startup_stm32h747xx_cm7.o
      1332         56      10640         16        108      16979   stm32_lcd.o
       166         14         64        100          0      11656   stm32h747i_discovery.o
      1136        112        132          8       2644      12186   stm32h747i_discovery_bus.o
      1264        100          0          8        400      30084   stm32h747i_discovery_lcd.o
       544         54          0          0        300       3426   stm32h747i_discovery_sdram.o
       536         56         12         20         80      16015   stm32h747i_discovery_ts.o
       232         44          0         12          0      31308   stm32h7xx_hal.o
       232         12          0          0          0      40437   stm32h7xx_hal_cortex.o
       120          6          0          0          0       1207   stm32h7xx_hal_crc.o
        84          0          0          0          0       1311   stm32h7xx_hal_crc_ex.o
      1508         70          0          0          0       3851   stm32h7xx_hal_dma.o
      1102         16          0          0          0       7548   stm32h7xx_hal_dma2d.o
      2176         16          0          0          0      16516   stm32h7xx_hal_dsi.o
       934         94          0          0          0       3254   stm32h7xx_hal_gpio.o
        52         12          0          0          0       1291   stm32h7xx_hal_hsem.o
      1816         40          0          0          0      15611   stm32h7xx_hal_i2c.o
       172          0          0          0          0       2027   stm32h7xx_hal_i2c_ex.o
      1106          6          0          0          0       6592   stm32h7xx_hal_ltdc.o
       394          6          0          0          0       3366   stm32h7xx_hal_mdma.o
        52          6          0          0          0        894   stm32h7xx_hal_msp.o
       132          4          0          0          0        861   stm32h7xx_hal_pwr_ex.o
       802         14          0          0          0       9308   stm32h7xx_hal_qspi.o
      2466        102          0          0          0       7176   stm32h7xx_hal_rcc.o
      3788        118          0          0          0       7937   stm32h7xx_hal_rcc_ex.o
       218          4          0          0          0       4164   stm32h7xx_hal_sdram.o
      2754        138         24          0          0      31376   stm32h7xx_hal_uart.o
       290          6         16          0          0       5550   stm32h7xx_hal_uart_ex.o
        94         36          0          0          0       7851   stm32h7xx_it.o
       338         12          0          0          0       4300   stm32h7xx_ll_fmc.o
       248         40         16          8          0       1574   system_stm32h7xx_dualcore_boot_cm4_cm7.o
       256         24          0          0        148       1926   usart.o

    ----------------------------------------------------------------------
     35164       2272      24092       4244      24252    2102255   Object Totals
         0          0         32          0          0          0   (incl. Generated)
        46          0         71          0          4          0   (incl. Padding)

    ----------------------------------------------------------------------

      Code (inc. data)   RO Data    RW Data    ZI Data      Debug   Library Member Name

       390         54          0          0          0        368   ai_datatypes_format.o
        74          6          0          0          0        360   ai_datatypes_internal.o
       158          8          0          0          0        368   ai_platform.o
      2652        118        104          0          0       3372   ai_platform_interface.o
        42          0          0          0          0        348   core_common.o
       918         10          0          0          0        452   core_convert.o
       102          0          0          0          0        248   core_utils.o
        80          0          0          0          0        148   forward_lite_avepool_is8os8.o
      1776          0          0          0          0        268   forward_lite_conv2d_sssa8_ch.o
        72          0          0          0          0       1208   forward_lite_convert.o
       110          0          0          0          0        148   forward_lite_dense_is8os8ws8.o
      1720          0          0          0          0        408   forward_lite_dw_sssa8_ch.o
       978          0          0          0          0        724   forward_lite_pad_generic.o
       570          0          0          0          0        160   forward_lite_pw_sssa8_ch.o
       226          6          0          0          0        628   layers.o
       646          4          0          0          0        392   layers_conv2d_sssa8_ch.o
       382          4          0          0          0        260   layers_conv2d_stm32_integer.o
       642          6          0          0          0        392   layers_dw_sssa8_ch.o
        34          0          0          0          0        116   layers_generic_float.o
       226          4          0          0          0        260   layers_nl_stm32_integer.o
       728          0          0          0          0        560   layers_pad_generic.o
       212          6          0          0          0        144   layers_pool_stm32_integer.o
      1204         12         60          0          0        508   layers_pw_sssa8_ch.o
       704         16          0          0          0       1236   lite_convert_kernel.o
        56          0          0          0          0        272   lite_nl_generic_integer.o
      1826         50          0          0          0        292   lite_nl_softmax_is8os8.o
      1818         48          0          0          0        292   lite_nl_softmax_iu8ou8.o
       224          8          0          0          0        256   st_align_factor.o
       240          4          0          0          0        124   st_f32_to_int16.o
       252          4          0          0          0        124   st_f32_to_int8.o
        48          0          0          0          0        128   st_int16_fill.o
       140          4          0          0          0        124   st_int16_to_f32.o
       224          0          0          0          0        256   st_int8_fill.o
       344          6          0          0          0        148   st_int8_pool.o
        78          0          0          0          0        132   st_int8_reordered_no_shift.o
      1434          0          0          0          0        556   st_int8_to16_no_shift.o
       140          4          0          0          0        124   st_int8_to_f32.o
       222          0          0          0          0        248   st_padding_opt.o
       168          0          0          0          0        140   st_sssa8_ch_convolve.o
       828          0          0          0          0          0   st_sssa8_ch_nn_mat_mult_kernel_opt.o
       620          0          0          0          0        148   st_sssa8_ch_nn_mat_mult_kernel_single_opt.o
       486          0          0          0          0        280   st_sssa8_ch_nn_mat_mult_nt_t.o
      2736          0          0          0          0          0   st_sssa8_ch_nn_mat_mult_pw_nt_t.o
       612          0          0          0          0        148   st_sssa8_dense.o
      1172          0          0          0          0          0   st_sssa8_dense_loop.o
        24          4          0          0          0         84   __2printf.o
        56          6          0          0          0         88   __2snprintf.o
        44          6          0          0          0         84   __2sprintf.o
        90          0          0          0          0          0   __dczerorl2.o
         8          0          0          0          0         68   __main.o
       312          4         17          0          0         92   __printf_flags_wp.o
        14          0          0          0          0         68   __printf_wp.o
         0          0          0          0          0          0   __rtentry.o
        12          0          0          0          0          0   __rtentry2.o
         6          0          0          0          0          0   __rtentry4.o
        52          8          0          0          0          0   __scatter.o
        28          0          0          0          0          0   __scatter_zi.o
        44          0          0          0          0        108   _printf_char.o
        48          6          0          0          0         96   _printf_char_common.o
        36          4          0          0          0         80   _printf_char_file.o
         6          0          0          0          0          0   _printf_d.o
       120         16          0          0          0         92   _printf_dec.o
         6          0          0          0          0          0   _printf_f.o
      1054          0          0          0          0        216   _printf_fp_dec.o
       128         16          0          0          0         84   _printf_fp_infnan.o
        88          4         40          0          0         88   _printf_hex_int.o
       178          0          0          0          0         88   _printf_intcommon.o
        78          0          0          0          0        108   _printf_pad.o
         0          0          0          0          0          0   _printf_percent.o
         4          0          0          0          0          0   _printf_percent_end.o
         6          0          0          0          0          0   _printf_s.o
        82          0          0          0          0         80   _printf_str.o
         6          0          0          0          0          0   _printf_x.o
        22          0          0          0          0        100   _rserrno.o
        16          0          0          0          0         68   _snputc.o
        10          0          0          0          0         68   _sputc.o
       228          4        148          0          0         96   bigflt0.o
      1936        128          0          0          0        672   btod.o
        18          0          0          0          0         80   exit.o
         8          0          0          0          0         68   ferror.o
         6          0          0          0          0        152   heapauxi.o
        44         10         28          0          0         76   lc_numeric_c.o
         2          0          0          0          0          0   libinit.o
        22          0          0          0          0          0   libinit2.o
         2          0          0          0          0          0   libshutdown.o
         2          0          0          0          0          0   libshutdown2.o
         8          4          0          0         96         68   libspace.o
        72          0          0          0          0         76   llsdiv.o
       138          0          0          0          0         80   lludiv10.o
       238          0          0          0          0        100   lludivv7m.o
        88          0          0          0          0         76   memcmp.o
         8          4          0          0          0         68   rt_errno_addr_intlibspace.o
         8          4          0          0          0         68   rt_locale_intlibspace.o
        78          0          0          0          0         80   rt_memclr_w.o
       100          0          0          0          0         80   rt_memcpy_w.o
         2          0          0          0          0          0   rtexit.o
        10          0          0          0          0          0   rtexit2.o
       104          0          0          0          0         68   strcmpv7m_pel.o
        74          0          0          0          0         80   sys_stackheap_outer.o
         2          0          0          0          0         68   use_no_semi.o
         2          0          0          0          0         68   use_no_semi_2.o
       134          4          0          0          0        132   ffixll.o
       140          4          0          0          0        132   fnaninf.o
        10          0          0          0          0        116   fpinit.o
         4          0          0          0          0        116   printf1.o
         0          0          0          0          0          0   usenofp.o
        48          0          0          0          0        124   fpclassify.o
        38          0          0          0          0        116   fpclassifyf.o
        78         28          0          0          0        580   funder.o
      1624        130        320          0          0        400   powf.o

    ----------------------------------------------------------------------
     36232        776        720          0         96      22468   Library Totals
        64          0          3          0          0          0   (incl. Padding)

    ----------------------------------------------------------------------

      Code (inc. data)   RO Data    RW Data    ZI Data      Debug   Library Name

     28314        382        164          0          0      16868   NetworkRuntime900_CM7_Keil.lib
      5778        228        233          0         96       3884   c_w.l
       288          8          0          0          0        496   fz_wv.l
      1788        158        320          0          0       1220   m_wv.l

    ----------------------------------------------------------------------
     36232        776        720          0         96      22468   Library Totals

    ----------------------------------------------------------------------

==============================================================================


      Code (inc. data)   RO Data    RW Data    ZI Data      Debug   

     71396       3048      24812       4244      24348    2081139   Grand Totals
     71396       3048      24812       1504      24348    2081139   ELF Image Totals (compressed)
     71396       3048      24812       1504          0          0   ROM Totals

==============================================================================

    Total RO  Size (Code + RO Data)                96208 (  93.95kB)
    Total RW  Size (RW Data + ZI Data)             28592 (  27.92kB)
    Total ROM Size (Code + RO Data + RW Data)      97712 (  95.42kB)

==============================================================================

