Component: ARM Compiler 5.06 update 5 (build 528) Tool: armlink [4d35e2]

==============================================================================

Section Cross References

    startup_stm32h747xx_cm7.o(STACK) refers (Special) to heapauxi.o(.text) for __use_two_region_memory
    startup_stm32h747xx_cm7.o(HEAP) refers (Special) to heapauxi.o(.text) for __use_two_region_memory
    startup_stm32h747xx_cm7.o(RESET) refers (Special) to heapauxi.o(.text) for __use_two_region_memory
    startup_stm32h747xx_cm7.o(RESET) refers to startup_stm32h747xx_cm7.o(STACK) for __initial_sp
    startup_stm32h747xx_cm7.o(RESET) refers to startup_stm32h747xx_cm7.o(.text) for Reset_Handler
    startup_stm32h747xx_cm7.o(RESET) refers to stm32h7xx_it.o(i.NMI_Handler) for NMI_Handler
    startup_stm32h747xx_cm7.o(RESET) refers to stm32h7xx_it.o(i.HardFault_Handler) for HardFault_Handler
    startup_stm32h747xx_cm7.o(RESET) refers to stm32h7xx_it.o(i.MemManage_Handler) for MemManage_Handler
    startup_stm32h747xx_cm7.o(RESET) refers to stm32h7xx_it.o(i.BusFault_Handler) for BusFault_Handler
    startup_stm32h747xx_cm7.o(RESET) refers to stm32h7xx_it.o(i.UsageFault_Handler) for UsageFault_Handler
    startup_stm32h747xx_cm7.o(RESET) refers to stm32h7xx_it.o(i.SVC_Handler) for SVC_Handler
    startup_stm32h747xx_cm7.o(RESET) refers to stm32h7xx_it.o(i.DebugMon_Handler) for DebugMon_Handler
    startup_stm32h747xx_cm7.o(RESET) refers to stm32h7xx_it.o(i.PendSV_Handler) for PendSV_Handler
    startup_stm32h747xx_cm7.o(RESET) refers to stm32h7xx_it.o(i.SysTick_Handler) for SysTick_Handler
    startup_stm32h747xx_cm7.o(RESET) refers to stm32h7xx_it.o(i.USART1_IRQHandler) for USART1_IRQHandler
    startup_stm32h747xx_cm7.o(RESET) refers to stm32h7xx_it.o(i.FMC_IRQHandler) for FMC_IRQHandler
    startup_stm32h747xx_cm7.o(RESET) refers to stm32h7xx_it.o(i.LTDC_IRQHandler) for LTDC_IRQHandler
    startup_stm32h747xx_cm7.o(RESET) refers to stm32h7xx_it.o(i.LTDC_ER_IRQHandler) for LTDC_ER_IRQHandler
    startup_stm32h747xx_cm7.o(RESET) refers to stm32h7xx_it.o(i.DMA2D_IRQHandler) for DMA2D_IRQHandler
    startup_stm32h747xx_cm7.o(RESET) refers to stm32h7xx_it.o(i.QUADSPI_IRQHandler) for QUADSPI_IRQHandler
    startup_stm32h747xx_cm7.o(RESET) refers to main.o(i.DSI_IRQHandler) for DSI_IRQHandler
    startup_stm32h747xx_cm7.o(RESET) refers to stm32h7xx_it.o(i.ECC_IRQHandler) for ECC_IRQHandler
    startup_stm32h747xx_cm7.o(.text) refers (Special) to heapauxi.o(.text) for __use_two_region_memory
    startup_stm32h747xx_cm7.o(.text) refers to system_stm32h7xx_dualcore_boot_cm4_cm7.o(i.SystemInit) for SystemInit
    startup_stm32h747xx_cm7.o(.text) refers to __main.o(!!!main) for __main
    startup_stm32h747xx_cm7.o(.text) refers to startup_stm32h747xx_cm7.o(HEAP) for Heap_Mem
    startup_stm32h747xx_cm7.o(.text) refers to startup_stm32h747xx_cm7.o(STACK) for Stack_Mem
    network.o(i.ai_network_create) refers to ai_platform_interface.o(i.ai_platform_network_create) for ai_platform_network_create
    network.o(i.ai_network_create) refers to network.o(.data) for .data
    network.o(i.ai_network_create_and_init) refers to network.o(i.ai_network_create) for ai_network_create
    network.o(i.ai_network_create_and_init) refers to network_data.o(i.ai_network_data_params_get) for ai_network_data_params_get
    network.o(i.ai_network_create_and_init) refers to network.o(i.ai_network_get_error) for ai_network_get_error
    network.o(i.ai_network_create_and_init) refers to ai_platform.o(i.ai_buffer_array_item_set_address) for ai_buffer_array_item_set_address
    network.o(i.ai_network_create_and_init) refers to network.o(i.ai_network_init) for ai_network_init
    network.o(i.ai_network_destroy) refers to ai_platform_interface.o(i.ai_platform_network_destroy) for ai_platform_network_destroy
    network.o(i.ai_network_forward) refers to ai_platform_interface.o(i.ai_platform_network_process) for ai_platform_network_process
    network.o(i.ai_network_get_error) refers to ai_platform_interface.o(i.ai_platform_network_get_error) for ai_platform_network_get_error
    network.o(i.ai_network_get_info) refers to ai_platform_interface.o(i.ai_platform_context_acquire) for ai_platform_context_acquire
    network.o(i.ai_network_get_info) refers to rt_memcpy_w.o(.text) for __aeabi_memcpy4
    network.o(i.ai_network_get_info) refers to ai_platform_interface.o(i.ai_platform_runtime_get_revision) for ai_platform_runtime_get_revision
    network.o(i.ai_network_get_info) refers to ai_platform_interface.o(i.ai_platform_runtime_get_version) for ai_platform_runtime_get_version
    network.o(i.ai_network_get_info) refers to ai_platform_interface.o(i.ai_platform_api_get_version) for ai_platform_api_get_version
    network.o(i.ai_network_get_info) refers to ai_platform_interface.o(i.ai_platform_interface_api_get_version) for ai_platform_interface_api_get_version
[...]
    0x08002db4   0x08002db4   0x00000088   Code   RO         4146    i.HAL_DMA2D_Init    stm32h7xx_hal_dma2d.o
    0x08002e3c   0x08002e3c   0x00000002   Code   RO         4147    i.HAL_DMA2D_LineEventCallback  stm32h7xx_hal_dma2d.o
    0x08002e3e   0x08002e3e   0x00000002   PAD
    0x08002e40   0x08002e40   0x0000003c   Code   RO         1108    i.HAL_DMA2D_MspInit  dma2d.o
    0x08002e7c   0x08002e7c   0x0000010e   Code   RO         4150    i.HAL_DMA2D_PollForTransfer  stm32h7xx_hal_dma2d.o
    0x08002f8a   0x08002f8a   0x00000034   Code   RO         4153    i.HAL_DMA2D_Start   stm32h7xx_hal_dma2d.o
    0x08002fbe   0x08002fbe   0x00000002   PAD
    0x08002fc0   0x08002fc0   0x00000360   Code   RO         2416    i.HAL_DMA_Abort     stm32h7xx_hal_dma.o
    0x08003320   0x08003320   0x00000284   Code   RO         2417    i.HAL_DMA_Abort_IT  stm32h7xx_hal_dma.o
    0x080035a4   0x080035a4   0x00000110   Code   RO         4336    i.HAL_DSI_ConfigAdaptedCommandMode  stm32h7xx_hal_dsi.o
    0x080036b4   0x080036b4   0x00000074   Code   RO         4337    i.HAL_DSI_ConfigCommand  stm32h7xx_hal_dsi.o
    0x08003728   0x08003728   0x0000002a   Code   RO         4339    i.HAL_DSI_ConfigFlowControl  stm32h7xx_hal_dsi.o
    0x08003752   0x08003752   0x00000084   Code   RO         4341    i.HAL_DSI_ConfigPhyTimer  stm32h7xx_hal_dsi.o
    0x080037d6   0x080037d6   0x0000008a   Code   RO         4343    i.HAL_DSI_DeInit    stm32h7xx_hal_dsi.o
    0x08003860   0x08003860   0x00000002   Code   RO         4344    i.HAL_DSI_EndOfRefreshCallback  stm32h7xx_hal_dsi.o
    0x08003862   0x08003862   0x00000002   Code   RO         4347    i.HAL_DSI_ErrorCallback  stm32h7xx_hal_dsi.o
    0x08003864   0x08003864   0x00000034   Code   RO         4351    i.HAL_DSI_ForceRXLowPower  stm32h7xx_hal_dsi.o
    0x08003898   0x08003898   0x000000ec   Code   RO         4355    i.HAL_DSI_IRQHandler  stm32h7xx_hal_dsi.o
    0x08003984   0x08003984   0x00000208   Code   RO         4356    i.HAL_DSI_Init      stm32h7xx_hal_dsi.o
    0x08003b8c   0x08003b8c   0x000000c4   Code   RO         4357    i.HAL_DSI_LongWrite  stm32h7xx_hal_dsi.o
    0x08003c50   0x08003c50   0x00000024   Code   RO         1146    i.HAL_DSI_MspDeInit  dsihost.o
    0x08003c74   0x08003c74   0x00000084   Code   RO         1147    i.HAL_DSI_MspInit   dsihost.o
    0x08003cf8   0x08003cf8   0x000000ec   Code   RO         4362    i.HAL_DSI_Read      stm32h7xx_hal_dsi.o
    0x08003de4   0x08003de4   0x00000024   Code   RO         4363    i.HAL_DSI_Refresh   stm32h7xx_hal_dsi.o
    0x08003e08   0x08003e08   0x00000022   Code   RO         4372    i.HAL_DSI_ShortWrite  stm32h7xx_hal_dsi.o
    0x08003e2a   0x08003e2a   0x00000044   Code   RO         4374    i.HAL_DSI_Start     stm32h7xx_hal_dsi.o
    0x08003e6e   0x08003e6e   0x00000002   Code   RO         4376    i.HAL_DSI_TearingEffectCallback  stm32h7xx_hal_dsi.o
    0x08003e70   0x08003e70   0x00000024   Code   RO         3143    i.HAL_Delay         stm32h7xx_hal.o
    0x08003e94   0x08003e94   0x0000010c   Code   RO         1188    i.HAL_FMC_MspInit   fmc.o
    0x08003fa0   0x08003fa0   0x00000170   Code   RO         2261    i.HAL_GPIO_DeInit   stm32h7xx_hal_gpio.o
    0x08004110   0x08004110   0x0000022c   Code   RO         2264    i.HAL_GPIO_Init     stm32h7xx_hal_gpio.o
    0x0800433c   0x0800433c   0x0000000a   Code   RO         2268    i.HAL_GPIO_WritePin  stm32h7xx_hal_gpio.o
    0x08004346   0x08004346   0x00000002   PAD
    0x08004348   0x08004348   0x0000000c   Code   RO         3162    i.HAL_GetREVID      stm32h7xx_hal.o
    0x08004354   0x08004354   0x0000000c   Code   RO         3163    i.HAL_GetTick       stm32h7xx_hal.o
    0x08004360   0x08004360   0x00000020   Code   RO         2329    i.HAL_HSEM_FastTake  stm32h7xx_hal_hsem.o
    0x08004380   0x08004380   0x00000014   Code   RO         2334    i.HAL_HSEM_Release  stm32h7xx_hal_hsem.o
    0x08004394   0x08004394   0x00000058   Code   RO         3998    i.HAL_I2CEx_ConfigAnalogFilter  stm32h7xx_hal_i2c_ex.o
    0x080043ec   0x080043ec   0x00000054   Code   RO         3999    i.HAL_I2CEx_ConfigDigitalFilter  stm32h7xx_hal_i2c_ex.o
    0x08004440   0x08004440   0x00000034   Code   RO         3528    i.HAL_I2C_DeInit    stm32h7xx_hal_i2c.o
    0x08004474   0x08004474   0x00000004   Code   RO         3534    i.HAL_I2C_GetError  stm32h7xx_hal_i2c.o
    0x08004478   0x08004478   0x00000006   Code   RO         3536    i.HAL_I2C_GetState  stm32h7xx_hal_i2c.o
    0x0800447e   0x0800447e   0x00000002   PAD
    0x08004480   0x08004480   0x000000c0   Code   RO         3537    i.HAL_I2C_Init      stm32h7xx_hal_i2c.o
    0x08004540   0x08004540   0x00000164   Code   RO         3555    i.HAL_I2C_Mem_Read  stm32h7xx_hal_i2c.o
    0x080046a4   0x080046a4   0x00000158   Code   RO         3558    i.HAL_I2C_Mem_Write  stm32h7xx_hal_i2c.o
    0x080047fc   0x080047fc   0x00000002   Code   RO         3561    i.HAL_I2C_MspDeInit  stm32h7xx_hal_i2c.o
    0x080047fe   0x080047fe   0x00000002   Code   RO         3562    i.HAL_I2C_MspInit   stm32h7xx_hal_i2c.o
    0x08004800   0x08004800   0x00000010   Code   RO         3169    i.HAL_IncTick       stm32h7xx_hal.o
    0x08004810   0x08004810   0x0000005c   Code   RO         3170    i.HAL_Init          stm32h7xx_hal.o
    0x0800486c   0x0800486c   0x00000040   Code   RO         3171    i.HAL_InitTick      stm32h7xx_hal.o
    0x080048ac   0x080048ac   0x00000052   Code   RO         4937    i.HAL_LTDC_ConfigLayer  stm32h7xx_hal_ltdc.o
    0x080048fe   0x080048fe   0x0000006a   Code   RO         4939    i.HAL_LTDC_DeInit   stm32h7xx_hal_ltdc.o
    0x08004968   0x08004968   0x00000002   Code   RO         4950    i.HAL_LTDC_ErrorCallback  stm32h7xx_hal_ltdc.o
    0x0800496a   0x0800496a   0x000000c8   Code   RO         4953    i.HAL_LTDC_IRQHandler  stm32h7xx_hal_ltdc.o
    0x08004a32   0x08004a32   0x00000002   PAD
    0x08004a34   0x08004a34   0x000000f8   Code   RO         4954    i.HAL_LTDC_Init     stm32h7xx_hal_ltdc.o
    0x08004b2c   0x08004b2c   0x00000002   Code   RO         4955    i.HAL_LTDC_LineEventCallback  stm32h7xx_hal_ltdc.o
    0x08004b2e   0x08004b2e   0x00000002   PAD
    0x08004b30   0x08004b30   0x00000030   Code   RO         1236    i.HAL_LTDC_MspDeInit  ltdc.o
    0x08004b60   0x08004b60   0x00000084   Code   RO         1237    i.HAL_LTDC_MspInit  ltdc.o
    0x08004be4   0x08004be4   0x00000002   Code   RO         4960    i.HAL_LTDC_ReloadEventCallback  stm32h7xx_hal_ltdc.o
    0x08004be6   0x08004be6   0x00000026   Code   RO         2599    i.HAL_MDMA_Abort_IT  stm32h7xx_hal_mdma.o
    0x08004c0c   0x08004c0c   0x00000056   Code   RO         2601    i.HAL_MDMA_DeInit   stm32h7xx_hal_mdma.o
    0x08004c62   0x08004c62   0x0000005e   Code   RO         2606    i.HAL_MDMA_Init     stm32h7xx_hal_mdma.o
    0x08004cc0   0x08004cc0   0x00000034   Code   RO         1480    i.HAL_MspInit       stm32h7xx_hal_msp.o
    0x08004cf4   0x08004cf4   0x00000022   Code   RO         1511    i.HAL_NVIC_DisableIRQ  stm32h7xx_hal_cortex.o
    0x08004d16   0x08004d16   0x0000001a   Code   RO         1512    i.HAL_NVIC_EnableIRQ  stm32h7xx_hal_cortex.o
    0x08004d30   0x08004d30   0x00000040   Code   RO         1518    i.HAL_NVIC_SetPriority  stm32h7xx_hal_cortex.o
    0x08004d70   0x08004d70   0x00000024   Code   RO         1519    i.HAL_NVIC_SetPriorityGrouping  stm32h7xx_hal_cortex.o
    0x08004d94   0x08004d94   0x00000084   Code   RO         2866    i.HAL_PWREx_ConfigSupply  stm32h7xx_hal_pwr_ex.o
    0x08004e18   0x08004e18   0x00000002   Code   RO         5222    i.HAL_QSPI_AbortCpltCallback  stm32h7xx_hal_qspi.o
    0x08004e1a   0x08004e1a   0x00000002   Code   RO         5226    i.HAL_QSPI_CmdCpltCallback  stm32h7xx_hal_qspi.o
    0x08004e1c   0x08004e1c   0x00000002   Code   RO         5230    i.HAL_QSPI_ErrorCallback  stm32h7xx_hal_qspi.o
    0x08004e1e   0x08004e1e   0x00000002   Code   RO         5231    i.HAL_QSPI_FifoThresholdCallback  stm32h7xx_hal_qspi.o
    0x08004e20   0x08004e20   0x000001e4   Code   RO         5235    i.HAL_QSPI_IRQHandler  stm32h7xx_hal_qspi.o
    0x08005004   0x08005004   0x000000ac   Code   RO         5236    i.HAL_QSPI_Init     stm32h7xx_hal_qspi.o
    0x080050b0   0x080050b0   0x0000019c   Code   RO         1279    i.HAL_QSPI_MspInit  quadspi.o
    0x0800524c   0x0800524c   0x00000002   Code   RO         5243    i.HAL_QSPI_RxCpltCallback  stm32h7xx_hal_qspi.o
    0x0800524e   0x0800524e   0x00000002   Code   RO         5247    i.HAL_QSPI_StatusMatchCallback  stm32h7xx_hal_qspi.o
    0x08005250   0x08005250   0x00000002   Code   RO         5248    i.HAL_QSPI_TimeOutCallback  stm32h7xx_hal_qspi.o
    0x08005252   0x08005252   0x00000002   Code   RO         5252    i.HAL_QSPI_TxCpltCallback  stm32h7xx_hal_qspi.o
    0x08005254   0x08005254   0x00000024   Code   RO         1880    i.HAL_RCCEx_GetD3PCLK1Freq  stm32h7xx_hal_rcc_ex.o
    0x08005278   0x08005278   0x00000144   Code   RO         1882    i.HAL_RCCEx_GetPLL2ClockFreq  stm32h7xx_hal_rcc_ex.o
    0x080053bc   0x080053bc   0x00000144   Code   RO         1883    i.HAL_RCCEx_GetPLL3ClockFreq  stm32h7xx_hal_rcc_ex.o
    0x08005500   0x08005500   0x000009e0   Code   RO         1889    i.HAL_RCCEx_PeriphCLKConfig  stm32h7xx_hal_rcc_ex.o
    0x08005ee0   0x08005ee0   0x0000025c   Code   RO         1764    i.HAL_RCC_ClockConfig  stm32h7xx_hal_rcc.o
    0x0800613c   0x0800613c   0x00000044   Code   RO         1769    i.HAL_RCC_GetHCLKFreq  stm32h7xx_hal_rcc.o
    0x08006180   0x08006180   0x00000024   Code   RO         1771    i.HAL_RCC_GetPCLK1Freq  stm32h7xx_hal_rcc.o
    0x080061a4   0x080061a4   0x00000024   Code   RO         1772    i.HAL_RCC_GetPCLK2Freq  stm32h7xx_hal_rcc.o
    0x080061c8   0x080061c8   0x00000138   Code   RO         1773    i.HAL_RCC_GetSysClockFreq  stm32h7xx_hal_rcc.o
    0x08006300   0x08006300   0x00000582   Code   RO         1776    i.HAL_RCC_OscConfig  stm32h7xx_hal_rcc.o
    0x08006882   0x08006882   0x0000001e   Code   RO         4768    i.HAL_SDRAM_IRQHandler  stm32h7xx_hal_sdram.o
    0x080068a0   0x080068a0   0x00000050   Code   RO         4769    i.HAL_SDRAM_Init    stm32h7xx_hal_sdram.o
    0x080068f0   0x080068f0   0x00000004   Code   RO         1190    i.HAL_SDRAM_MspInit  fmc.o
    0x080068f4   0x080068f4   0x0000002e   Code   RO         4772    i.HAL_SDRAM_ProgramRefreshRate  stm32h7xx_hal_sdram.o
    0x08006922   0x08006922   0x00000002   Code   RO         4777    i.HAL_SDRAM_RefreshErrorCallback  stm32h7xx_hal_sdram.o
    0x08006924   0x08006924   0x0000003c   Code   RO         4778    i.HAL_SDRAM_SendCommand  stm32h7xx_hal_sdram.o
    0x08006960   0x08006960   0x00000026   Code   RO         1523    i.HAL_SYSTICK_Config  stm32h7xx_hal_cortex.o
    0x08006986   0x08006986   0x00000040   Code   RO         5917    i.HAL_UARTEx_DisableFifoMode  stm32h7xx_hal_uart_ex.o
    0x080069c6   0x080069c6   0x00000002   Code   RO         5506    i.HAL_UARTEx_RxEventCallback  stm32h7xx_hal_uart.o
    0x080069c8   0x080069c8   0x00000002   Code   RO         5925    i.HAL_UARTEx_RxFifoFullCallback  stm32h7xx_hal_uart_ex.o
    0x080069ca   0x080069ca   0x0000004c   Code   RO         5926    i.HAL_UARTEx_SetRxFifoThreshold  stm32h7xx_hal_uart_ex.o
    0x08006a16   0x08006a16   0x0000004c   Code   RO         5927    i.HAL_UARTEx_SetTxFifoThreshold  stm32h7xx_hal_uart_ex.o
    0x08006a62   0x08006a62   0x00000002   Code   RO         5929    i.HAL_UARTEx_TxFifoEmptyCallback  stm32h7xx_hal_uart_ex.o
    0x08006a64   0x08006a64   0x00000002   Code   RO         5930    i.HAL_UARTEx_WakeupCallback  stm32h7xx_hal_uart_ex.o
    0x08006a66   0x08006a66   0x00000002   Code   RO         5522    i.HAL_UART_ErrorCallback  stm32h7xx_hal_uart.o
    0x08006a68   0x08006a68   0x00000388   Code   RO         5525    i.HAL_UART_IRQHandler  stm32h7xx_hal_uart.o
    0x08006df0   0x08006df0   0x0000006a   Code   RO         5526    i.HAL_UART_Init     stm32h7xx_hal_uart.o
    0x08006e5a   0x08006e5a   0x00000002   PAD
    0x08006e5c   0x08006e5c   0x00000098   Code   RO         1321    i.HAL_UART_MspInit  usart.o
    0x08006ef4   0x08006ef4   0x000000b0   Code   RO         5535    i.HAL_UART_Transmit  stm32h7xx_hal_uart.o
    0x08006fa4   0x08006fa4   0x00000002   Code   RO         5538    i.HAL_UART_TxCpltCallback  stm32h7xx_hal_uart.o
    0x08006fa6   0x08006fa6   0x00000002   Code   RO         1367    i.HardFault_Handler  stm32h7xx_it.o
    0x08006fa8   0x08006fa8   0x00000088   Code   RO         6256    i.I2C4_MspInit      stm32h747i_discovery_bus.o
    0x08007030   0x08007030   0x00000028   Code   RO         6257    i.I2C4_ReadReg      stm32h747i_discovery_bus.o
    0x08007058   0x08007058   0x00000028   Code   RO         6258    i.I2C4_WriteReg     stm32h747i_discovery_bus.o
    0x08007080   0x08007080   0x000000c8   Code   RO         6259    i.I2C_Compute_PRESC_SCLDEL_SDADEL  stm32h747i_discovery_bus.o
    0x08007148   0x08007148   0x00000114   Code   RO         6260    i.I2C_Compute_SCLL_SCLH  stm32h747i_discovery_bus.o
    0x0800725c   0x0800725c   0x00000022   Code   RO         3584    i.I2C_Flush_TXDR    stm32h7xx_hal_i2c.o
    0x0800727e   0x0800727e   0x00000002   PAD
    0x08007280   0x08007280   0x00000080   Code   RO         6261    i.I2C_GetTiming     stm32h747i_discovery_bus.o
    0x08007300   0x08007300   0x00000110   Code   RO         3592    i.I2C_IsErrorOccurred  stm32h7xx_hal_i2c.o
    0x08007410   0x08007410   0x00000064   Code   RO         3597    i.I2C_RequestMemoryRead  stm32h7xx_hal_i2c.o
    0x08007474   0x08007474   0x00000064   Code   RO         3598    i.I2C_RequestMemoryWrite  stm32h7xx_hal_i2c.o
    0x080074d8   0x080074d8   0x00000030   Code   RO         3601    i.I2C_TransferConfig  stm32h7xx_hal_i2c.o
    0x08007508   0x08007508   0x0000007c   Code   RO         3603    i.I2C_WaitOnFlagUntilTimeout  stm32h7xx_hal_i2c.o
    0x08007584   0x08007584   0x00000058   Code   RO         3605    i.I2C_WaitOnSTOPFlagUntilTimeout  stm32h7xx_hal_i2c.o
    0x080075dc   0x080075dc   0x0000005c   Code   RO         3606    i.I2C_WaitOnTXISFlagUntilTimeout  stm32h7xx_hal_i2c.o
    0x08007638   0x08007638   0x00000028   Code   RO         7158    i.IS42S32800J_ClockEnable  is42s32800j.o
    0x08007660   0x08007660   0x00000058   Code   RO         7161    i.IS42S32800J_Init  is42s32800j.o
    0x080076b8   0x080076b8   0x00000044   Code   RO         7162    i.IS42S32800J_ModeRegConfig  is42s32800j.o
    0x080076fc   0x080076fc   0x00000028   Code   RO         7163    i.IS42S32800J_Precharge  is42s32800j.o
    0x08007724   0x08007724   0x00000024   Code   RO         7164    i.IS42S32800J_RefreshMode  is42s32800j.o
    0x08007748   0x08007748   0x00000010   Code   RO         7165    i.IS42S32800J_RefreshRate  is42s32800j.o
    0x08007758   0x08007758   0x0000000c   Code   RO         6092    i.JOY1_DOWN_EXTI_Callback  stm32h747i_discovery.o
    0x08007764   0x08007764   0x0000000c   Code   RO         6093    i.JOY1_LEFT_EXTI_Callback  stm32h747i_discovery.o
    0x08007770   0x08007770   0x0000000c   Code   RO         6094    i.JOY1_RIGHT_EXTI_Callback  stm32h747i_discovery.o
    0x0800777c   0x0800777c   0x0000000c   Code   RO         6095    i.JOY1_SEL_EXTI_Callback  stm32h747i_discovery.o
    0x08007788   0x08007788   0x0000000c   Code   RO         6096    i.JOY1_UP_EXTI_Callback  stm32h747i_discovery.o
    0x08007794   0x08007794   0x000000d8   Code   RO          826    i.LCD_BriefDisplay  main.o
    0x0800786c   0x0800786c   0x00000010   Code   RO          827    i.LCD_GetXSize      main.o
    0x0800787c   0x0800787c   0x00000010   Code   RO          828    i.LCD_GetYSize      main.o
    0x0800788c   0x0800788c   0x00000160   Code   RO          829    i.LCD_Init          main.o
    0x080079ec   0x080079ec   0x000000a8   Code   RO          830    i.LCD_MspInit       main.o
    0x08007a94   0x08007a94   0x00000084   Code   RO         6393    i.LL_ConvertLineToRGB  stm32h747i_discovery_lcd.o
    0x08007b18   0x08007b18   0x000000b4   Code   RO         6394    i.LL_FillBuffer     stm32h747i_discovery_lcd.o
    0x08007bcc   0x08007bcc   0x0000000c   Code   RO         1368    i.LTDC_ER_IRQHandler  stm32h7xx_it.o
    0x08007bd8   0x08007bd8   0x0000000c   Code   RO         1369    i.LTDC_IRQHandler   stm32h7xx_it.o
    0x08007be4   0x08007be4   0x00000060   Code   RO          831    i.LTDC_Init         main.o
    0x08007c44   0x08007c44   0x000001d0   Code   RO         4973    i.LTDC_SetConfig    stm32h7xx_hal_ltdc.o
    0x08007e14   0x08007e14   0x000000b0   Code   RO         2617    i.MDMA_Init         stm32h7xx_hal_mdma.o
    0x08007ec4   0x08007ec4   0x00000030   Code   RO         1067    i.MX_CRC_Init       crc.o
    0x08007ef4   0x08007ef4   0x00000048   Code   RO         1109    i.MX_DMA2D_Init     dma2d.o
    0x08007f3c   0x08007f3c   0x0000005c   Code   RO         1191    i.MX_FMC_Init       fmc.o
    0x08007f98   0x08007f98   0x000000d4   Code   RO         1041    i.MX_GPIO_Init      gpio.o
    0x0800806c   0x0800806c   0x00000040   Code   RO         6262    i.MX_I2C4_Init      stm32h747i_discovery_bus.o
    0x080080ac   0x080080ac   0x00000038   Code   RO         1280    i.MX_QUADSPI_Init   quadspi.o
    0x080080e4   0x080080e4   0x00000060   Code   RO         6811    i.MX_SDRAM_Init     stm32h747i_discovery_sdram.o
    0x08008144   0x08008144   0x00000068   Code   RO         1322    i.MX_USART1_UART_Init  usart.o
    0x080081ac   0x080081ac   0x00000038   Code   RO          613    i.MX_X_CUBE_AI_Init  app_x-cube-ai.o
    0x080081e4   0x080081e4   0x00000002   Code   RO         1370    i.MemManage_Handler  stm32h7xx_it.o
    0x080081e6   0x080081e6   0x00000002   Code   RO         1371    i.NMI_Handler       stm32h7xx_it.o
    0x080081e8   0x080081e8   0x0000001a   Code   RO         7909    i.OTM8009A_IO_Delay  otm8009a.o
    0x08008202   0x08008202   0x00000002   PAD
    0x08008204   0x08008204   0x000006a0   Code   RO         7910    i.OTM8009A_Init     otm8009a.o
    0x080088a4   0x080088a4   0x0000000e   Code   RO         7912    i.OTM8009A_ReadRegWrap  otm8009a.o
    0x080088b2   0x080088b2   0x00000002   PAD
    0x080088b4   0x080088b4   0x00000030   Code   RO         7913    i.OTM8009A_RegisterBusIO  otm8009a.o
    0x080088e4   0x080088e4   0x0000000e   Code   RO         7918    i.OTM8009A_WriteRegWrap  otm8009a.o
    0x080088f2   0x080088f2   0x00000002   Code   RO         1372    i.PendSV_Handler    stm32h7xx_it.o
    0x080088f4   0x080088f4   0x0000003a   Code   RO         5254    i.QSPI_DMAAbortCplt  stm32h7xx_hal_qspi.o
    0x0800892e   0x0800892e   0x00000048   Code   RO         5258    i.QSPI_WaitFlagStateUntilTimeout  stm32h7xx_hal_qspi.o
    0x08008976   0x08008976   0x00000002   PAD
    0x08008978   0x08008978   0x0000000c   Code   RO         1373    i.QUADSPI_IRQHandler  stm32h7xx_it.o
    0x08008984   0x08008984   0x00000120   Code   RO         1892    i.RCCEx_PLL2_Config  stm32h7xx_hal_rcc_ex.o
    0x08008aa4   0x08008aa4   0x00000120   Code   RO         1893    i.RCCEx_PLL3_Config  stm32h7xx_hal_rcc_ex.o
    0x08008bc4   0x08008bc4   0x0000000e   Code   RO         7255    i.ReadRegWrap       ft6x06.o
    0x08008bd2   0x08008bd2   0x00000002   PAD
    0x08008bd4   0x08008bd4   0x00000168   Code   RO         6812    i.SDRAM_MspInit     stm32h747i_discovery_sdram.o
    0x08008d3c   0x08008d3c   0x00000002   Code   RO         1374    i.SVC_Handler       stm32h7xx_it.o
    0x08008d3e   0x08008d3e   0x00000004   Code   RO         1375    i.SysTick_Handler   stm32h7xx_it.o
    0x08008d42   0x08008d42   0x00000002   PAD
    0x08008d44   0x08008d44   0x000000a8   Code   RO          832    i.SystemClock_Config  main.o
    0x08008dec   0x08008dec   0x000000f8   Code   RO         6036    i.SystemInit        system_stm32h7xx_dualcore_boot_cm4_cm7.o
    0x08008ee4   0x08008ee4   0x0000000a   Code   RO         6880    i.TS_EXTI_Callback  stm32h747i_discovery_ts.o
    0x08008eee   0x08008eee   0x00000002   PAD
    0x08008ef0   0x08008ef0   0x00000044   Code   RO         5931    i.UARTEx_SetNbDataToProcess  stm32h7xx_hal_uart_ex.o
    0x08008f34   0x08008f34   0x000000c8   Code   RO         5540    i.UART_AdvFeatureConfig  stm32h7xx_hal_uart.o
    0x08008ffc   0x08008ffc   0x000000aa   Code   RO         5541    i.UART_CheckIdleState  stm32h7xx_hal_uart.o
    0x080090a6   0x080090a6   0x00000014   Code   RO         5542    i.UART_DMAAbortOnError  stm32h7xx_hal_uart.o
    0x080090ba   0x080090ba   0x00000002   PAD
    0x080090bc   0x080090bc   0x00000054   Code   RO         5552    i.UART_EndRxTransfer  stm32h7xx_hal_uart.o
    0x08009110   0x08009110   0x000003ac   Code   RO         5558    i.UART_SetConfig    stm32h7xx_hal_uart.o
    0x080094bc   0x080094bc   0x00000094   Code   RO         5565    i.UART_WaitOnFlagUntilTimeout  stm32h7xx_hal_uart.o
    0x08009550   0x08009550   0x0000000c   Code   RO         1376    i.USART1_IRQHandler  stm32h7xx_it.o
    0x0800955c   0x0800955c   0x0000002c   Code   RO         8094    i.UTIL_LCD_DisplayChar  stm32_lcd.o
    0x08009588   0x08009588   0x00000098   Code   RO         8095    i.UTIL_LCD_DisplayStringAt  stm32_lcd.o
    0x08009620   0x08009620   0x00000120   Code   RO         8098    i.UTIL_LCD_DrawCircle  stm32_lcd.o
    0x08009740   0x08009740   0x00000040   Code   RO         8100    i.UTIL_LCD_DrawHLine  stm32_lcd.o
    0x08009780   0x08009780   0x000000c8   Code   RO         8105    i.UTIL_LCD_FillCircle  stm32_lcd.o
    0x08009848   0x08009848   0x00000024   Code   RO         8108    i.UTIL_LCD_FillRGBRect  stm32_lcd.o
    0x0800986c   0x0800986c   0x0000004c   Code   RO         8109    i.UTIL_LCD_FillRect  stm32_lcd.o
    0x080098b8   0x080098b8   0x00000010   Code   RO         8114    i.UTIL_LCD_SetBackColor  stm32_lcd.o
    0x080098c8   0x080098c8   0x00000010   Code   RO         8116    i.UTIL_LCD_SetFont  stm32_lcd.o
    0x080098d8   0x080098d8   0x0000005c   Code   RO         8117    i.UTIL_LCD_SetFuncDriver  stm32_lcd.o
    0x08009934   0x08009934   0x00000040   Code   RO         8119    i.UTIL_LCD_SetPixel  stm32_lcd.o
    0x08009974   0x08009974   0x00000010   Code   RO         8120    i.UTIL_LCD_SetTextColor  stm32_lcd.o
    0x08009984   0x08009984   0x00000002   Code   RO         1377    i.UsageFault_Handler  stm32h7xx_it.o
    0x08009986   0x08009986   0x0000000e   Code   RO         7256    i.WriteRegWrap      ft6x06.o
    0x08009994   0x08009994   0x00000026   Code   RO        10728    i.__ARM_fpclassifyf  m_wv.l(fpclassifyf.o)
    0x080099ba   0x080099ba   0x00000022   Code   RO         1525    i.__NVIC_SetPriority  stm32h7xx_hal_cortex.o
    0x080099dc   0x080099dc   0x00000658   Code   RO        10583    i.__hardfp_powf     m_wv.l(powf.o)
    0x0800a034   0x0800a034   0x00000018   Code   RO        10730    i.__mathlib_flt_divzero  m_wv.l(funder.o)
    0x0800a04c   0x0800a04c   0x00000006   Code   RO        10732    i.__mathlib_flt_infnan2  m_wv.l(funder.o)
    0x0800a052   0x0800a052   0x00000002   PAD
    0x0800a054   0x0800a054   0x00000010   Code   RO        10733    i.__mathlib_flt_invalid  m_wv.l(funder.o)
    0x0800a064   0x0800a064   0x00000010   Code   RO        10734    i.__mathlib_flt_overflow  m_wv.l(funder.o)
    0x0800a074   0x0800a074   0x00000010   Code   RO        10736    i.__mathlib_flt_underflow  m_wv.l(funder.o)
    0x0800a084   0x0800a084   0x00000012   Code   RO         8797    i._ai_forward_layer  NetworkRuntime900_CM7_Keil.lib(layers.o)
    0x0800a096   0x0800a096   0x00000002   PAD
    0x0800a098   0x0800a098   0x000000e0   Code   RO         8330    i._ai_platform_get_io_buffers_info  NetworkRuntime900_CM7_Keil.lib(ai_platform_interface.o)
    0x0800a178   0x0800a178   0x0000000e   Code   RO        10485    i._is_digit         c_w.l(__printf_wp.o)
    0x0800a186   0x0800a186   0x00000002   PAD
    0x0800a188   0x0800a188   0x0000003e   Code   RO         9418    i._lite_kernel_nl_softmax_is8os8  NetworkRuntime900_CM7_Keil.lib(lite_nl_softmax_is8os8.o)
    0x0800a1c6   0x0800a1c6   0x00000002   PAD
    0x0800a1c8   0x0800a1c8   0x000006e4   Code   RO         9419    i._lite_kernel_nl_softmax_is8os8_ch  NetworkRuntime900_CM7_Keil.lib(lite_nl_softmax_is8os8.o)
    0x0800a8ac   0x0800a8ac   0x0000003e   Code   RO         9422    i._lite_kernel_nl_softmax_iu8ou8  NetworkRuntime900_CM7_Keil.lib(lite_nl_softmax_iu8ou8.o)
    0x0800a8ea   0x0800a8ea   0x00000002   PAD
    0x0800a8ec   0x0800a8ec   0x000006dc   Code   RO         9423    i._lite_kernel_nl_softmax_iu8ou8_ch  NetworkRuntime900_CM7_Keil.lib(lite_nl_softmax_iu8ou8.o)
    0x0800afc8   0x0800afc8   0x0000004a   Code   RO         8331    i._platform_ai_buffer_array_copy  NetworkRuntime900_CM7_Keil.lib(ai_platform_interface.o)
    0x0800b012   0x0800b012   0x00000002   PAD
    0x0800b014   0x0800b014   0x00000050   Code   RO         8332    i._platform_get_table_map_from_buffer  NetworkRuntime900_CM7_Keil.lib(ai_platform_interface.o)
    0x0800b064   0x0800b064   0x00000044   Code   RO         8333    i._platform_get_table_map_from_buffer_array  NetworkRuntime900_CM7_Keil.lib(ai_platform_interface.o)
    0x0800b0a8   0x0800b0a8   0x00000014   Code   RO         8334    i._platform_network_buffers_signature_valid  NetworkRuntime900_CM7_Keil.lib(ai_platform_interface.o)
    0x0800b0bc   0x0800b0bc   0x00000210   Code   RO         8335    i._platform_network_io_bind  NetworkRuntime900_CM7_Keil.lib(ai_platform_interface.o)
    0x0800b2cc   0x0800b2cc   0x0000003e   Code   RO         8336    i._platform_network_state_setup  NetworkRuntime900_CM7_Keil.lib(ai_platform_interface.o)
    0x0800b30a   0x0800b30a   0x0000006a   Code   RO         8337    i._platform_network_state_update_input  NetworkRuntime900_CM7_Keil.lib(ai_platform_interface.o)
    0x0800b374   0x0800b374   0x00000080   Code   RO         8338    i._platform_network_state_update_output  NetworkRuntime900_CM7_Keil.lib(ai_platform_interface.o)
    0x0800b3f4   0x0800b3f4   0x00000002   Code   RO          833    i._sys_exit         main.o
    0x0800b3f6   0x0800b3f6   0x0000003c   Code   RO         8723    i.ai_array_get_byte_size  NetworkRuntime900_CM7_Keil.lib(ai_datatypes_format.o)
    0x0800b432   0x0800b432   0x0000001e   Code   RO         8724    i.ai_array_get_data_byte_size  NetworkRuntime900_CM7_Keil.lib(ai_datatypes_format.o)
    0x0800b450   0x0800b450   0x0000012c   Code   RO         8726    i.ai_array_to_buffer_fmt  NetworkRuntime900_CM7_Keil.lib(ai_datatypes_format.o)
    0x0800b57c   0x0800b57c   0x00000064   Code   RO          616    i.ai_boostrap       app_x-cube-ai.o
    0x0800b5e0   0x0800b5e0   0x00000024   Code   RO         8316    i.ai_buffer_array_item_set_address  NetworkRuntime900_CM7_Keil.lib(ai_platform.o)
    0x0800b604   0x0800b604   0x00000012   Code   RO         8317    i.ai_buffer_array_sane  NetworkRuntime900_CM7_Keil.lib(ai_platform.o)
    0x0800b616   0x0800b616   0x00000002   PAD
    0x0800b618   0x0800b618   0x00000068   Code   RO         8319    i.ai_buffer_get_size  NetworkRuntime900_CM7_Keil.lib(ai_platform.o)
    0x0800b680   0x0800b680   0x0000002c   Code   RO         8798    i.ai_check_custom_types  NetworkRuntime900_CM7_Keil.lib(layers.o)
    0x0800b6ac   0x0800b6ac   0x00000050   Code   RO         8803    i.ai_layers_forward_all  NetworkRuntime900_CM7_Keil.lib(layers.o)
    0x0800b6fc   0x0800b6fc   0x0000001e   Code   RO         8804    i.ai_layers_init_all  NetworkRuntime900_CM7_Keil.lib(layers.o)
    0x0800b71a   0x0800b71a   0x00000036   Code   RO         8805    i.ai_layers_post_init_all  NetworkRuntime900_CM7_Keil.lib(layers.o)
    0x0800b750   0x0800b750   0x00000084   Code   RO          617    i.ai_log_err        app_x-cube-ai.o
    0x0800b7d4   0x0800b7d4   0x00000018   Code   RO           10    i.ai_network_create  network.o
    0x0800b7ec   0x0800b7ec   0x00000088   Code   RO           11    i.ai_network_create_and_init  network.o
    0x0800b874   0x0800b874   0x00000028   Code   RO          540    i.ai_network_data_params_get  network_data.o
    0x0800b89c   0x0800b89c   0x00000004   Code   RO           14    i.ai_network_get_error  network.o
    0x0800b8a0   0x0800b8a0   0x00000058   Code   RO           16    i.ai_network_get_report  network.o
    0x0800b8f8   0x0800b8f8   0x00000030   Code   RO           17    i.ai_network_init   network.o
    0x0800b928   0x0800b928   0x00000014   Code   RO           18    i.ai_network_inputs_get  network.o
    0x0800b93c   0x0800b93c   0x00000014   Code   RO           19    i.ai_network_outputs_get  network.o
    0x0800b950   0x0800b950   0x00000004   Code   RO           20    i.ai_network_run    network.o
    0x0800b954   0x0800b954   0x000000ae   Code   RO        10133    i.ai_padding_opt_init  NetworkRuntime900_CM7_Keil.lib(st_padding_opt.o)
    0x0800ba02   0x0800ba02   0x00000030   Code   RO        10134    i.ai_padding_opt_phase1  NetworkRuntime900_CM7_Keil.lib(st_padding_opt.o)
    0x0800ba32   0x0800ba32   0x00000026   Code   RO         8937    i.ai_padding_opt_phase2  NetworkRuntime900_CM7_Keil.lib(forward_lite_dw_sssa8_ch.o)
    0x0800ba58   0x0800ba58   0x00000026   Code   RO         8965    i.ai_padding_opt_phase2  NetworkRuntime900_CM7_Keil.lib(forward_lite_conv2d_sssa8_ch.o)
    0x0800ba7e   0x0800ba7e   0x00000002   PAD
    0x0800ba80   0x0800ba80   0x00000188   Code   RO         8340    i.ai_platform_api_get_network_report  NetworkRuntime900_CM7_Keil.lib(ai_platform_interface.o)
    0x0800bc08   0x0800bc08   0x0000000c   Code   RO         8341    i.ai_platform_api_get_version  NetworkRuntime900_CM7_Keil.lib(ai_platform_interface.o)
    0x0800bc14   0x0800bc14   0x0000002c   Code   RO         8342    i.ai_platform_bind_network_params  NetworkRuntime900_CM7_Keil.lib(ai_platform_interface.o)
    0x0800bc40   0x0800bc40   0x00000014   Code   RO         8343    i.ai_platform_context_acquire  NetworkRuntime900_CM7_Keil.lib(ai_platform_interface.o)
    0x0800bc54   0x0800bc54   0x0000002c   Code   RO         8345    i.ai_platform_get_activations_map  NetworkRuntime900_CM7_Keil.lib(ai_platform_interface.o)
    0x0800bc80   0x0800bc80   0x00000028   Code   RO         8346    i.ai_platform_get_weights_map  NetworkRuntime900_CM7_Keil.lib(ai_platform_interface.o)
    0x0800bca8   0x0800bca8   0x00000042   Code   RO         8347    i.ai_platform_inputs_get  NetworkRuntime900_CM7_Keil.lib(ai_platform_interface.o)
    0x0800bcea   0x0800bcea   0x00000002   PAD
    0x0800bcec   0x0800bcec   0x0000000c   Code   RO         8348    i.ai_platform_interface_api_get_version  NetworkRuntime900_CM7_Keil.lib(ai_platform_interface.o)
    0x0800bcf8   0x0800bcf8   0x0000009c   Code   RO         8349    i.ai_platform_network_create  NetworkRuntime900_CM7_Keil.lib(ai_platform_interface.o)
    0x0800bd94   0x0800bd94   0x0000001c   Code   RO         8351    i.ai_platform_network_get_error  NetworkRuntime900_CM7_Keil.lib(ai_platform_interface.o)
    0x0800bdb0   0x0800bdb0   0x00000118   Code   RO         8352    i.ai_platform_network_init  NetworkRuntime900_CM7_Keil.lib(ai_platform_interface.o)
    0x0800bec8   0x0800bec8   0x00000050   Code   RO         8353    i.ai_platform_network_post_init  NetworkRuntime900_CM7_Keil.lib(ai_platform_interface.o)
    0x0800bf18   0x0800bf18   0x00000054   Code   RO         8354    i.ai_platform_network_process  NetworkRuntime900_CM7_Keil.lib(ai_platform_interface.o)
    0x0800bf6c   0x0800bf6c   0x0000000c   Code   RO         8355    i.ai_platform_network_set_error  NetworkRuntime900_CM7_Keil.lib(ai_platform_interface.o)
    0x0800bf78   0x0800bf78   0x00000048   Code   RO         8361    i.ai_platform_outputs_get  NetworkRuntime900_CM7_Keil.lib(ai_platform_interface.o)
    0x0800bfc0   0x0800bfc0   0x00000008   Code   RO         8362    i.ai_platform_runtime_get_revision  NetworkRuntime900_CM7_Keil.lib(ai_platform_interface.o)
    0x0800bfc8   0x0800bfc8   0x0000000c   Code   RO         8363    i.ai_platform_runtime_get_version  NetworkRuntime900_CM7_Keil.lib(ai_platform_interface.o)
    0x0800bfd4   0x0800bfd4   0x00000016   Code   RO         8746    i.ai_platform_version_get  NetworkRuntime900_CM7_Keil.lib(ai_datatypes_internal.o)
    0x0800bfea   0x0800bfea   0x0000000a   Code   RO         8477    i.ai_shape_get_npixels  NetworkRuntime900_CM7_Keil.lib(layers_conv2d_stm32_integer.o)
    0x0800bff4   0x0800bff4   0x0000001a   Code   RO         8406    i.ai_shape_get_size  NetworkRuntime900_CM7_Keil.lib(core_convert.o)
    0x0800c00e   0x0800c00e   0x0000001a   Code   RO         8643    i.ai_shape_get_size  NetworkRuntime900_CM7_Keil.lib(layers_nl_stm32_integer.o)
    0x0800c028   0x0800c028   0x0000000c   Code   RO         8747    i.ai_version_get    NetworkRuntime900_CM7_Keil.lib(ai_datatypes_internal.o)
    0x0800c034   0x0800c034   0x00000094   Code   RO         9083    i.align_factor      NetworkRuntime900_CM7_Keil.lib(st_align_factor.o)
    0x0800c0c8   0x0800c0c8   0x0000004c   Code   RO         9084    i.align_factor_ch   NetworkRuntime900_CM7_Keil.lib(st_align_factor.o)
    0x0800c114   0x0800c114   0x0000000a   Code   RO         8776    i.core_array_clone  NetworkRuntime900_CM7_Keil.lib(core_utils.o)
    0x0800c11e   0x0800c11e   0x0000000c   Code   RO         8757    i.core_get_error    NetworkRuntime900_CM7_Keil.lib(core_common.o)
    0x0800c12a   0x0800c12a   0x00000004   Code   RO         8758    i.core_init         NetworkRuntime900_CM7_Keil.lib(core_common.o)
    0x0800c12e   0x0800c12e   0x0000000c   Code   RO         8444    i.core_nl_get_params  NetworkRuntime900_CM7_Keil.lib(layers_conv2d_sssa8_ch.o)
    0x0800c13a   0x0800c13a   0x0000000c   Code   RO         8534    i.core_nl_get_params  NetworkRuntime900_CM7_Keil.lib(layers_dw_sssa8_ch.o)
    0x0800c146   0x0800c146   0x0000000c   Code   RO         8705    i.core_nl_get_params  NetworkRuntime900_CM7_Keil.lib(layers_pw_sssa8_ch.o)
    0x0800c152   0x0800c152   0x00000012   Code   RO         8445    i.core_nl_get_params_ptr  NetworkRuntime900_CM7_Keil.lib(layers_conv2d_sssa8_ch.o)
    0x0800c164   0x0800c164   0x00000012   Code   RO         8535    i.core_nl_get_params_ptr  NetworkRuntime900_CM7_Keil.lib(layers_dw_sssa8_ch.o)
    0x0800c176   0x0800c176   0x00000012   Code   RO         8706    i.core_nl_get_params_ptr  NetworkRuntime900_CM7_Keil.lib(layers_pw_sssa8_ch.o)
    0x0800c188   0x0800c188   0x0000001a   Code   RO         8759    i.core_set_error    NetworkRuntime900_CM7_Keil.lib(core_common.o)
    0x0800c1a2   0x0800c1a2   0x0000005c   Code   RO         8779    i.core_tensor_clone  NetworkRuntime900_CM7_Keil.lib(core_utils.o)
    0x0800c1fe   0x0800c1fe   0x00000002   PAD
    0x0800c200   0x0800c200   0x00000268   Code   RO         8453    i.forward_conv2d_sssa8_ch  NetworkRuntime900_CM7_Keil.lib(layers_conv2d_sssa8_ch.o)
    0x0800c468   0x0800c468   0x00000174   Code   RO         8494    i.forward_dense_integer_SSSA  NetworkRuntime900_CM7_Keil.lib(layers_conv2d_stm32_integer.o)
    0x0800c5dc   0x0800c5dc   0x00000264   Code   RO         8539    i.forward_dw_sssa8_ch  NetworkRuntime900_CM7_Keil.lib(layers_dw_sssa8_ch.o)
    0x0800c840   0x0800c840   0x00000050   Code   RO         8929    i.forward_lite_avepool_is8os8  NetworkRuntime900_CM7_Keil.lib(forward_lite_avepool_is8os8.o)
    0x0800c890   0x0800c890   0x000006ca   Code   RO         8970    i.forward_lite_conv2d_sssa8_ch  NetworkRuntime900_CM7_Keil.lib(forward_lite_conv2d_sssa8_ch.o)
    0x0800cf5a   0x0800cf5a   0x0000006e   Code   RO         8913    i.forward_lite_dense_is8os8ws8  NetworkRuntime900_CM7_Keil.lib(forward_lite_dense_is8os8ws8.o)
    0x0800cfc8   0x0800cfc8   0x0000058c   Code   RO         8941    i.forward_lite_dw_sssa8_ch  NetworkRuntime900_CM7_Keil.lib(forward_lite_dw_sssa8_ch.o)
    0x0800d554   0x0800d554   0x0000001c   Code   RO         9076    i.forward_lite_nl_softmax_is8os8  NetworkRuntime900_CM7_Keil.lib(lite_nl_generic_integer.o)
    0x0800d570   0x0800d570   0x0000001c   Code   RO         9077    i.forward_lite_nl_softmax_iu8ou8  NetworkRuntime900_CM7_Keil.lib(lite_nl_generic_integer.o)
    0x0800d58c   0x0800d58c   0x00000004   Code   RO         8868    i.forward_lite_node_convert_integer_if32os8  NetworkRuntime900_CM7_Keil.lib(forward_lite_convert.o)
    0x0800d590   0x0800d590   0x00000004   Code   RO         8869    i.forward_lite_node_convert_integer_if32ou8  NetworkRuntime900_CM7_Keil.lib(forward_lite_convert.o)
    0x0800d594   0x0800d594   0x00000004   Code   RO         8870    i.forward_lite_node_convert_integer_is8of32  NetworkRuntime900_CM7_Keil.lib(forward_lite_convert.o)
    0x0800d598   0x0800d598   0x0000000c   Code   RO         8871    i.forward_lite_node_convert_integer_is8os8  NetworkRuntime900_CM7_Keil.lib(forward_lite_convert.o)
    0x0800d5a4   0x0800d5a4   0x0000000c   Code   RO         8872    i.forward_lite_node_convert_integer_is8ou8  NetworkRuntime900_CM7_Keil.lib(forward_lite_convert.o)
    0x0800d5b0   0x0800d5b0   0x00000004   Code   RO         8873    i.forward_lite_node_convert_integer_is8ou8_fast  NetworkRuntime900_CM7_Keil.lib(forward_lite_convert.o)
    0x0800d5b4   0x0800d5b4   0x00000004   Code   RO         8874    i.forward_lite_node_convert_integer_iu8of32  NetworkRuntime900_CM7_Keil.lib(forward_lite_convert.o)
    0x0800d5b8   0x0800d5b8   0x0000000c   Code   RO         8875    i.forward_lite_node_convert_integer_iu8os8  NetworkRuntime900_CM7_Keil.lib(forward_lite_convert.o)
    0x0800d5c4   0x0800d5c4   0x00000004   Code   RO         8876    i.forward_lite_node_convert_integer_iu8os8_fast  NetworkRuntime900_CM7_Keil.lib(forward_lite_convert.o)
    0x0800d5c8   0x0800d5c8   0x0000000c   Code   RO         8877    i.forward_lite_node_convert_integer_iu8ou8  NetworkRuntime900_CM7_Keil.lib(forward_lite_convert.o)
    0x0800d5d4   0x0800d5d4   0x00000046   Code   RO        10328    i.forward_lite_pad_8bit_ch1st_3x3_constant_P0022  NetworkRuntime900_CM7_Keil.lib(forward_lite_pad_generic.o)
    0x0800d61a   0x0800d61a   0x00000002   PAD
    0x0800d61c   0x0800d61c   0x00000110   Code   RO        10329    i.forward_lite_pad_8bit_ch1st_3x3_constant_P1111  NetworkRuntime900_CM7_Keil.lib(forward_lite_pad_generic.o)
    0x0800d72c   0x0800d72c   0x000000e8   Code   RO        10330    i.forward_lite_pad_constant  NetworkRuntime900_CM7_Keil.lib(forward_lite_pad_generic.o)
    0x0800d814   0x0800d814   0x000000a8   Code   RO        10331    i.forward_lite_pad_edge  NetworkRuntime900_CM7_Keil.lib(forward_lite_pad_generic.o)
    0x0800d8bc   0x0800d8bc   0x000000ec   Code   RO        10332    i.forward_lite_pad_reflect  NetworkRuntime900_CM7_Keil.lib(forward_lite_pad_generic.o)
    0x0800d9a8   0x0800d9a8   0x0000023a   Code   RO         8957    i.forward_lite_pw_sssa8_ch  NetworkRuntime900_CM7_Keil.lib(forward_lite_pw_sssa8_ch.o)
    0x0800dbe2   0x0800dbe2   0x00000022   Code   RO         8571    i.forward_pad       NetworkRuntime900_CM7_Keil.lib(layers_generic_float.o)
    0x0800dc04   0x0800dc04   0x000000ae   Code   RO         8821    i.forward_pad_8bit_ch1st_3x3_constant  NetworkRuntime900_CM7_Keil.lib(layers_pad_generic.o)
    0x0800dcb2   0x0800dcb2   0x000000b4   Code   RO         8822    i.forward_pad_constant  NetworkRuntime900_CM7_Keil.lib(layers_pad_generic.o)
    0x0800dd66   0x0800dd66   0x0000009e   Code   RO         8823    i.forward_pad_edge  NetworkRuntime900_CM7_Keil.lib(layers_pad_generic.o)
    0x0800de04   0x0800de04   0x000000d8   Code   RO         8824    i.forward_pad_reflect  NetworkRuntime900_CM7_Keil.lib(layers_pad_generic.o)
    0x0800dedc   0x0800dedc   0x00000494   Code   RO         8708    i.forward_pw_sssa8_ch_nl_pool  NetworkRuntime900_CM7_Keil.lib(layers_pw_sssa8_ch.o)
    0x0800e370   0x0800e370   0x000000c8   Code   RO         8648    i.forward_sm_integer  NetworkRuntime900_CM7_Keil.lib(layers_nl_stm32_integer.o)
    0x0800e438   0x0800e438   0x00000024   Code   RO          835    i.fputc             main.o
    0x0800e45c   0x0800e45c   0x0000000a   Code   RO         7352    i.ft6x06_chip_id    ft6x06_reg.o
    0x0800e466   0x0800e466   0x00000012   Code   RO         7357    i.ft6x06_disatnce_left_right  ft6x06_reg.o
    0x0800e478   0x0800e478   0x00000012   Code   RO         7358    i.ft6x06_distance_up_down  ft6x06_reg.o
    0x0800e48a   0x0800e48a   0x00000012   Code   RO         7359    i.ft6x06_distance_zoom  ft6x06_reg.o
    0x0800e49c   0x0800e49c   0x00000012   Code   RO         7361    i.ft6x06_g_mode     ft6x06_reg.o
    0x0800e4ae   0x0800e4ae   0x00000014   Code   RO         7362    i.ft6x06_gest_id    ft6x06_reg.o
    0x0800e4c2   0x0800e4c2   0x00000012   Code   RO         7365    i.ft6x06_offset_left_right  ft6x06_reg.o
    0x0800e4d4   0x0800e4d4   0x00000012   Code   RO         7366    i.ft6x06_offset_up_down  ft6x06_reg.o
    0x0800e4e6   0x0800e4e6   0x00000012   Code   RO         7386    i.ft6x06_radian_value  ft6x06_reg.o
    0x0800e4f8   0x0800e4f8   0x0000000e   Code   RO         7387    i.ft6x06_read_reg   ft6x06_reg.o
    0x0800e506   0x0800e506   0x0000001c   Code   RO         7390    i.ft6x06_td_status  ft6x06_reg.o
    0x0800e522   0x0800e522   0x00000002   Code   RO         8709    i.func_dummy        NetworkRuntime900_CM7_Keil.lib(layers_pw_sssa8_ch.o)
    0x0800e524   0x0800e524   0x00000028   Code   RO         8748    i.get_tensor_byte_size  NetworkRuntime900_CM7_Keil.lib(ai_datatypes_internal.o)
    0x0800e54c   0x0800e54c   0x00000054   Code   RO         9473    i.lite_convert_if32os8  NetworkRuntime900_CM7_Keil.lib(lite_convert_kernel.o)
    0x0800e5a0   0x0800e5a0   0x0000003c   Code   RO         9474    i.lite_convert_if32ou8  NetworkRuntime900_CM7_Keil.lib(lite_convert_kernel.o)
    0x0800e5dc   0x0800e5dc   0x00000026   Code   RO         9476    i.lite_convert_is8of32  NetworkRuntime900_CM7_Keil.lib(lite_convert_kernel.o)
    0x0800e602   0x0800e602   0x00000002   PAD
    0x0800e604   0x0800e604   0x00000054   Code   RO         9477    i.lite_convert_is8os8  NetworkRuntime900_CM7_Keil.lib(lite_convert_kernel.o)
    0x0800e658   0x0800e658   0x0000004a   Code   RO         9478    i.lite_convert_is8ou8  NetworkRuntime900_CM7_Keil.lib(lite_convert_kernel.o)
    0x0800e6a2   0x0800e6a2   0x00000002   PAD
    0x0800e6a4   0x0800e6a4   0x0000004a   Code   RO         9479    i.lite_convert_is8ou8_fast  NetworkRuntime900_CM7_Keil.lib(lite_convert_kernel.o)
    0x0800e6ee   0x0800e6ee   0x00000002   PAD
    0x0800e6f0   0x0800e6f0   0x00000026   Code   RO         9481    i.lite_convert_iu8of32  NetworkRuntime900_CM7_Keil.lib(lite_convert_kernel.o)
    0x0800e716   0x0800e716   0x00000002   PAD
    0x0800e718   0x0800e718   0x00000060   Code   RO         9482    i.lite_convert_iu8os8  NetworkRuntime900_CM7_Keil.lib(lite_convert_kernel.o)
    0x0800e778   0x0800e778   0x00000052   Code   RO         9483    i.lite_convert_iu8os8_fast  NetworkRuntime900_CM7_Keil.lib(lite_convert_kernel.o)
    0x0800e7ca   0x0800e7ca   0x0000004a   Code   RO         9484    i.lite_convert_iu8ou8  NetworkRuntime900_CM7_Keil.lib(lite_convert_kernel.o)
    0x0800e814   0x0800e814   0x000006b4   Code   RO          836    i.main              main.o
    0x0800eec8   0x0800eec8   0x000000f4   Code   RO           21    i.network_configure_activations  network.o
    0x0800efbc   0x0800efbc   0x0000013c   Code   RO           22    i.network_configure_weights  network.o
    0x0800f0f8   0x0800f0f8   0x000001d4   Code   RO         8408    i.node_convert      NetworkRuntime900_CM7_Keil.lib(core_convert.o)
    0x0800f2cc   0x0800f2cc   0x000001a8   Code   RO         8413    i.node_convert_integer  NetworkRuntime900_CM7_Keil.lib(core_convert.o)
    0x0800f474   0x0800f474   0x0000000e   Code   RO         8064    i.otm8009a_write_reg  otm8009a_reg.o
    0x0800f482   0x0800f482   0x00000002   PAD
    0x0800f484   0x0800f484   0x000000d4   Code   RO         8679    i.pool_func_ap_array_integer_INT8  NetworkRuntime900_CM7_Keil.lib(layers_pool_stm32_integer.o)
    0x0800f558   0x0800f558   0x00000106   Code   RO         8942    i.st_dw_sssa8_ch_Wadapt  NetworkRuntime900_CM7_Keil.lib(forward_lite_dw_sssa8_ch.o)
    0x0800f65e   0x0800f65e   0x00000002   PAD
    0x0800f660   0x0800f660   0x000000f0   Code   RO         9113    i.st_f32_to_int16   NetworkRuntime900_CM7_Keil.lib(st_f32_to_int16.o)
    0x0800f750   0x0800f750   0x000000fc   Code   RO         9121    i.st_f32_to_int8    NetworkRuntime900_CM7_Keil.lib(st_f32_to_int8.o)
    0x0800f84c   0x0800f84c   0x00000030   Code   RO        10157    i.st_int16_fill     NetworkRuntime900_CM7_Keil.lib(st_int16_fill.o)
    0x0800f87c   0x0800f87c   0x0000008c   Code   RO         9129    i.st_int16_to_f32   NetworkRuntime900_CM7_Keil.lib(st_int16_to_f32.o)
    0x0800f908   0x0800f908   0x00000158   Code   RO        10143    i.st_int8_avepool   NetworkRuntime900_CM7_Keil.lib(st_int8_pool.o)
    0x0800fa60   0x0800fa60   0x00000084   Code   RO         9363    i.st_int8_copy      NetworkRuntime900_CM7_Keil.lib(st_int8_fill.o)
    0x0800fae4   0x0800fae4   0x0000005c   Code   RO         9364    i.st_int8_fill      NetworkRuntime900_CM7_Keil.lib(st_int8_fill.o)
    0x0800fb40   0x0800fb40   0x0000004e   Code   RO        10189    i.st_int8_reordered_no_shift_zero  NetworkRuntime900_CM7_Keil.lib(st_int8_reordered_no_shift.o)
    0x0800fb8e   0x0800fb8e   0x00000002   PAD
    0x0800fb90   0x0800fb90   0x00000250   Code   RO        10117    i.st_int8_to16_dual  NetworkRuntime900_CM7_Keil.lib(st_int8_to16_no_shift.o)
    0x0800fde0   0x0800fde0   0x000001be   Code   RO        10118    i.st_int8_to16_dual_interleaved  NetworkRuntime900_CM7_Keil.lib(st_int8_to16_no_shift.o)
    0x0800ff9e   0x0800ff9e   0x000000ea   Code   RO        10119    i.st_int8_to16_no_shift  NetworkRuntime900_CM7_Keil.lib(st_int8_to16_no_shift.o)
    0x08010088   0x08010088   0x000000a2   Code   RO        10120    i.st_int8_to16_no_shift_interleaved  NetworkRuntime900_CM7_Keil.lib(st_int8_to16_no_shift.o)
    0x0801012a   0x0801012a   0x00000002   PAD
    0x0801012c   0x0801012c   0x0000008c   Code   RO         9389    i.st_int8_to_f32    NetworkRuntime900_CM7_Keil.lib(st_int8_to_f32.o)
    0x080101b8   0x080101b8   0x000000a8   Code   RO        10168    i.st_sssa8_ch_convolve_rank1upd  NetworkRuntime900_CM7_Keil.lib(st_sssa8_ch_convolve.o)
    0x08010260   0x08010260   0x00000056   Code   RO        10217    i.st_sssa8_ch_fullW_prefetch  NetworkRuntime900_CM7_Keil.lib(st_sssa8_ch_nn_mat_mult_nt_t.o)
    0x080102b6   0x080102b6   0x00000002   PAD
    0x080102b8   0x080102b8   0x0000026c   Code   RO        10207    i.st_sssa8_ch_nn_mat_mult_kernel_single_opt  NetworkRuntime900_CM7_Keil.lib(st_sssa8_ch_nn_mat_mult_kernel_single_opt.o)
    0x08010524   0x08010524   0x00000264   Code   RO        10181    i.st_sssa8_fully_connected  NetworkRuntime900_CM7_Keil.lib(st_sssa8_dense.o)
    0x08010788   0x08010788   0x00000190   Code   RO        10219    i.weights_2channels_prefetch  NetworkRuntime900_CM7_Keil.lib(st_sssa8_ch_nn_mat_mult_nt_t.o)
    0x08010918   0x08010918   0x0000008c   Code   RO        10719    x$fpl$fnaninf       fz_wv.l(fnaninf.o)
    0x080109a4   0x080109a4   0x0000000a   Code   RO        10794    x$fpl$fpinit        fz_wv.l(fpinit.o)
    0x080109ae   0x080109ae   0x00000002   PAD
    0x080109b0   0x080109b0   0x00000086   Code   RO        10509    x$fpl$llsfromf      fz_wv.l(ffixll.o)
    0x08010a36   0x08010a36   0x00000000   Code   RO        10727    x$fpl$usenofp       fz_wv.l(usenofp.o)
    0x08010a36   0x08010a36   0x00000002   PAD
    0x08010a38   0x08010a38   0x00000004   Data   RO           30    .constdata          network.o
    0x08010a3c   0x08010a3c   0x00000001   Data   RO           31    .constdata          network.o
    0x08010a3d   0x08010a3d   0x00000003   PAD
    0x08010a40   0x08010a40   0x00000008   Data   RO           32    .constdata          network.o
    0x08010a48   0x08010a48   0x00000004   Data   RO           33    .constdata          network.o
    0x08010a4c   0x08010a4c   0x00000001   Data   RO           34    .constdata          network.o
    0x08010a4d   0x08010a4d   0x00000003   PAD
    0x08010a50   0x08010a50   0x00000008   Data   RO           35    .constdata          network.o
    0x08010a58   0x08010a58   0x00000004   Data   RO           36    .constdata          network.o
    0x08010a5c   0x08010a5c   0x00000001   Data   RO           37    .constdata          network.o
    0x08010a5d   0x08010a5d   0x00000003   PAD
    0x08010a60   0x08010a60   0x00000008   Data   RO           38    .constdata          network.o
    0x08010a68   0x08010a68   0x00000004   Data   RO           39    .constdata          network.o
    0x08010a6c   0x08010a6c   0x00000001   Data   RO           40    .constdata          network.o
    0x08010a6d   0x08010a6d   0x00000003   PAD
    0x08010a70   0x08010a70   0x00000008   Data   RO           41    .constdata          network.o
    0x08010a78   0x08010a78   0x00000004   Data   RO           42    .constdata          network.o
    0x08010a7c   0x08010a7c   0x00000001   Data   RO           43    .constdata          network.o
    0x08010a7d   0x08010a7d   0x00000003   PAD
    0x08010a80   0x08010a80   0x00000008   Data   RO           44    .constdata          network.o
    0x08010a88   0x08010a88   0x00000004   Data   RO           45    .constdata          network.o
    0x08010a8c   0x08010a8c   0x00000001   Data   RO           46    .constdata          network.o
    0x08010a8d   0x08010a8d   0x00000003   PAD
    0x08010a90   0x08010a90   0x00000008   Data   RO           47    .constdata          network.o
    0x08010a98   0x08010a98   0x00000004   Data   RO           48    .constdata          network.o
    0x08010a9c   0x08010a9c   0x00000001   Data   RO           49    .constdata          network.o
    0x08010a9d   0x08010a9d   0x00000003   PAD
    0x08010aa0   0x08010aa0   0x00000008   Data   RO           50    .constdata          network.o
    0x08010aa8   0x08010aa8   0x00000004   Data   RO           51    .constdata          network.o
    0x08010aac   0x08010aac   0x00000001   Data   RO           52    .constdata          network.o
    0x08010aad   0x08010aad   0x00000003   PAD
    0x08010ab0   0x08010ab0   0x00000008   Data   RO           53    .constdata          network.o
    0x08010ab8   0x08010ab8   0x00000004   Data   RO           54    .constdata          network.o
    0x08010abc   0x08010abc   0x00000001   Data   RO           55    .constdata          network.o
    0x08010abd   0x08010abd   0x00000003   PAD
    0x08010ac0   0x08010ac0   0x00000008   Data   RO           56    .constdata          network.o
    0x08010ac8   0x08010ac8   0x00000004   Data   RO           57    .constdata          network.o
    0x08010acc   0x08010acc   0x00000001   Data   RO           58    .constdata          network.o
    0x08010acd   0x08010acd   0x00000003   PAD
    0x08010ad0   0x08010ad0   0x00000008   Data   RO           59    .constdata          network.o
    0x08010ad8   0x08010ad8   0x00000040   Data   RO           60    .constdata          network.o
    0x08010b18   0x08010b18   0x00000010   Data   RO           61    .constdata          network.o
    0x08010b28   0x08010b28   0x00000008   Data   RO           62    .constdata          network.o
    0x08010b30   0x08010b30   0x00000040   Data   RO           63    .constdata          network.o
    0x08010b70   0x08010b70   0x00000010   Data   RO           64    .constdata          network.o
    0x08010b80   0x08010b80   0x00000008   Data   RO           65    .constdata          network.o
    0x08010b88   0x08010b88   0x00000080   Data   RO           66    .constdata          network.o
    0x08010c08   0x08010c08   0x00000020   Data   RO           67    .constdata          network.o
    0x08010c28   0x08010c28   0x00000008   Data   RO           68    .constdata          network.o
    0x08010c30   0x08010c30   0x00000080   Data   RO           69    .constdata          network.o
    0x08010cb0   0x08010cb0   0x00000020   Data   RO           70    .constdata          network.o
    0x08010cd0   0x08010cd0   0x00000008   Data   RO           71    .constdata          network.o
    0x08010cd8   0x08010cd8   0x00000100   Data   RO           72    .constdata          network.o
    0x08010dd8   0x08010dd8   0x00000040   Data   RO           73    .constdata          network.o
    0x08010e18   0x08010e18   0x00000008   Data   RO           74    .constdata          network.o
    0x08010e20   0x08010e20   0x00000004   Data   RO           75    .constdata          network.o
    0x08010e24   0x08010e24   0x00000001   Data   RO           76    .constdata          network.o
    0x08010e25   0x08010e25   0x00000003   PAD
    0x08010e28   0x08010e28   0x00000008   Data   RO           77    .constdata          network.o
    0x08010e30   0x08010e30   0x00000004   Data   RO           78    .constdata          network.o
    0x08010e34   0x08010e34   0x00000001   Data   RO           79    .constdata          network.o
    0x08010e35   0x08010e35   0x00000003   PAD
    0x08010e38   0x08010e38   0x00000008   Data   RO           80    .constdata          network.o
    0x08010e40   0x08010e40   0x00000008   Data   RO           81    .constdata          network.o
    0x08010e48   0x08010e48   0x00000008   Data   RO           82    .constdata          network.o
    0x08010e50   0x08010e50   0x00000008   Data   RO           83    .constdata          network.o
    0x08010e58   0x08010e58   0x00000008   Data   RO           84    .constdata          network.o
    0x08010e60   0x08010e60   0x00000008   Data   RO           85    .constdata          network.o
    0x08010e68   0x08010e68   0x00000008   Data   RO           86    .constdata          network.o
    0x08010e70   0x08010e70   0x00000008   Data   RO           87    .constdata          network.o
    0x08010e78   0x08010e78   0x00000008   Data   RO           88    .constdata          network.o
    0x08010e80   0x08010e80   0x00000008   Data   RO           89    .constdata          network.o
    0x08010e88   0x08010e88   0x00000008   Data   RO           90    .constdata          network.o
    0x08010e90   0x08010e90   0x00000008   Data   RO           91    .constdata          network.o
    0x08010e98   0x08010e98   0x00000008   Data   RO           92    .constdata          network.o
    0x08010ea0   0x08010ea0   0x00000008   Data   RO           93    .constdata          network.o
    0x08010ea8   0x08010ea8   0x00000008   Data   RO           94    .constdata          network.o
    0x08010eb0   0x08010eb0   0x00000008   Data   RO           95    .constdata          network.o
    0x08010eb8   0x08010eb8   0x00000008   Data   RO           96    .constdata          network.o
    0x08010ec0   0x08010ec0   0x00000008   Data   RO           97    .constdata          network.o
    0x08010ec8   0x08010ec8   0x00000008   Data   RO           98    .constdata          network.o
    0x08010ed0   0x08010ed0   0x0000000c   Data   RO           99    .constdata          network.o
    0x08010edc   0x08010edc   0x00000010   Data   RO          100    .constdata          network.o
    0x08010eec   0x08010eec   0x00000008   Data   RO          101    .constdata          network.o
    0x08010ef4   0x08010ef4   0x00000008   Data   RO          102    .constdata          network.o
    0x08010efc   0x08010efc   0x00000008   Data   RO          103    .constdata          network.o
    0x08010f04   0x08010f04   0x00000008   Data   RO          104    .constdata          network.o
    0x08010f0c   0x08010f0c   0x00000008   Data   RO          105    .constdata          network.o
    0x08010f14   0x08010f14   0x00000001   Data   RO          106    .constdata          network.o
    0x08010f15   0x08010f15   0x00000003   PAD
    0x08010f18   0x08010f18   0x00000010   Data   RO          107    .constdata          network.o
    0x08010f28   0x08010f28   0x00000008   Data   RO          108    .constdata          network.o
    0x08010f30   0x08010f30   0x00000008   Data   RO          109    .constdata          network.o
    0x08010f38   0x08010f38   0x00000008   Data   RO          110    .constdata          network.o
    0x08010f40   0x08010f40   0x00000008   Data   RO          111    .constdata          network.o
    0x08010f48   0x08010f48   0x00000110   Data   RO          112    .constdata          network.o
    0x08011058   0x08011058   0x00000068   Data   RO          543    .constdata          network_data.o
    0x080110c0   0x080110c0   0x00002850   Data   RO          593    .constdata          network_data_params.o
    0x08013910   0x08013910   0x0000002c   Data   RO          840    .constdata          main.o
    0x0801393c   0x0801393c   0x00000018   Data   RO         5566    .constdata          stm32h7xx_hal_uart.o
    0x08013954   0x08013954   0x00000010   Data   RO         5932    .constdata          stm32h7xx_hal_uart_ex.o
    0x08013964   0x08013964   0x00000010   Data   RO         6037    .constdata          system_stm32h7xx_dualcore_boot_cm4_cm7.o
    0x08013974   0x08013974   0x00000040   Data   RO         6098    .constdata          stm32h747i_discovery.o
    0x080139b4   0x080139b4   0x00000084   Data   RO         6264    .constdata          stm32h747i_discovery_bus.o
    0x08013a38   0x08013a38   0x0000000c   Data   RO         6882    .constdata          stm32h747i_discovery_ts.o
    0x08013a44   0x08013a44   0x00000147   Data   RO         7920    .constdata          otm8009a.o
    0x08013b8b   0x08013b8b   0x00001ab8   Data   RO         8122    .constdata          stm32_lcd.o
    0x08015643   0x08015643   0x00000ed8   Data   RO         8123    .constdata          stm32_lcd.o
    0x0801651b   0x0801651b   0x00000001   PAD
    0x0801651c   0x0801651c   0x00000068   Data   RO         8364    .constdata          NetworkRuntime900_CM7_Keil.lib(ai_platform_interface.o)
    0x08016584   0x08016584   0x0000003c   Data   RO         8710    .constdata          NetworkRuntime900_CM7_Keil.lib(layers_pw_sssa8_ch.o)
    0x080165c0   0x080165c0   0x00000028   Data   RO        10458    .constdata          c_w.l(_printf_hex_int.o)
    0x080165e8   0x080165e8   0x00000011   Data   RO        10488    .constdata          c_w.l(__printf_flags_wp.o)
    0x080165f9   0x080165f9   0x00000003   PAD
    0x080165fc   0x080165fc   0x00000140   Data   RO        10586    .constdata          m_wv.l(powf.o)
    0x0801673c   0x0801673c   0x00000061   Data   RO          113    .conststring        network.o
    0x0801679d   0x0801679d   0x00000003   PAD
    0x080167a0   0x080167a0   0x00000020   Data   RO        10877    Region$$Table       anon$$obj.o


    Execution Region RW_RAM_D1 (Exec base: 0x24000000, Load base: 0x080167c0, Size: 0x00006fb0, Max: 0x00080000, ABSOLUTE, COMPRESSED[0x000005e4])

    Exec Addr    Load Addr    Size         Type   Attr      Idx    E Section Name        Object

    0x24000000   COMPRESSED   0x00000010   Data   RW          114    .data               network.o
    0x24000010   COMPRESSED   0x00000010   Data   RW          115    .data               network.o
    0x24000020   COMPRESSED   0x00000010   Data   RW          116    .data               network.o
    0x24000030   COMPRESSED   0x00000010   Data   RW          117    .data               network.o
    0x24000040   COMPRESSED   0x00000010   Data   RW          118    .data               network.o
    0x24000050   COMPRESSED   0x00000010   Data   RW          119    .data               network.o
    0x24000060   COMPRESSED   0x00000010   Data   RW          120    .data               network.o
    0x24000070   COMPRESSED   0x00000010   Data   RW          121    .data               network.o
    0x24000080   COMPRESSED   0x00000010   Data   RW          122    .data               network.o
    0x24000090   COMPRESSED   0x00000010   Data   RW          123    .data               network.o
    0x240000a0   COMPRESSED   0x00000010   Data   RW          124    .data               network.o
    0x240000b0   COMPRESSED   0x00000010   Data   RW          125    .data               network.o
    0x240000c0   COMPRESSED   0x00000010   Data   RW          126    .data               network.o
    0x240000d0   COMPRESSED   0x00000010   Data   RW          127    .data               network.o
    0x240000e0   COMPRESSED   0x00000010   Data   RW          128    .data               network.o
    0x240000f0   COMPRESSED   0x00000010   Data   RW          129    .data               network.o
    0x24000100   COMPRESSED   0x00000010   Data   RW          130    .data               network.o
    0x24000110   COMPRESSED   0x00000010   Data   RW          131    .data               network.o
    0x24000120   COMPRESSED   0x00000010   Data   RW          132    .data               network.o
    0x24000130   COMPRESSED   0x00000010   Data   RW          133    .data               network.o
    0x24000140   COMPRESSED   0x00000010   Data   RW          134    .data               network.o
    0x24000150   COMPRESSED   0x00000010   Data   RW          135    .data               network.o
    0x24000160   COMPRESSED   0x00000010   Data   RW          136    .data               network.o
    0x24000170   COMPRESSED   0x00000010   Data   RW          137    .data               network.o
    0x24000180   COMPRESSED   0x00000010   Data   RW          138    .data               network.o
    0x24000190   COMPRESSED   0x00000010   Data   RW          139    .data               network.o
    0x240001a0   COMPRESSED   0x00000010   Data   RW          140    .data               network.o
    0x240001b0   COMPRESSED   0x00000010   Data   RW          141    .data               network.o
    0x240001c0   COMPRESSED   0x00000010   Data   RW          142    .data               network.o
    0x240001d0   COMPRESSED   0x00000010   Data   RW          143    .data               network.o
    0x240001e0   COMPRESSED   0x00000010   Data   RW          144    .data               network.o
    0x240001f0   COMPRESSED   0x00000010   Data   RW          145    .data               network.o
    0x24000200   COMPRESSED   0x00000010   Data   RW          146    .data               network.o
    0x24000210   COMPRESSED   0x00000010   Data   RW          147    .data               network.o
    0x24000220   COMPRESSED   0x00000010   Data   RW          148    .data               network.o
    0x24000230   COMPRESSED   0x00000010   Data   RW          149    .data               network.o
    0x24000240   COMPRESSED   0x00000010   Data   RW          150    .data               network.o
    0x24000250   COMPRESSED   0x00000010   Data   RW          151    .data               network.o
    0x24000260   COMPRESSED   0x00000010   Data   RW          152    .data               network.o
    0x24000270   COMPRESSED   0x00000010   Data   RW          153    .data               network.o
    0x24000280   COMPRESSED   0x00000010   Data   RW          154    .data               network.o
    0x24000290   COMPRESSED   0x00000010   Data   RW          155    .data               network.o
    0x240002a0   COMPRESSED   0x00000010   Data   RW          156    .data               network.o
    0x240002b0   COMPRESSED   0x00000010   Data   RW          157    .data               network.o
    0x240002c0   COMPRESSED   0x00000010   Data   RW          158    .data               network.o
    0x240002d0   COMPRESSED   0x00000010   Data   RW          159    .data               network.o
    0x240002e0   COMPRESSED   0x00000010   Data   RW          160    .data               network.o
    0x240002f0   COMPRESSED   0x00000010   Data   RW          161    .data               network.o
    0x24000300   COMPRESSED   0x00000010   Data   RW          162    .data               network.o
    0x24000310   COMPRESSED   0x00000010   Data   RW          163    .data               network.o
    0x24000320   COMPRESSED   0x00000010   Data   RW          164    .data               network.o
    0x24000330   COMPRESSED   0x00000010   Data   RW          165    .data               network.o
    0x24000340   COMPRESSED   0x00000010   Data   RW          166    .data               network.o
    0x24000350   COMPRESSED   0x00000010   Data   RW          167    .data               network.o
    0x24000360   COMPRESSED   0x00000010   Data   RW          168    .data               network.o
    0x24000370   COMPRESSED   0x00000010   Data   RW          169    .data               network.o
    0x24000380   COMPRESSED   0x00000010   Data   RW          170    .data               network.o
    0x24000390   COMPRESSED   0x00000010   Data   RW          171    .data               network.o
    0x240003a0   COMPRESSED   0x00000010   Data   RW          172    .data               network.o
    0x240003b0   COMPRESSED   0x00000010   Data   RW          173    .data               network.o
    0x240003c0   COMPRESSED   0x00000010   Data   RW          174    .data               network.o
    0x240003d0   COMPRESSED   0x00000010   Data   RW          175    .data               network.o
    0x240003e0   COMPRESSED   0x00000004   Data   RW          176    .data               network.o
    0x240003e4   COMPRESSED   0x00000004   Data   RW          177    .data               network.o
    0x240003e8   COMPRESSED   0x00000004   Data   RW          178    .data               network.o
    0x240003ec   COMPRESSED   0x00000004   Data   RW          179    .data               network.o
    0x240003f0   COMPRESSED   0x00000030   Data   RW          180    .data               network.o
    0x24000420   COMPRESSED   0x00000004   Data   RW          181    .data               network.o
    0x24000424   COMPRESSED   0x00000004   Data   RW          182    .data               network.o
    0x24000428   COMPRESSED   0x00000004   Data   RW          183    .data               network.o
    0x2400042c   COMPRESSED   0x00000004   Data   RW          184    .data               network.o
    0x24000430   COMPRESSED   0x00000030   Data   RW          185    .data               network.o
    0x24000460   COMPRESSED   0x00000004   Data   RW          186    .data               network.o
    0x24000464   COMPRESSED   0x00000004   Data   RW          187    .data               network.o
    0x24000468   COMPRESSED   0x00000008   Data   RW          188    .data               network.o
    0x24000470   COMPRESSED   0x00000004   Data   RW          189    .data               network.o
    0x24000474   COMPRESSED   0x00000030   Data   RW          190    .data               network.o
    0x240004a4   COMPRESSED   0x00000004   Data   RW          191    .data               network.o
    0x240004a8   COMPRESSED   0x00000004   Data   RW          192    .data               network.o
    0x240004ac   COMPRESSED   0x0000000c   Data   RW          193    .data               network.o
    0x240004b8   COMPRESSED   0x00000008   Data   RW          194    .data               network.o
    0x240004c0   COMPRESSED   0x00000030   Data   RW          195    .data               network.o
    0x240004f0   COMPRESSED   0x00000004   Data   RW          196    .data               network.o
    0x240004f4   COMPRESSED   0x00000004   Data   RW          197    .data               network.o
    0x240004f8   COMPRESSED   0x0000000c   Data   RW          198    .data               network.o
    0x24000504   COMPRESSED   0x00000004   Data   RW          199    .data               network.o
    0x24000508   COMPRESSED   0x00000030   Data   RW          200    .data               network.o
    0x24000538   COMPRESSED   0x00000010   Data   RW          201    .data               network.o
    0x24000548   COMPRESSED   0x00000004   Data   RW          202    .data               network.o
    0x2400054c   COMPRESSED   0x00000004   Data   RW          203    .data               network.o
    0x24000550   COMPRESSED   0x0000000c   Data   RW          204    .data               network.o
    0x2400055c   COMPRESSED   0x00000004   Data   RW          205    .data               network.o
    0x24000560   COMPRESSED   0x00000030   Data   RW          206    .data               network.o
    0x24000590   COMPRESSED   0x00000004   Data   RW          207    .data               network.o
    0x24000594   COMPRESSED   0x00000004   Data   RW          208    .data               network.o
    0x24000598   COMPRESSED   0x00000004   Data   RW          209    .data               network.o
    0x2400059c   COMPRESSED   0x00000004   Data   RW          210    .data               network.o
    0x240005a0   COMPRESSED   0x00000030   Data   RW          211    .data               network.o
    0x240005d0   COMPRESSED   0x00000010   Data   RW          212    .data               network.o
    0x240005e0   COMPRESSED   0x00000004   Data   RW          213    .data               network.o
    0x240005e4   COMPRESSED   0x00000004   Data   RW          214    .data               network.o
    0x240005e8   COMPRESSED   0x0000000c   Data   RW          215    .data               network.o
    0x240005f4   COMPRESSED   0x00000004   Data   RW          216    .data               network.o
    0x240005f8   COMPRESSED   0x00000030   Data   RW          217    .data               network.o
    0x24000628   COMPRESSED   0x00000010   Data   RW          218    .data               network.o
    0x24000638   COMPRESSED   0x00000004   Data   RW          219    .data               network.o
    0x2400063c   COMPRESSED   0x00000004   Data   RW          220    .data               network.o
    0x24000640   COMPRESSED   0x0000000c   Data   RW          221    .data               network.o
    0x2400064c   COMPRESSED   0x00000004   Data   RW          222    .data               network.o
    0x24000650   COMPRESSED   0x00000030   Data   RW          223    .data               network.o
    0x24000680   COMPRESSED   0x00000010   Data   RW          224    .data               network.o
    0x24000690   COMPRESSED   0x00000004   Data   RW          225    .data               network.o
    0x24000694   COMPRESSED   0x00000004   Data   RW          226    .data               network.o
    0x24000698   COMPRESSED   0x00000004   Data   RW          227    .data               network.o
    0x2400069c   COMPRESSED   0x00000004   Data   RW          228    .data               network.o
    0x240006a0   COMPRESSED   0x00000030   Data   RW          229    .data               network.o
    0x240006d0   COMPRESSED   0x00000010   Data   RW          230    .data               network.o
    0x240006e0   COMPRESSED   0x0000001c   Data   RW          231    .data               network.o
    0x240006fc   COMPRESSED   0x00000010   Data   RW          232    .data               network.o
    0x2400070c   COMPRESSED   0x0000001c   Data   RW          233    .data               network.o
    0x24000728   COMPRESSED   0x00000004   Data   RW          234    .data               network.o
    0x2400072c   COMPRESSED   0x00000008   Data   RW          235    .data               network.o
    0x24000734   COMPRESSED   0x0000000c   Data   RW          236    .data               network.o
    0x24000740   COMPRESSED   0x00000004   Data   RW          237    .data               network.o
    0x24000744   COMPRESSED   0x00000008   Data   RW          238    .data               network.o
    0x2400074c   COMPRESSED   0x0000000c   Data   RW          239    .data               network.o
    0x24000758   COMPRESSED   0x00000018   Data   RW          240    .data               network.o
    0x24000770   COMPRESSED   0x00000244   Data   RW          241    .data               network.o
    0x240009b4   COMPRESSED   0x0000001c   Data   RW          242    .data               network.o
    0x240009d0   COMPRESSED   0x0000001c   Data   RW          243    .data               network.o
    0x240009ec   COMPRESSED   0x0000001c   Data   RW          244    .data               network.o
    0x24000a08   COMPRESSED   0x0000001c   Data   RW          245    .data               network.o
    0x24000a24   COMPRESSED   0x0000001c   Data   RW          246    .data               network.o
    0x24000a40   COMPRESSED   0x0000001c   Data   RW          247    .data               network.o
    0x24000a5c   COMPRESSED   0x0000001c   Data   RW          248    .data               network.o
    0x24000a78   COMPRESSED   0x0000001c   Data   RW          249    .data               network.o
    0x24000a94   COMPRESSED   0x0000001c   Data   RW          250    .data               network.o
    0x24000ab0   COMPRESSED   0x0000001c   Data   RW          251    .data               network.o
    0x24000acc   COMPRESSED   0x0000001c   Data   RW          252    .data               network.o
    0x24000ae8   COMPRESSED   0x0000001c   Data   RW          253    .data               network.o
    0x24000b04   COMPRESSED   0x0000001c   Data   RW          254    .data               network.o
    0x24000b20   COMPRESSED   0x0000001c   Data   RW          255    .data               network.o
    0x24000b3c   COMPRESSED   0x0000001c   Data   RW          256    .data               network.o
    0x24000b58   COMPRESSED   0x0000001c   Data   RW          257    .data               network.o
    0x24000b74   COMPRESSED   0x0000001c   Data   RW          258    .data               network.o
    0x24000b90   COMPRESSED   0x0000001c   Data   RW          259    .data               network.o
    0x24000bac   COMPRESSED   0x0000001c   Data   RW          260    .data               network.o
    0x24000bc8   COMPRESSED   0x0000001c   Data   RW          261    .data               network.o
    0x24000be4   COMPRESSED   0x0000001c   Data   RW          262    .data               network.o
    0x24000c00   COMPRESSED   0x0000001c   Data   RW          263    .data               network.o
    0x24000c1c   COMPRESSED   0x0000001c   Data   RW          264    .data               network.o
    0x24000c38   COMPRESSED   0x0000001c   Data   RW          265    .data               network.o
    0x24000c54   COMPRESSED   0x0000001c   Data   RW          266    .data               network.o
    0x24000c70   COMPRESSED   0x0000001c   Data   RW          267    .data               network.o
    0x24000c8c   COMPRESSED   0x0000001c   Data   RW          268    .data               network.o
    0x24000ca8   COMPRESSED   0x0000001c   Data   RW          269    .data               network.o
    0x24000cc4   COMPRESSED   0x0000001c   Data   RW          270    .data               network.o
    0x24000ce0   COMPRESSED   0x0000001c   Data   RW          271    .data               network.o
    0x24000cfc   COMPRESSED   0x0000001c   Data   RW          272    .data               network.o
    0x24000d18   COMPRESSED   0x00000020   Data   RW          273    .data               network.o
    0x24000d38   COMPRESSED   0x00000020   Data   RW          274    .data               network.o
    0x24000d58   COMPRESSED   0x0000001c   Data   RW          275    .data               network.o
    0x24000d74   COMPRESSED   0x00000060   Data   RW          276    .data               network.o
    0x24000dd4   COMPRESSED   0x00000044   Data   RW          277    .data               network.o
    0x24000e18   COMPRESSED   0x00000044   Data   RW          278    .data               network.o
    0x24000e5c   COMPRESSED   0x0000002c   Data   RW          279    .data               network.o
    0x24000e88   COMPRESSED   0x00000044   Data   RW          280    .data               network.o
    0x24000ecc   COMPRESSED   0x00000044   Data   RW          281    .data               network.o
    0x24000f10   COMPRESSED   0x00000020   Data   RW          282    .data               network.o
    0x24000f30   COMPRESSED   0x00000010   Data   RW          544    .data               network_data.o
    0x24000f40   COMPRESSED   0x00000010   Data   RW          545    .data               network_data.o
    0x24000f50   COMPRESSED   0x0000001c   Data   RW          546    .data               network_data.o
    0x24000f6c   COMPRESSED   0x0000001c   Data   RW          547    .data               network_data.o
    0x24000f88   COMPRESSED   0x00000018   Data   RW          621    .data               app_x-cube-ai.o
    0x24000fa0   COMPRESSED   0x0000000c   Data   RW          841    .data               main.o
    0x24000fac   COMPRESSED   0x00000004   Data   RW          843    .data               main.o
    0x24000fb0   COMPRESSED   0x00000008   Data   RW         1193    .data               fmc.o
    0x24000fb8   COMPRESSED   0x0000000c   Data   RW         3197    .data               stm32h7xx_hal.o
    0x24000fc4   COMPRESSED   0x00000008   Data   RW         6038    .data               system_stm32h7xx_dualcore_boot_cm4_cm7.o
    0x24000fcc   COMPRESSED   0x00000064   Data   RW         6099    .data               stm32h747i_discovery.o
    0x24001030   COMPRESSED   0x00000008   Data   RW         6265    .data               stm32h747i_discovery_bus.o
    0x24001038   COMPRESSED   0x00000008   Data   RW         6405    .data               stm32h747i_discovery_lcd.o
    0x24001040   COMPRESSED   0x00000014   Data   RW         6883    .data               stm32h747i_discovery_ts.o
    0x24001054   COMPRESSED   0x00000030   Data   RW         7257    .data               ft6x06.o
    0x24001084   COMPRESSED   0x00000008   Data   RW         8127    .data               stm32_lcd.o
    0x2400108c   COMPRESSED   0x00000008   Data   RW         8128    .data               stm32_lcd.o
    0x24001094        -       0x00000010   Zero   RW           23    .bss                network.o
    0x240010a4        -       0x00000010   Zero   RW           24    .bss                network.o
    0x240010b4        -       0x00000010   Zero   RW           25    .bss                network.o
    0x240010c4        -       0x0000001c   Zero   RW           26    .bss                network.o
    0x240010e0        -       0x00000010   Zero   RW           27    .bss                network.o
    0x240010f0        -       0x0000001c   Zero   RW           28    .bss                network.o
    0x2400110c        -       0x00000010   Zero   RW           29    .bss                network.o
    0x2400111c   COMPRESSED   0x00000004   PAD
    0x24001120        -       0x00003440   Zero   RW          619    .bss                app_x-cube-ai.o
    0x24004560        -       0x000009c0   Zero   RW          837    .bss                main.o
    0x24004f20        -       0x00000024   Zero   RW         1068    .bss                crc.o
    0x24004f44        -       0x00000068   Zero   RW         1110    .bss                dma2d.o
    0x24004fac        -       0x00000034   Zero   RW         1192    .bss                fmc.o
    0x24004fe0        -       0x000000a8   Zero   RW         1239    .bss                ltdc.o
    0x24005088        -       0x0000004c   Zero   RW         1281    .bss                quadspi.o
    0x240050d4        -       0x00000094   Zero   RW         1323    .bss                usart.o
    0x24005168        -       0x00000a54   Zero   RW         6263    .bss                stm32h747i_discovery_bus.o
    0x24005bbc        -       0x00000190   Zero   RW         6403    .bss                stm32h747i_discovery_lcd.o
    0x24005d4c        -       0x0000012c   Zero   RW         6813    .bss                stm32h747i_discovery_sdram.o
    0x24005e78        -       0x00000050   Zero   RW         6881    .bss                stm32h747i_discovery_ts.o
    0x24005ec8        -       0x00000010   Zero   RW         7168    .bss                is42s32800j.o
    0x24005ed8        -       0x0000000c   Zero   RW         7919    .bss                otm8009a.o
    0x24005ee4        -       0x0000006c   Zero   RW         8121    .bss                stm32_lcd.o
    0x24005f50        -       0x00000060   Zero   RW        10747    .bss                c_w.l(libspace.o)
    0x24005fb0        -       0x00000800   Zero   RW            2    HEAP                startup_stm32h747xx_cm7.o
    0x240067b0        -       0x00000800   Zero   RW            1    STACK               startup_stm32h747xx_cm7.o


==============================================================================

Image component sizes


      Code (inc. data)   RO Data    RW Data    ZI Data      Debug   Object Name

       288        174          0         24      13376    1576368   app_x-cube-ai.o
        88         18          0          0         36       1627   crc.o
       132         20          0          0        104       1713   dma2d.o
       168         18          0          0          0       1638   dsihost.o
       364         44          0          8         52       2440   fmc.o
       556          8          0         48          0      18170   ft6x06.o
       198          0          0          0          0       7679   ft6x06_reg.o
       212          8          0          0          0       1179   gpio.o
       288         18          0          0         16       6517   is42s32800j.o
       180         20          0          0        168       1844   ltdc.o
      2898        558         44         16       2496      58733   main.o
       904         38       1626       3888        136      71281   network.o
        40          4        104         88          0      15345   network_data.o
         0          0      10320          0          0      14754   network_data_params.o
      1798         26        327          0         12      10663   otm8009a.o
        14          0          0          0          0       1109   otm8009a_reg.o
       468         42          0          0         76       2141   quadspi.o
        64         26        664          0       4096        868   startup_stm32h747xx_cm7.o
      1332         56      10640         16        108      16903   stm32_lcd.o
       166         14         64        100          0      11608   stm32h747i_discovery.o
      1136        112        132          8       2644      12142   stm32h747i_discovery_bus.o
      1264        100          0          8        400      30012   stm32h747i_discovery_lcd.o
       544         54          0          0        300       3410   stm32h747i_discovery_sdram.o
       536         56         12         20         80      15991   stm32h747i_discovery_ts.o
       232         44          0         12          0      31288   stm32h7xx_hal.o
       232         12          0          0          0      40409   stm32h7xx_hal_cortex.o
       120          6          0          0          0       1199   stm32h7xx_hal_crc.o
        84          0          0          0          0       1307   stm32h7xx_hal_crc_ex.o
      1508         70          0          0          0       3843   stm32h7xx_hal_dma.o
      1102         16          0          0          0       7520   stm32h7xx_hal_dma2d.o
      2176         16          0          0          0      16448   stm32h7xx_hal_dsi.o
       934         94          0          0          0       3250   stm32h7xx_hal_gpio.o
        52         12          0          0          0       1283   stm32h7xx_hal_hsem.o
      1816         40          0          0          0      15575   stm32h7xx_hal_i2c.o
       172          0          0          0          0       2015   stm32h7xx_hal_i2c_ex.o
      1106          6          0          0          0       6560   stm32h7xx_hal_ltdc.o
       394          6          0          0          0       3350   stm32h7xx_hal_mdma.o
        52          6          0          0          0        890   stm32h7xx_hal_msp.o
       132          4          0          0          0        857   stm32h7xx_hal_pwr_ex.o
       802         14          0          0          0       9264   stm32h7xx_hal_qspi.o
      2466        102          0          0          0       7160   stm32h7xx_hal_rcc.o
      3788        118          0          0          0       7921   stm32h7xx_hal_rcc_ex.o
       218          4          0          0          0       4140   stm32h7xx_hal_sdram.o
      2754        138         24          0          0      31332   stm32h7xx_hal_uart.o
       290          6         16          0          0       5530   stm32h7xx_hal_uart_ex.o
        94         36          0          0          0       7791   stm32h7xx_it.o
       338         12          0          0          0       4280   stm32h7xx_ll_fmc.o
       248         40         16          8          0       1566   system_stm32h7xx_dualcore_boot_cm4_cm7.o
       256         24          0          0        148       1910   usart.o

    ----------------------------------------------------------------------
     35050       2240      24064       4244      24252    2100823   Object Totals
         0          0         32          0          0          0   (incl. Generated)
        46          0         43          0          4          0   (incl. Padding)

    ----------------------------------------------------------------------

      Code (inc. data)   RO Data    RW Data    ZI Data      Debug   Library Member Name

       390         54          0          0          0        368   ai_datatypes_format.o
        74          6          0          0          0        360   ai_datatypes_internal.o
       158          8          0          0          0        368   ai_platform.o
      2652        118        104          0          0       3372   ai_platform_interface.o
        42          0          0          0          0        348   core_common.o
       918         10          0          0          0        452   core_convert.o
       102          0          0          0          0        248   core_utils.o
        80          0          0          0          0        148   forward_lite_avepool_is8os8.o
      1776          0          0          0          0        268   forward_lite_conv2d_sssa8_ch.o
        72          0          0          0          0       1208   forward_lite_convert.o
       110          0          0          0          0        148   forward_lite_dense_is8os8ws8.o
      1720          0          0          0          0        408   forward_lite_dw_sssa8_ch.o
       978          0          0          0          0        724   forward_lite_pad_generic.o
       570          0          0          0          0        160   forward_lite_pw_sssa8_ch.o
       226          6          0          0          0        628   layers.o
       646          4          0          0          0        392   layers_conv2d_sssa8_ch.o
       382          4          0          0          0        260   layers_conv2d_stm32_integer.o
       642          6          0          0          0        392   layers_dw_sssa8_ch.o
        34          0          0          0          0        116   layers_generic_float.o
       226          4          0          0          0        260   layers_nl_stm32_integer.o
       728          0          0          0          0        560   layers_pad_generic.o
       212          6          0          0          0        144   layers_pool_stm32_integer.o
      1204         12         60          0          0        508   layers_pw_sssa8_ch.o
       704         16          0          0          0       1236   lite_convert_kernel.o
        56          0          0          0          0        272   lite_nl_generic_integer.o
      1826         50          0          0          0        292   lite_nl_softmax_is8os8.o
      1818         48          0          0          0        292   lite_nl_softmax_iu8ou8.o
       224          8          0          0          0        256   st_align_factor.o
       240          4          0          0          0        124   st_f32_to_int16.o
       252          4          0          0          0        124   st_f32_to_int8.o
        48          0          0          0          0        128   st_int16_fill.o
       140          4          0          0          0        124   st_int16_to_f32.o
       224          0          0          0          0        256   st_int8_fill.o
       344          6          0          0          0        148   st_int8_pool.o
        78          0          0          0          0        132   st_int8_reordered_no_shift.o
      1434          0          0          0          0        556   st_int8_to16_no_shift.o
       140          4          0          0          0        124   st_int8_to_f32.o
       222          0          0          0          0        248   st_padding_opt.o
       168          0          0          0          0        140   st_sssa8_ch_convolve.o
       828          0          0          0          0          0   st_sssa8_ch_nn_mat_mult_kernel_opt.o
       620          0          0          0          0        148   st_sssa8_ch_nn_mat_mult_kernel_single_opt.o
       486          0          0          0          0        280   st_sssa8_ch_nn_mat_mult_nt_t.o
      2736          0          0          0          0          0   st_sssa8_ch_nn_mat_mult_pw_nt_t.o
       612          0          0          0          0        148   st_sssa8_dense.o
      1172          0          0          0          0          0   st_sssa8_dense_loop.o
        24          4          0          0          0         84   __2printf.o
        44          6          0          0          0         84   __2sprintf.o
        90          0          0          0          0          0   __dczerorl2.o
         8          0          0          0          0         68   __main.o
       312          4         17          0          0         92   __printf_flags_wp.o
        14          0          0          0          0         68   __printf_wp.o
         0          0          0          0          0          0   __rtentry.o
        12          0          0          0          0          0   __rtentry2.o
         6          0          0          0          0          0   __rtentry4.o
        52          8          0          0          0          0   __scatter.o
        28          0          0          0          0          0   __scatter_zi.o
        44          0          0          0          0        108   _printf_char.o
        48          6          0          0          0         96   _printf_char_common.o
        36          4          0          0          0         80   _printf_char_file.o
         6          0          0          0          0          0   _printf_d.o
       120         16          0          0          0         92   _printf_dec.o
        88          4         40          0          0         88   _printf_hex_int.o
       178          0          0          0          0         88   _printf_intcommon.o
        78          0          0          0          0        108   _printf_pad.o
         0          0          0          0          0          0   _printf_percent.o
         4          0          0          0          0          0   _printf_percent_end.o
         6          0          0          0          0          0   _printf_s.o
        82          0          0          0          0         80   _printf_str.o
         6          0          0          0          0          0   _printf_x.o
        22          0          0          0          0        100   _rserrno.o
        10          0          0          0          0         68   _sputc.o
        18          0          0          0          0         80   exit.o
         8          0          0          0          0         68   ferror.o
         6          0          0          0          0        152   heapauxi.o
         2          0          0          0          0          0   libinit.o
         6          0          0          0          0          0   libinit2.o
         2          0          0          0          0          0   libshutdown.o
         2          0          0          0          0          0   libshutdown2.o
         8          4          0          0         96         68   libspace.o
        72          0          0          0          0         76   llsdiv.o
       238          0          0          0          0        100   lludivv7m.o
        88          0          0          0          0         76   memcmp.o
         8          4          0          0          0         68   rt_errno_addr_intlibspace.o
        78          0          0          0          0         80   rt_memclr_w.o
       100          0          0          0          0         80   rt_memcpy_w.o
         2          0          0          0          0          0   rtexit.o
        10          0          0          0          0          0   rtexit2.o
        74          0          0          0          0         80   sys_stackheap_outer.o
         2          0          0          0          0         68   use_no_semi.o
         2          0          0          0          0         68   use_no_semi_2.o
       134          4          0          0          0        132   ffixll.o
       140          4          0          0          0        132   fnaninf.o
        10          0          0          0          0        116   fpinit.o
         0          0          0          0          0          0   usenofp.o
        38          0          0          0          0        116   fpclassifyf.o
        78         28          0          0          0        580   funder.o
      1624        130        320          0          0        400   powf.o

    ----------------------------------------------------------------------
     32438        608        544          0         96      20712   Library Totals
        56          0          3          0          0          0   (incl. Padding)

    ----------------------------------------------------------------------

      Code (inc. data)   RO Data    RW Data    ZI Data      Debug   Library Name

     28314        382        164          0          0      16868   NetworkRuntime900_CM7_Keil.lib
      2044         60         57          0         96       2368   c_w.l
       284          8          0          0          0        380   fz_wv.l
      1740        158        320          0          0       1096   m_wv.l

    ----------------------------------------------------------------------
     32438        608        544          0         96      20712   Library Totals

    ----------------------------------------------------------------------

==============================================================================


      Code (inc. data)   RO Data    RW Data    ZI Data      Debug   

     67488       2848      24608       4244      24348    2079087   Grand Totals
     67488       2848      24608       1508      24348    2079087   ELF Image Totals (compressed)
     67488       2848      24608       1508          0          0   ROM Totals

==============================================================================

    Total RO  Size (Code + RO Data)                92096 (  89.94kB)
    Total RW  Size (RW Data + ZI Data)             28592 (  27.92kB)
    Total ROM Size (Code + RO Data + RW Data)      93604 (  91.41kB)

==============================================================================

