<html>
<body>
<pre>
<h1>礦ision Build Log</h1>
<h2>Tool Versions:</h2>
IDE-Version: μVision V5.25.2.0
Copyright (C) 2018 ARM Ltd and ARM Germany GmbH. All rights reserved.
License Information: 赵 阿强, 同济大学, LIC=IK1BF-6V680-30JNC-7UDW3-R17V7-EKPRB
 
Tool Versions:
Toolchain:       MDK-ARM Plus  Version: 5.25.2.0
Toolchain Path:  C:\Keil_v5\ARM\ARMCC\Bin
C Compiler:      Armcc.exe V5.06 update 6 (build 750)
Assembler:       Armasm.exe V5.06 update 6 (build 750)
Linker/Locator:  ArmLink.exe V5.06 update 6 (build 750)
Library Manager: ArmAr.exe V5.06 update 6 (build 750)
Hex Converter:   FromElf.exe V5.06 update 6 (build 750)
CPU DLL:         SARMCM3.DLL V5.25.2.0
Dialog DLL:      DCM.DLL V1.17.1.0
Target DLL:      STLink\ST-LINKIII-KEIL_SWO.dll V3.0.1.0
Dialog DLL:      TCM.DLL V1.35.1.0
 
<h2>Project:</h2>
E:\code\Embedded_project\TouchScreen_MNIST_remake-main\MDK-ARM\TouchScreen_respawn.uvprojx
Project File Date:  06/08/2025

<h2>Output:</h2>
*** Using Compiler 'V5.06 update 6 (build 750)', folder: 'C:\Keil_v5\ARM\ARMCC\Bin'
Build target 'TouchScreen_respawn_CM7'
compiling main.c...
../CM7/Core/Src/main.c(877): warning:  #177-D: function "CopyBuffer"  was declared but never referenced
  static void CopyBuffer(uint32_t *pSrc, uint32_t *pDst, uint16_t x, uint16_t y, uint16_t xsize, uint16_t ysize)
../CM7/Core/Src/main.c: 1 warning, 0 errors
linking...
Program Size: Code=71396 RO-data=24812 RW-data=4244 ZI-data=24348  
FromELF: creating hex file...
"TouchScreen_respawn_CM7\TouchScreen_respawn_CM7.axf" - 0 Error(s), 1 Warning(s).

<h2>Software Packages used:</h2>

Package Vendor: ARM
                http://www.keil.com/pack/ARM.CMSIS.5.3.0.pack
                ARM.CMSIS.5.3.0
                CMSIS (Cortex Microcontroller Software Interface Standard)
   * Component: CORE Version: 5.1.1

Package Vendor: Keil
                https://www.keil.com/pack/Keil.STM32H7xx_DFP.4.0.0.pack
                Keil.STM32H7xx_DFP.4.0.0
                STMicroelectronics STM32H7 Series Device Support

<h2>Collection of Component include folders:</h2>
  .\RTE\_TouchScreen_respawn_CM7
  C:\Keil_v5\ARM\PACK\ARM\CMSIS\5.3.0\CMSIS\Include

<h2>Collection of Component Files used:</h2>

   * Component: ARM::CMSIS:CORE:5.1.1
Build Time Elapsed:  00:00:01
</pre>
</body>
</html>
