<!doctype html public "-//w3c//dtd html 4.0 transitional//en">
<html><head>
<title>Static Call Graph - [TouchScreen_respawn_CM7\TouchScreen_respawn_CM7.axf]</title></head>
<body><HR>
<H1>Static Call Graph for image TouchScreen_respawn_CM7\TouchScreen_respawn_CM7.axf</H1><HR>
<BR><P>#&#060CALLGRAPH&#062# ARM Linker, 5060750: Last Updated: Sun Jun 15 10:25:08 2025
<BR><P>
<H3>Maximum Stack Usage =      23248 bytes + Unknown(Functions without stacksize, Cycles, Untraceable Function Pointers)</H3><H3>
Call chain for Maximum Stack Depth:</H3>
__rt_entry_main &rArr; main &rArr; LCD_Init &rArr; LTDC_Init &rArr; HAL_LTDC_Init &rArr; HAL_LTDC_MspInit &rArr; HAL_RCCEx_PeriphCLKConfig &rArr; RCCEx_PLL3_Config
<P>
<H3>
Functions with no stack information
</H3><UL>
 <LI><a href="#[11a]">__user_initial_stackheap</a>
 <LI><a href="#[24a]">st_sssa8_ch_nn_mat_mult_kernel_opt</a>
 <LI><a href="#[26d]">st_sssa8_ch_nn_mat_mult_pw_nt_t</a>
 <LI><a href="#[26e]">st_sssa8_ch_nn_mat_mult_pw_nt_t_KWS</a>
 <LI><a href="#[286]">st_sssa8_dense_loop</a>
 <LI><a href="#[287]">st_sssa8_dense_memopt_loop</a>
</UL>
</UL>
<P>
<H3>
Mutually Recursive functions
</H3> <LI><a href="#[aa]">ADC3_IRQHandler</a>&nbsp;&nbsp;&nbsp;&rArr;&nbsp;&nbsp;&nbsp;<a href="#[aa]">ADC3_IRQHandler</a><BR>
 <LI><a href="#[29]">BusFault_Handler</a>&nbsp;&nbsp;&nbsp;&rArr;&nbsp;&nbsp;&nbsp;<a href="#[29]">BusFault_Handler</a><BR>
 <LI><a href="#[27]">HardFault_Handler</a>&nbsp;&nbsp;&nbsp;&rArr;&nbsp;&nbsp;&nbsp;<a href="#[27]">HardFault_Handler</a><BR>
 <LI><a href="#[28]">MemManage_Handler</a>&nbsp;&nbsp;&nbsp;&rArr;&nbsp;&nbsp;&nbsp;<a href="#[28]">MemManage_Handler</a><BR>
 <LI><a href="#[26]">NMI_Handler</a>&nbsp;&nbsp;&nbsp;&rArr;&nbsp;&nbsp;&nbsp;<a href="#[26]">NMI_Handler</a><BR>
 <LI><a href="#[2a]">UsageFault_Handler</a>&nbsp;&nbsp;&nbsp;&rArr;&nbsp;&nbsp;&nbsp;<a href="#[2a]">UsageFault_Handler</a><BR>
</UL>
<P>
<H3>
Function Pointers
</H3><UL>
 <LI><a href="#[aa]">ADC3_IRQHandler</a> from startup_stm32h747xx_cm7.o(.text) referenced from startup_stm32h747xx_cm7.o(RESET)
 <LI><a href="#[41]">ADC_IRQHandler</a> from startup_stm32h747xx_cm7.o(.text) referenced from startup_stm32h747xx_cm7.o(RESET)
 <LI><a href="#[ac]">BDMA_Channel0_IRQHandler</a> from startup_stm32h747xx_cm7.o(.text) referenced from startup_stm32h747xx_cm7.o(RESET)
 <LI><a href="#[ad]">BDMA_Channel1_IRQHandler</a> from startup_stm32h747xx_cm7.o(.text) referenced from startup_stm32h747xx_cm7.o(RESET)
 <LI><a href="#[ae]">BDMA_Channel2_IRQHandler</a> from startup_stm32h747xx_cm7.o(.text) referenced from startup_stm32h747xx_cm7.o(RESET)
 <LI><a href="#[af]">BDMA_Channel3_IRQHandler</a> from startup_stm32h747xx_cm7.o(.text) referenced from startup_stm32h747xx_cm7.o(RESET)
 <LI><a href="#[b0]">BDMA_Channel4_IRQHandler</a> from startup_stm32h747xx_cm7.o(.text) referenced from startup_stm32h747xx_cm7.o(RESET)
 <LI><a href="#[b1]">BDMA_Channel5_IRQHandler</a> from startup_stm32h747xx_cm7.o(.text) referenced from startup_stm32h747xx_cm7.o(RESET)
 <LI><a href="#[b2]">BDMA_Channel6_IRQHandler</a> from startup_stm32h747xx_cm7.o(.text) referenced from startup_stm32h747xx_cm7.o(RESET)
 <LI><a href="#[b3]">BDMA_Channel7_IRQHandler</a> from startup_stm32h747xx_cm7.o(.text) referenced from startup_stm32h747xx_cm7.o(RESET)
 <LI><a href="#[ca]">BSP_GetTick</a> from stm32h747i_discovery_bus.o(i.BSP_GetTick) referenced from stm32h747i_discovery_ts.o(i.FT6X06_Probe)
 <LI><a href="#[ca]">BSP_GetTick</a> from stm32h747i_discovery_bus.o(i.BSP_GetTick) referenced from main.o(i.LCD_Init)
 <LI><a href="#[c7]">BSP_I2C4_DeInit</a> from stm32h747i_discovery_bus.o(i.BSP_I2C4_DeInit) referenced from stm32h747i_discovery_ts.o(i.FT6X06_Probe)
 <LI><a href="#[c6]">BSP_I2C4_Init</a> from stm32h747i_discovery_bus.o(i.BSP_I2C4_Init) referenced from stm32h747i_discovery_ts.o(i.FT6X06_Probe)
 <LI><a href="#[c8]">BSP_I2C4_ReadReg</a> from stm32h747i_discovery_bus.o(i.BSP_I2C4_ReadReg) referenced from stm32h747i_discovery_ts.o(i.FT6X06_Probe)
 <LI><a href="#[c9]">BSP_I2C4_WriteReg</a> from stm32h747i_discovery_bus.o(i.BSP_I2C4_WriteReg) referenced from stm32h747i_discovery_ts.o(i.FT6X06_Probe)
 <LI><a href="#[d4]">BSP_LCD_DrawBitmap</a> from stm32h747i_discovery_lcd.o(i.BSP_LCD_DrawBitmap) referenced from main.o(.constdata)
 <LI><a href="#[d6]">BSP_LCD_DrawHLine</a> from stm32h747i_discovery_lcd.o(i.BSP_LCD_DrawHLine) referenced from main.o(.constdata)
 <LI><a href="#[d7]">BSP_LCD_DrawVLine</a> from stm32h747i_discovery_lcd.o(i.BSP_LCD_DrawVLine) referenced from main.o(.constdata)
 <LI><a href="#[d5]">BSP_LCD_FillRGBRect</a> from stm32h747i_discovery_lcd.o(i.BSP_LCD_FillRGBRect) referenced from main.o(.constdata)
 <LI><a href="#[d8]">BSP_LCD_FillRect</a> from stm32h747i_discovery_lcd.o(i.BSP_LCD_FillRect) referenced from main.o(.constdata)
 <LI><a href="#[de]">BSP_LCD_GetPixelFormat</a> from stm32h747i_discovery_lcd.o(i.BSP_LCD_GetPixelFormat) referenced from main.o(.constdata)
 <LI><a href="#[d9]">BSP_LCD_ReadPixel</a> from stm32h747i_discovery_lcd.o(i.BSP_LCD_ReadPixel) referenced from main.o(.constdata)
 <LI><a href="#[dd]">BSP_LCD_SetActiveLayer</a> from stm32h747i_discovery_lcd.o(i.BSP_LCD_SetActiveLayer) referenced from main.o(.constdata)
 <LI><a href="#[da]">BSP_LCD_WritePixel</a> from stm32h747i_discovery_lcd.o(i.BSP_LCD_WritePixel) referenced from main.o(.constdata)
 <LI><a href="#[12]">BUTTON_WAKEUP_EXTI_Callback</a> from stm32h747i_discovery.o(i.BUTTON_WAKEUP_EXTI_Callback) referenced 2 times from stm32h747i_discovery.o(.data)
 <LI><a href="#[29]">BusFault_Handler</a> from stm32h7xx_it.o(i.BusFault_Handler) referenced from startup_stm32h747xx_cm7.o(RESET)
 <LI><a href="#[89]">CEC_IRQHandler</a> from startup_stm32h747xx_cm7.o(.text) referenced from startup_stm32h747xx_cm7.o(RESET)
 <LI><a href="#[6f]">CM4_SEV_IRQHandler</a> from startup_stm32h747xx_cm7.o(.text) referenced from startup_stm32h747xx_cm7.o(RESET)
 <LI><a href="#[6e]">CM7_SEV_IRQHandler</a> from startup_stm32h747xx_cm7.o(.text) referenced from startup_stm32h747xx_cm7.o(RESET)
 <LI><a href="#[b4]">COMP1_IRQHandler</a> from startup_stm32h747xx_cm7.o(.text) referenced from startup_stm32h747xx_cm7.o(RESET)
 <LI><a href="#[bb]">CRS_IRQHandler</a> from startup_stm32h747xx_cm7.o(.text) referenced from startup_stm32h747xx_cm7.o(RESET)
 <LI><a href="#[7a]">DCMI_IRQHandler</a> from startup_stm32h747xx_cm7.o(.text) referenced from startup_stm32h747xx_cm7.o(RESET)
 <LI><a href="#[99]">DFSDM1_FLT0_IRQHandler</a> from startup_stm32h747xx_cm7.o(.text) referenced from startup_stm32h747xx_cm7.o(RESET)
 <LI><a href="#[9a]">DFSDM1_FLT1_IRQHandler</a> from startup_stm32h747xx_cm7.o(.text) referenced from startup_stm32h747xx_cm7.o(RESET)
 <LI><a href="#[9b]">DFSDM1_FLT2_IRQHandler</a> from startup_stm32h747xx_cm7.o(.text) referenced from startup_stm32h747xx_cm7.o(RESET)
 <LI><a href="#[9c]">DFSDM1_FLT3_IRQHandler</a> from startup_stm32h747xx_cm7.o(.text) referenced from startup_stm32h747xx_cm7.o(RESET)
 <LI><a href="#[3a]">DMA1_Stream0_IRQHandler</a> from startup_stm32h747xx_cm7.o(.text) referenced from startup_stm32h747xx_cm7.o(RESET)
 <LI><a href="#[3b]">DMA1_Stream1_IRQHandler</a> from startup_stm32h747xx_cm7.o(.text) referenced from startup_stm32h747xx_cm7.o(RESET)
 <LI><a href="#[3c]">DMA1_Stream2_IRQHandler</a> from startup_stm32h747xx_cm7.o(.text) referenced from startup_stm32h747xx_cm7.o(RESET)
 <LI><a href="#[3d]">DMA1_Stream3_IRQHandler</a> from startup_stm32h747xx_cm7.o(.text) referenced from startup_stm32h747xx_cm7.o(RESET)
 <LI><a href="#[3e]">DMA1_Stream4_IRQHandler</a> from startup_stm32h747xx_cm7.o(.text) referenced from startup_stm32h747xx_cm7.o(RESET)
 <LI><a href="#[3f]">DMA1_Stream5_IRQHandler</a> from startup_stm32h747xx_cm7.o(.text) referenced from startup_stm32h747xx_cm7.o(RESET)
 <LI><a href="#[40]">DMA1_Stream6_IRQHandler</a> from startup_stm32h747xx_cm7.o(.text) referenced from startup_stm32h747xx_cm7.o(RESET)
 <LI><a href="#[5d]">DMA1_Stream7_IRQHandler</a> from startup_stm32h747xx_cm7.o(.text) referenced from startup_stm32h747xx_cm7.o(RESET)
 <LI><a href="#[85]">DMA2D_IRQHandler</a> from stm32h7xx_it.o(i.DMA2D_IRQHandler) referenced from startup_stm32h747xx_cm7.o(RESET)
 <LI><a href="#[66]">DMA2_Stream0_IRQHandler</a> from startup_stm32h747xx_cm7.o(.text) referenced from startup_stm32h747xx_cm7.o(RESET)
 <LI><a href="#[67]">DMA2_Stream1_IRQHandler</a> from startup_stm32h747xx_cm7.o(.text) referenced from startup_stm32h747xx_cm7.o(RESET)
 <LI><a href="#[68]">DMA2_Stream2_IRQHandler</a> from startup_stm32h747xx_cm7.o(.text) referenced from startup_stm32h747xx_cm7.o(RESET)
 <LI><a href="#[69]">DMA2_Stream3_IRQHandler</a> from startup_stm32h747xx_cm7.o(.text) referenced from startup_stm32h747xx_cm7.o(RESET)
 <LI><a href="#[6a]">DMA2_Stream4_IRQHandler</a> from startup_stm32h747xx_cm7.o(.text) referenced from startup_stm32h747xx_cm7.o(RESET)
 <LI><a href="#[70]">DMA2_Stream5_IRQHandler</a> from startup_stm32h747xx_cm7.o(.text) referenced from startup_stm32h747xx_cm7.o(RESET)
 <LI><a href="#[71]">DMA2_Stream6_IRQHandler</a> from startup_stm32h747xx_cm7.o(.text) referenced from startup_stm32h747xx_cm7.o(RESET)
 <LI><a href="#[72]">DMA2_Stream7_IRQHandler</a> from startup_stm32h747xx_cm7.o(.text) referenced from startup_stm32h747xx_cm7.o(RESET)
 <LI><a href="#[91]">DMAMUX1_OVR_IRQHandler</a> from startup_stm32h747xx_cm7.o(.text) referenced from startup_stm32h747xx_cm7.o(RESET)
 <LI><a href="#[ab]">DMAMUX2_OVR_IRQHandler</a> from startup_stm32h747xx_cm7.o(.text) referenced from startup_stm32h747xx_cm7.o(RESET)
 <LI><a href="#[d0]">DSI_IO_Read</a> from main.o(i.DSI_IO_Read) referenced from main.o(i.LCD_Init)
 <LI><a href="#[cf]">DSI_IO_Write</a> from main.o(i.DSI_IO_Write) referenced from main.o(i.LCD_Init)
 <LI><a href="#[a6]">DSI_IRQHandler</a> from main.o(i.DSI_IRQHandler) referenced from startup_stm32h747xx_cm7.o(RESET)
 <LI><a href="#[2c]">DebugMon_Handler</a> from stm32h7xx_it.o(i.DebugMon_Handler) referenced from startup_stm32h747xx_cm7.o(RESET)
 <LI><a href="#[bc]">ECC_IRQHandler</a> from stm32h7xx_it.o(i.ECC_IRQHandler) referenced from startup_stm32h747xx_cm7.o(RESET)
 <LI><a href="#[6b]">ETH_IRQHandler</a> from startup_stm32h747xx_cm7.o(.text) referenced from startup_stm32h747xx_cm7.o(RESET)
 <LI><a href="#[6c]">ETH_WKUP_IRQHandler</a> from startup_stm32h747xx_cm7.o(.text) referenced from startup_stm32h747xx_cm7.o(RESET)
 <LI><a href="#[35]">EXTI0_IRQHandler</a> from startup_stm32h747xx_cm7.o(.text) referenced from startup_stm32h747xx_cm7.o(RESET)
 <LI><a href="#[57]">EXTI15_10_IRQHandler</a> from startup_stm32h747xx_cm7.o(.text) referenced from startup_stm32h747xx_cm7.o(RESET)
 <LI><a href="#[36]">EXTI1_IRQHandler</a> from startup_stm32h747xx_cm7.o(.text) referenced from startup_stm32h747xx_cm7.o(RESET)
 <LI><a href="#[37]">EXTI2_IRQHandler</a> from startup_stm32h747xx_cm7.o(.text) referenced from startup_stm32h747xx_cm7.o(RESET)
 <LI><a href="#[38]">EXTI3_IRQHandler</a> from startup_stm32h747xx_cm7.o(.text) referenced from startup_stm32h747xx_cm7.o(RESET)
 <LI><a href="#[39]">EXTI4_IRQHandler</a> from startup_stm32h747xx_cm7.o(.text) referenced from startup_stm32h747xx_cm7.o(RESET)
 <LI><a href="#[46]">EXTI9_5_IRQHandler</a> from startup_stm32h747xx_cm7.o(.text) referenced from startup_stm32h747xx_cm7.o(RESET)
 <LI><a href="#[42]">FDCAN1_IT0_IRQHandler</a> from startup_stm32h747xx_cm7.o(.text) referenced from startup_stm32h747xx_cm7.o(RESET)
 <LI><a href="#[44]">FDCAN1_IT1_IRQHandler</a> from startup_stm32h747xx_cm7.o(.text) referenced from startup_stm32h747xx_cm7.o(RESET)
 <LI><a href="#[43]">FDCAN2_IT0_IRQHandler</a> from startup_stm32h747xx_cm7.o(.text) referenced from startup_stm32h747xx_cm7.o(RESET)
 <LI><a href="#[45]">FDCAN2_IT1_IRQHandler</a> from startup_stm32h747xx_cm7.o(.text) referenced from startup_stm32h747xx_cm7.o(RESET)
 <LI><a href="#[6d]">FDCAN_CAL_IRQHandler</a> from startup_stm32h747xx_cm7.o(.text) referenced from startup_stm32h747xx_cm7.o(RESET)
 <LI><a href="#[33]">FLASH_IRQHandler</a> from startup_stm32h747xx_cm7.o(.text) referenced from startup_stm32h747xx_cm7.o(RESET)
 <LI><a href="#[5e]">FMC_IRQHandler</a> from stm32h7xx_it.o(i.FMC_IRQHandler) referenced from startup_stm32h747xx_cm7.o(RESET)
 <LI><a href="#[7c]">FPU_IRQHandler</a> from startup_stm32h747xx_cm7.o(.text) referenced from startup_stm32h747xx_cm7.o(RESET)
 <LI><a href="#[23]">FT6X06_ClearIT</a> from ft6x06.o(i.FT6X06_ClearIT) referenced 2 times from ft6x06.o(.data)
 <LI><a href="#[1a]">FT6X06_DeInit</a> from ft6x06.o(i.FT6X06_DeInit) referenced 2 times from ft6x06.o(.data)
 <LI><a href="#[22]">FT6X06_DisableIT</a> from ft6x06.o(i.FT6X06_DisableIT) referenced 2 times from ft6x06.o(.data)
 <LI><a href="#[21]">FT6X06_EnableIT</a> from ft6x06.o(i.FT6X06_EnableIT) referenced 2 times from ft6x06.o(.data)
 <LI><a href="#[1b]">FT6X06_GestureConfig</a> from ft6x06.o(i.FT6X06_GestureConfig) referenced 2 times from ft6x06.o(.data)
 <LI><a href="#[20]">FT6X06_GetCapabilities</a> from ft6x06.o(i.FT6X06_GetCapabilities) referenced 2 times from ft6x06.o(.data)
 <LI><a href="#[1f]">FT6X06_GetGesture</a> from ft6x06.o(i.FT6X06_GetGesture) referenced 2 times from ft6x06.o(.data)
 <LI><a href="#[1e]">FT6X06_GetMultiTouchState</a> from ft6x06.o(i.FT6X06_GetMultiTouchState) referenced 2 times from ft6x06.o(.data)
 <LI><a href="#[1d]">FT6X06_GetState</a> from ft6x06.o(i.FT6X06_GetState) referenced 2 times from ft6x06.o(.data)
 <LI><a href="#[24]">FT6X06_ITStatus</a> from ft6x06.o(i.FT6X06_ITStatus) referenced 2 times from ft6x06.o(.data)
 <LI><a href="#[19]">FT6X06_Init</a> from ft6x06.o(i.FT6X06_Init) referenced 2 times from ft6x06.o(.data)
 <LI><a href="#[1c]">FT6X06_ReadID</a> from ft6x06.o(i.FT6X06_ReadID) referenced 2 times from ft6x06.o(.data)
 <LI><a href="#[be]">HOLD_CORE_IRQHandler</a> from startup_stm32h747xx_cm7.o(.text) referenced from startup_stm32h747xx_cm7.o(RESET)
 <LI><a href="#[98]">HRTIM1_FLT_IRQHandler</a> from startup_stm32h747xx_cm7.o(.text) referenced from startup_stm32h747xx_cm7.o(RESET)
 <LI><a href="#[92]">HRTIM1_Master_IRQHandler</a> from startup_stm32h747xx_cm7.o(.text) referenced from startup_stm32h747xx_cm7.o(RESET)
 <LI><a href="#[93]">HRTIM1_TIMA_IRQHandler</a> from startup_stm32h747xx_cm7.o(.text) referenced from startup_stm32h747xx_cm7.o(RESET)
 <LI><a href="#[94]">HRTIM1_TIMB_IRQHandler</a> from startup_stm32h747xx_cm7.o(.text) referenced from startup_stm32h747xx_cm7.o(RESET)
 <LI><a href="#[95]">HRTIM1_TIMC_IRQHandler</a> from startup_stm32h747xx_cm7.o(.text) referenced from startup_stm32h747xx_cm7.o(RESET)
 <LI><a href="#[96]">HRTIM1_TIMD_IRQHandler</a> from startup_stm32h747xx_cm7.o(.text) referenced from startup_stm32h747xx_cm7.o(RESET)
 <LI><a href="#[97]">HRTIM1_TIME_IRQHandler</a> from startup_stm32h747xx_cm7.o(.text) referenced from startup_stm32h747xx_cm7.o(RESET)
 <LI><a href="#[a8]">HSEM1_IRQHandler</a> from startup_stm32h747xx_cm7.o(.text) referenced from startup_stm32h747xx_cm7.o(RESET)
 <LI><a href="#[a9]">HSEM2_IRQHandler</a> from startup_stm32h747xx_cm7.o(.text) referenced from startup_stm32h747xx_cm7.o(RESET)
 <LI><a href="#[27]">HardFault_Handler</a> from stm32h7xx_it.o(i.HardFault_Handler) referenced from startup_stm32h747xx_cm7.o(RESET)
 <LI><a href="#[4f]">I2C1_ER_IRQHandler</a> from startup_stm32h747xx_cm7.o(.text) referenced from startup_stm32h747xx_cm7.o(RESET)
 <LI><a href="#[4e]">I2C1_EV_IRQHandler</a> from startup_stm32h747xx_cm7.o(.text) referenced from startup_stm32h747xx_cm7.o(RESET)
 <LI><a href="#[51]">I2C2_ER_IRQHandler</a> from startup_stm32h747xx_cm7.o(.text) referenced from startup_stm32h747xx_cm7.o(RESET)
 <LI><a href="#[50]">I2C2_EV_IRQHandler</a> from startup_stm32h747xx_cm7.o(.text) referenced from startup_stm32h747xx_cm7.o(RESET)
 <LI><a href="#[75]">I2C3_ER_IRQHandler</a> from startup_stm32h747xx_cm7.o(.text) referenced from startup_stm32h747xx_cm7.o(RESET)
 <LI><a href="#[74]">I2C3_EV_IRQHandler</a> from startup_stm32h747xx_cm7.o(.text) referenced from startup_stm32h747xx_cm7.o(RESET)
 <LI><a href="#[8b]">I2C4_ER_IRQHandler</a> from startup_stm32h747xx_cm7.o(.text) referenced from startup_stm32h747xx_cm7.o(RESET)
 <LI><a href="#[8a]">I2C4_EV_IRQHandler</a> from startup_stm32h747xx_cm7.o(.text) referenced from startup_stm32h747xx_cm7.o(RESET)
 <LI><a href="#[14]">JOY1_DOWN_EXTI_Callback</a> from stm32h747i_discovery.o(i.JOY1_DOWN_EXTI_Callback) referenced 2 times from stm32h747i_discovery.o(.data)
 <LI><a href="#[15]">JOY1_LEFT_EXTI_Callback</a> from stm32h747i_discovery.o(i.JOY1_LEFT_EXTI_Callback) referenced 2 times from stm32h747i_discovery.o(.data)
 <LI><a href="#[16]">JOY1_RIGHT_EXTI_Callback</a> from stm32h747i_discovery.o(i.JOY1_RIGHT_EXTI_Callback) referenced 2 times from stm32h747i_discovery.o(.data)
 <LI><a href="#[13]">JOY1_SEL_EXTI_Callback</a> from stm32h747i_discovery.o(i.JOY1_SEL_EXTI_Callback) referenced 2 times from stm32h747i_discovery.o(.data)
 <LI><a href="#[17]">JOY1_UP_EXTI_Callback</a> from stm32h747i_discovery.o(i.JOY1_UP_EXTI_Callback) referenced 2 times from stm32h747i_discovery.o(.data)
 <LI><a href="#[a4]">JPEG_IRQHandler</a> from startup_stm32h747xx_cm7.o(.text) referenced from startup_stm32h747xx_cm7.o(RESET)
 <LI><a href="#[db]">LCD_GetXSize</a> from main.o(i.LCD_GetXSize) referenced from main.o(.constdata)
 <LI><a href="#[dc]">LCD_GetYSize</a> from main.o(i.LCD_GetYSize) referenced from main.o(.constdata)
 <LI><a href="#[88]">LPTIM1_IRQHandler</a> from startup_stm32h747xx_cm7.o(.text) referenced from startup_stm32h747xx_cm7.o(RESET)
 <LI><a href="#[b5]">LPTIM2_IRQHandler</a> from startup_stm32h747xx_cm7.o(.text) referenced from startup_stm32h747xx_cm7.o(RESET)
 <LI><a href="#[b6]">LPTIM3_IRQHandler</a> from startup_stm32h747xx_cm7.o(.text) referenced from startup_stm32h747xx_cm7.o(RESET)
 <LI><a href="#[b7]">LPTIM4_IRQHandler</a> from startup_stm32h747xx_cm7.o(.text) referenced from startup_stm32h747xx_cm7.o(RESET)
 <LI><a href="#[b8]">LPTIM5_IRQHandler</a> from startup_stm32h747xx_cm7.o(.text) referenced from startup_stm32h747xx_cm7.o(RESET)
 <LI><a href="#[b9]">LPUART1_IRQHandler</a> from startup_stm32h747xx_cm7.o(.text) referenced from startup_stm32h747xx_cm7.o(RESET)
 <LI><a href="#[84]">LTDC_ER_IRQHandler</a> from stm32h7xx_it.o(i.LTDC_ER_IRQHandler) referenced from startup_stm32h747xx_cm7.o(RESET)
 <LI><a href="#[83]">LTDC_IRQHandler</a> from stm32h7xx_it.o(i.LTDC_IRQHandler) referenced from startup_stm32h747xx_cm7.o(RESET)
 <LI><a href="#[a3]">MDIOS_IRQHandler</a> from startup_stm32h747xx_cm7.o(.text) referenced from startup_stm32h747xx_cm7.o(RESET)
 <LI><a href="#[a2]">MDIOS_WKUP_IRQHandler</a> from startup_stm32h747xx_cm7.o(.text) referenced from startup_stm32h747xx_cm7.o(RESET)
 <LI><a href="#[a5]">MDMA_IRQHandler</a> from startup_stm32h747xx_cm7.o(.text) referenced from startup_stm32h747xx_cm7.o(RESET)
 <LI><a href="#[28]">MemManage_Handler</a> from stm32h7xx_it.o(i.MemManage_Handler) referenced from startup_stm32h747xx_cm7.o(RESET)
 <LI><a href="#[26]">NMI_Handler</a> from stm32h7xx_it.o(i.NMI_Handler) referenced from startup_stm32h747xx_cm7.o(RESET)
 <LI><a href="#[8e]">OTG_FS_EP1_IN_IRQHandler</a> from startup_stm32h747xx_cm7.o(.text) referenced from startup_stm32h747xx_cm7.o(RESET)
 <LI><a href="#[8d]">OTG_FS_EP1_OUT_IRQHandler</a> from startup_stm32h747xx_cm7.o(.text) referenced from startup_stm32h747xx_cm7.o(RESET)
 <LI><a href="#[90]">OTG_FS_IRQHandler</a> from startup_stm32h747xx_cm7.o(.text) referenced from startup_stm32h747xx_cm7.o(RESET)
 <LI><a href="#[8f]">OTG_FS_WKUP_IRQHandler</a> from startup_stm32h747xx_cm7.o(.text) referenced from startup_stm32h747xx_cm7.o(RESET)
 <LI><a href="#[77]">OTG_HS_EP1_IN_IRQHandler</a> from startup_stm32h747xx_cm7.o(.text) referenced from startup_stm32h747xx_cm7.o(RESET)
 <LI><a href="#[76]">OTG_HS_EP1_OUT_IRQHandler</a> from startup_stm32h747xx_cm7.o(.text) referenced from startup_stm32h747xx_cm7.o(RESET)
 <LI><a href="#[79]">OTG_HS_IRQHandler</a> from startup_stm32h747xx_cm7.o(.text) referenced from startup_stm32h747xx_cm7.o(RESET)
 <LI><a href="#[78]">OTG_HS_WKUP_IRQHandler</a> from startup_stm32h747xx_cm7.o(.text) referenced from startup_stm32h747xx_cm7.o(RESET)
 <LI><a href="#[d1]">OTM8009A_ReadRegWrap</a> from otm8009a.o(i.OTM8009A_ReadRegWrap) referenced from otm8009a.o(i.OTM8009A_RegisterBusIO)
 <LI><a href="#[d2]">OTM8009A_WriteRegWrap</a> from otm8009a.o(i.OTM8009A_WriteRegWrap) referenced from otm8009a.o(i.OTM8009A_RegisterBusIO)
 <LI><a href="#[30]">PVD_AVD_IRQHandler</a> from startup_stm32h747xx_cm7.o(.text) referenced from startup_stm32h747xx_cm7.o(RESET)
 <LI><a href="#[2d]">PendSV_Handler</a> from stm32h7xx_it.o(i.PendSV_Handler) referenced from startup_stm32h747xx_cm7.o(RESET)
 <LI><a href="#[cd]">QSPI_DMAAbortCplt</a> from stm32h7xx_hal_qspi.o(i.QSPI_DMAAbortCplt) referenced from stm32h7xx_hal_qspi.o(i.HAL_QSPI_IRQHandler)
 <LI><a href="#[87]">QUADSPI_IRQHandler</a> from stm32h7xx_it.o(i.QUADSPI_IRQHandler) referenced from startup_stm32h747xx_cm7.o(RESET)
 <LI><a href="#[34]">RCC_IRQHandler</a> from startup_stm32h747xx_cm7.o(.text) referenced from startup_stm32h747xx_cm7.o(RESET)
 <LI><a href="#[7b]">RNG_IRQHandler</a> from startup_stm32h747xx_cm7.o(.text) referenced from startup_stm32h747xx_cm7.o(RESET)
 <LI><a href="#[58]">RTC_Alarm_IRQHandler</a> from startup_stm32h747xx_cm7.o(.text) referenced from startup_stm32h747xx_cm7.o(RESET)
 <LI><a href="#[32]">RTC_WKUP_IRQHandler</a> from startup_stm32h747xx_cm7.o(.text) referenced from startup_stm32h747xx_cm7.o(RESET)
 <LI><a href="#[cb]">ReadRegWrap</a> from ft6x06.o(i.ReadRegWrap) referenced from ft6x06.o(i.FT6X06_RegisterBusIO)
 <LI><a href="#[25]">Reset_Handler</a> from startup_stm32h747xx_cm7.o(.text) referenced from startup_stm32h747xx_cm7.o(RESET)
 <LI><a href="#[82]">SAI1_IRQHandler</a> from startup_stm32h747xx_cm7.o(.text) referenced from startup_stm32h747xx_cm7.o(RESET)
 <LI><a href="#[86]">SAI2_IRQHandler</a> from startup_stm32h747xx_cm7.o(.text) referenced from startup_stm32h747xx_cm7.o(RESET)
 <LI><a href="#[9d]">SAI3_IRQHandler</a> from startup_stm32h747xx_cm7.o(.text) referenced from startup_stm32h747xx_cm7.o(RESET)
 <LI><a href="#[bd]">SAI4_IRQHandler</a> from startup_stm32h747xx_cm7.o(.text) referenced from startup_stm32h747xx_cm7.o(RESET)
 <LI><a href="#[5f]">SDMMC1_IRQHandler</a> from startup_stm32h747xx_cm7.o(.text) referenced from startup_stm32h747xx_cm7.o(RESET)
 <LI><a href="#[a7]">SDMMC2_IRQHandler</a> from startup_stm32h747xx_cm7.o(.text) referenced from startup_stm32h747xx_cm7.o(RESET)
 <LI><a href="#[8c]">SPDIF_RX_IRQHandler</a> from startup_stm32h747xx_cm7.o(.text) referenced from startup_stm32h747xx_cm7.o(RESET)
 <LI><a href="#[52]">SPI1_IRQHandler</a> from startup_stm32h747xx_cm7.o(.text) referenced from startup_stm32h747xx_cm7.o(RESET)
 <LI><a href="#[53]">SPI2_IRQHandler</a> from startup_stm32h747xx_cm7.o(.text) referenced from startup_stm32h747xx_cm7.o(RESET)
 <LI><a href="#[61]">SPI3_IRQHandler</a> from startup_stm32h747xx_cm7.o(.text) referenced from startup_stm32h747xx_cm7.o(RESET)
 <LI><a href="#[7f]">SPI4_IRQHandler</a> from startup_stm32h747xx_cm7.o(.text) referenced from startup_stm32h747xx_cm7.o(RESET)
 <LI><a href="#[80]">SPI5_IRQHandler</a> from startup_stm32h747xx_cm7.o(.text) referenced from startup_stm32h747xx_cm7.o(RESET)
 <LI><a href="#[81]">SPI6_IRQHandler</a> from startup_stm32h747xx_cm7.o(.text) referenced from startup_stm32h747xx_cm7.o(RESET)
 <LI><a href="#[2b]">SVC_Handler</a> from stm32h7xx_it.o(i.SVC_Handler) referenced from startup_stm32h747xx_cm7.o(RESET)
 <LI><a href="#[9e]">SWPMI1_IRQHandler</a> from startup_stm32h747xx_cm7.o(.text) referenced from startup_stm32h747xx_cm7.o(RESET)
 <LI><a href="#[2e]">SysTick_Handler</a> from stm32h7xx_it.o(i.SysTick_Handler) referenced from startup_stm32h747xx_cm7.o(RESET)
 <LI><a href="#[c0]">SystemInit</a> from system_stm32h7xx_dualcore_boot_cm4_cm7.o(i.SystemInit) referenced from startup_stm32h747xx_cm7.o(.text)
 <LI><a href="#[31]">TAMP_STAMP_IRQHandler</a> from startup_stm32h747xx_cm7.o(.text) referenced from startup_stm32h747xx_cm7.o(RESET)
 <LI><a href="#[9f]">TIM15_IRQHandler</a> from startup_stm32h747xx_cm7.o(.text) referenced from startup_stm32h747xx_cm7.o(RESET)
 <LI><a href="#[a0]">TIM16_IRQHandler</a> from startup_stm32h747xx_cm7.o(.text) referenced from startup_stm32h747xx_cm7.o(RESET)
 <LI><a href="#[a1]">TIM17_IRQHandler</a> from startup_stm32h747xx_cm7.o(.text) referenced from startup_stm32h747xx_cm7.o(RESET)
 <LI><a href="#[47]">TIM1_BRK_IRQHandler</a> from startup_stm32h747xx_cm7.o(.text) referenced from startup_stm32h747xx_cm7.o(RESET)
 <LI><a href="#[4a]">TIM1_CC_IRQHandler</a> from startup_stm32h747xx_cm7.o(.text) referenced from startup_stm32h747xx_cm7.o(RESET)
 <LI><a href="#[49]">TIM1_TRG_COM_IRQHandler</a> from startup_stm32h747xx_cm7.o(.text) referenced from startup_stm32h747xx_cm7.o(RESET)
 <LI><a href="#[48]">TIM1_UP_IRQHandler</a> from startup_stm32h747xx_cm7.o(.text) referenced from startup_stm32h747xx_cm7.o(RESET)
 <LI><a href="#[4b]">TIM2_IRQHandler</a> from startup_stm32h747xx_cm7.o(.text) referenced from startup_stm32h747xx_cm7.o(RESET)
 <LI><a href="#[4c]">TIM3_IRQHandler</a> from startup_stm32h747xx_cm7.o(.text) referenced from startup_stm32h747xx_cm7.o(RESET)
 <LI><a href="#[4d]">TIM4_IRQHandler</a> from startup_stm32h747xx_cm7.o(.text) referenced from startup_stm32h747xx_cm7.o(RESET)
 <LI><a href="#[60]">TIM5_IRQHandler</a> from startup_stm32h747xx_cm7.o(.text) referenced from startup_stm32h747xx_cm7.o(RESET)
 <LI><a href="#[64]">TIM6_DAC_IRQHandler</a> from startup_stm32h747xx_cm7.o(.text) referenced from startup_stm32h747xx_cm7.o(RESET)
 <LI><a href="#[65]">TIM7_IRQHandler</a> from startup_stm32h747xx_cm7.o(.text) referenced from startup_stm32h747xx_cm7.o(RESET)
 <LI><a href="#[59]">TIM8_BRK_TIM12_IRQHandler</a> from startup_stm32h747xx_cm7.o(.text) referenced from startup_stm32h747xx_cm7.o(RESET)
 <LI><a href="#[5c]">TIM8_CC_IRQHandler</a> from startup_stm32h747xx_cm7.o(.text) referenced from startup_stm32h747xx_cm7.o(RESET)
 <LI><a href="#[5b]">TIM8_TRG_COM_TIM14_IRQHandler</a> from startup_stm32h747xx_cm7.o(.text) referenced from startup_stm32h747xx_cm7.o(RESET)
 <LI><a href="#[5a]">TIM8_UP_TIM13_IRQHandler</a> from startup_stm32h747xx_cm7.o(.text) referenced from startup_stm32h747xx_cm7.o(RESET)
 <LI><a href="#[18]">TS_EXTI_Callback</a> from stm32h747i_discovery_ts.o(i.TS_EXTI_Callback) referenced 2 times from stm32h747i_discovery_ts.o(.data)
 <LI><a href="#[62]">UART4_IRQHandler</a> from startup_stm32h747xx_cm7.o(.text) referenced from startup_stm32h747xx_cm7.o(RESET)
 <LI><a href="#[63]">UART5_IRQHandler</a> from startup_stm32h747xx_cm7.o(.text) referenced from startup_stm32h747xx_cm7.o(RESET)
 <LI><a href="#[7d]">UART7_IRQHandler</a> from startup_stm32h747xx_cm7.o(.text) referenced from startup_stm32h747xx_cm7.o(RESET)
 <LI><a href="#[7e]">UART8_IRQHandler</a> from startup_stm32h747xx_cm7.o(.text) referenced from startup_stm32h747xx_cm7.o(RESET)
 <LI><a href="#[ce]">UART_DMAAbortOnError</a> from stm32h7xx_hal_uart.o(i.UART_DMAAbortOnError) referenced from stm32h7xx_hal_uart.o(i.HAL_UART_IRQHandler)
 <LI><a href="#[54]">USART1_IRQHandler</a> from stm32h7xx_it.o(i.USART1_IRQHandler) referenced from startup_stm32h747xx_cm7.o(RESET)
 <LI><a href="#[55]">USART2_IRQHandler</a> from startup_stm32h747xx_cm7.o(.text) referenced from startup_stm32h747xx_cm7.o(RESET)
 <LI><a href="#[56]">USART3_IRQHandler</a> from startup_stm32h747xx_cm7.o(.text) referenced from startup_stm32h747xx_cm7.o(RESET)
 <LI><a href="#[73]">USART6_IRQHandler</a> from startup_stm32h747xx_cm7.o(.text) referenced from startup_stm32h747xx_cm7.o(RESET)
 <LI><a href="#[2a]">UsageFault_Handler</a> from stm32h7xx_it.o(i.UsageFault_Handler) referenced from startup_stm32h747xx_cm7.o(RESET)
 <LI><a href="#[bf]">WAKEUP_PIN_IRQHandler</a> from startup_stm32h747xx_cm7.o(.text) referenced from startup_stm32h747xx_cm7.o(RESET)
 <LI><a href="#[2f]">WWDG_IRQHandler</a> from startup_stm32h747xx_cm7.o(.text) referenced from startup_stm32h747xx_cm7.o(RESET)
 <LI><a href="#[ba]">WWDG_RST_IRQHandler</a> from startup_stm32h747xx_cm7.o(.text) referenced from startup_stm32h747xx_cm7.o(RESET)
 <LI><a href="#[cc]">WriteRegWrap</a> from ft6x06.o(i.WriteRegWrap) referenced from ft6x06.o(i.FT6X06_RegisterBusIO)
 <LI><a href="#[df]">__main</a> from __main.o(!!!main) referenced from startup_stm32h747xx_cm7.o(.text)
 <LI><a href="#[c4]">_printf_input_char</a> from _printf_char_common.o(.text) referenced from _printf_char_common.o(.text)
 <LI><a href="#[c3]">_snputc</a> from _snputc.o(.text) referenced from __2snprintf.o(.text)
 <LI><a href="#[c2]">_sputc</a> from _sputc.o(.text) referenced from __2sprintf.o(.text)
 <LI><a href="#[f]">forward_conv2d_sssa8_ch</a> from layers_conv2d_sssa8_ch.o(i.forward_conv2d_sssa8_ch) referenced 4 times from network.o(.data)
 <LI><a href="#[b]">forward_dense_integer_SSSA</a> from layers_conv2d_stm32_integer.o(i.forward_dense_integer_SSSA) referenced 2 times from network.o(.data)
 <LI><a href="#[e]">forward_dw_sssa8_ch</a> from layers_dw_sssa8_ch.o(i.forward_dw_sssa8_ch) referenced 4 times from network.o(.data)
 <LI><a href="#[10]">forward_pad</a> from layers_generic_float.o(i.forward_pad) referenced 2 times from network.o(.data)
 <LI><a href="#[c]">forward_pw_sssa8_ch_nl_pool</a> from layers_pw_sssa8_ch.o(i.forward_pw_sssa8_ch_nl_pool) referenced 2 times from network.o(.data)
 <LI><a href="#[a]">forward_sm_integer</a> from layers_nl_stm32_integer.o(i.forward_sm_integer) referenced 2 times from network.o(.data)
 <LI><a href="#[c5]">fputc</a> from main.o(i.fputc) referenced from _printf_char_file.o(.text)
 <LI><a href="#[d3]">func_dummy</a> from layers_pw_sssa8_ch.o(i.func_dummy) referenced from layers_pw_sssa8_ch.o(i.forward_pw_sssa8_ch_nl_pool)
 <LI><a href="#[9]">node_convert</a> from core_convert.o(i.node_convert) referenced 2 times from network.o(.data)
 <LI><a href="#[11]">node_convert_integer</a> from core_convert.o(i.node_convert_integer) referenced 2 times from network.o(.data)
 <LI><a href="#[d]">pool_func_ap_array_integer_INT8</a> from layers_pool_stm32_integer.o(i.pool_func_ap_array_integer_INT8) referenced 2 times from network.o(.data)
</UL>
<P>
<H3>
Global Symbols
</H3>
<P><STRONG><a name="[df]"></a>__main</STRONG> (Thumb, 8 bytes, Stack size 0 bytes, __main.o(!!!main))
<BR><BR>[Calls]<UL><LI><a href="#[e1]">&gt;&gt;</a>&nbsp;&nbsp;&nbsp;__rt_entry
<LI><a href="#[e0]">&gt;&gt;</a>&nbsp;&nbsp;&nbsp;__scatterload
</UL>

<P><STRONG><a name="[e0]"></a>__scatterload</STRONG> (Thumb, 0 bytes, Stack size unknown bytes, __scatter.o(!!!scatter))
<BR><BR>[Called By]<UL><LI><a href="#[df]">&gt;&gt;</a>&nbsp;&nbsp;&nbsp;__main
</UL>

<P><STRONG><a name="[e2]"></a>__scatterload_rt2</STRONG> (Thumb, 44 bytes, Stack size unknown bytes, __scatter.o(!!!scatter), UNUSED)
<BR><BR>[Calls]<UL><LI><a href="#[e1]">&gt;&gt;</a>&nbsp;&nbsp;&nbsp;__rt_entry
</UL>

<P><STRONG><a name="[28b]"></a>__scatterload_rt2_thumb_only</STRONG> (Thumb, 0 bytes, Stack size unknown bytes, __scatter.o(!!!scatter), UNUSED)

<P><STRONG><a name="[28c]"></a>__scatterload_null</STRONG> (Thumb, 0 bytes, Stack size unknown bytes, __scatter.o(!!!scatter), UNUSED)

<P><STRONG><a name="[28d]"></a>__decompress</STRONG> (Thumb, 90 bytes, Stack size unknown bytes, __dczerorl2.o(!!dczerorl2), UNUSED)

<P><STRONG><a name="[28e]"></a>__decompress1</STRONG> (Thumb, 0 bytes, Stack size unknown bytes, __dczerorl2.o(!!dczerorl2), UNUSED)

<P><STRONG><a name="[28f]"></a>__scatterload_zeroinit</STRONG> (Thumb, 28 bytes, Stack size unknown bytes, __scatter_zi.o(!!handler_zi), UNUSED)

<P><STRONG><a name="[e3]"></a>_printf_f</STRONG> (Thumb, 0 bytes, Stack size unknown bytes, _printf_f.o(.ARM.Collect$$_printf_percent$$00000003))
<BR><BR>[Stack]<UL><LI>Max Depth = 324 + Unknown Stack Size
<LI>Call Chain = _printf_f &rArr; _printf_fp_dec &rArr; _printf_fp_dec_real &rArr; _fp_digits &rArr; _btod_etento &rArr; _btod_emul &rArr; _e2e
</UL>
<BR>[Calls]<UL><LI><a href="#[e4]">&gt;&gt;</a>&nbsp;&nbsp;&nbsp;_printf_fp_dec
</UL>

<P><STRONG><a name="[109]"></a>_printf_percent</STRONG> (Thumb, 0 bytes, Stack size unknown bytes, _printf_percent.o(.ARM.Collect$$_printf_percent$$00000000))
<BR><BR>[Called By]<UL><LI><a href="#[107]">&gt;&gt;</a>&nbsp;&nbsp;&nbsp;__printf
</UL>

<P><STRONG><a name="[e5]"></a>_printf_d</STRONG> (Thumb, 0 bytes, Stack size unknown bytes, _printf_d.o(.ARM.Collect$$_printf_percent$$00000009))
<BR><BR>[Stack]<UL><LI>Max Depth = 72 + Unknown Stack Size
<LI>Call Chain = _printf_d &rArr; _printf_int_dec &rArr; _printf_int_common &rArr; _printf_post_padding
</UL>
<BR>[Calls]<UL><LI><a href="#[e6]">&gt;&gt;</a>&nbsp;&nbsp;&nbsp;_printf_int_dec
</UL>

<P><STRONG><a name="[e7]"></a>_printf_x</STRONG> (Thumb, 0 bytes, Stack size unknown bytes, _printf_x.o(.ARM.Collect$$_printf_percent$$0000000C))
<BR><BR>[Stack]<UL><LI>Max Depth = 64 + Unknown Stack Size
<LI>Call Chain = _printf_x &rArr; _printf_int_hex &rArr; _printf_int_common &rArr; _printf_post_padding
</UL>
<BR>[Calls]<UL><LI><a href="#[e8]">&gt;&gt;</a>&nbsp;&nbsp;&nbsp;_printf_int_hex
</UL>

<P><STRONG><a name="[e9]"></a>_printf_s</STRONG> (Thumb, 0 bytes, Stack size unknown bytes, _printf_s.o(.ARM.Collect$$_printf_percent$$00000014))
<BR><BR>[Stack]<UL><LI>Max Depth = 40 + Unknown Stack Size
<LI>Call Chain = _printf_s &rArr; _printf_string &rArr; _printf_cs_common &rArr; _printf_str &rArr; _printf_post_padding
</UL>
<BR>[Calls]<UL><LI><a href="#[ea]">&gt;&gt;</a>&nbsp;&nbsp;&nbsp;_printf_string
</UL>

<P><STRONG><a name="[290]"></a>_printf_percent_end</STRONG> (Thumb, 0 bytes, Stack size unknown bytes, _printf_percent_end.o(.ARM.Collect$$_printf_percent$$00000017))

<P><STRONG><a name="[f4]"></a>__rt_lib_init</STRONG> (Thumb, 0 bytes, Stack size unknown bytes, libinit.o(.ARM.Collect$$libinit$$00000000))
<BR><BR>[Called By]<UL><LI><a href="#[f3]">&gt;&gt;</a>&nbsp;&nbsp;&nbsp;__rt_entry_li
</UL>

<P><STRONG><a name="[eb]"></a>__rt_lib_init_fp_1</STRONG> (Thumb, 0 bytes, Stack size unknown bytes, libinit2.o(.ARM.Collect$$libinit$$00000001))
<BR><BR>[Calls]<UL><LI><a href="#[ec]">&gt;&gt;</a>&nbsp;&nbsp;&nbsp;_fp_init
</UL>

<P><STRONG><a name="[291]"></a>__rt_lib_init_heap_1</STRONG> (Thumb, 0 bytes, Stack size unknown bytes, libinit2.o(.ARM.Collect$$libinit$$0000000A))

<P><STRONG><a name="[ed]"></a>__rt_lib_init_lc_common</STRONG> (Thumb, 0 bytes, Stack size unknown bytes, libinit2.o(.ARM.Collect$$libinit$$0000000F))
<BR><BR>[Calls]<UL><LI><a href="#[ee]">&gt;&gt;</a>&nbsp;&nbsp;&nbsp;__rt_locale
</UL>

<P><STRONG><a name="[292]"></a>__rt_lib_init_preinit_1</STRONG> (Thumb, 0 bytes, Stack size unknown bytes, libinit2.o(.ARM.Collect$$libinit$$00000004))

<P><STRONG><a name="[293]"></a>__rt_lib_init_rand_1</STRONG> (Thumb, 0 bytes, Stack size unknown bytes, libinit2.o(.ARM.Collect$$libinit$$0000000E))

<P><STRONG><a name="[294]"></a>__rt_lib_init_user_alloc_1</STRONG> (Thumb, 0 bytes, Stack size unknown bytes, libinit2.o(.ARM.Collect$$libinit$$0000000C))

<P><STRONG><a name="[295]"></a>__rt_lib_init_lc_collate_1</STRONG> (Thumb, 0 bytes, Stack size unknown bytes, libinit2.o(.ARM.Collect$$libinit$$00000011))

<P><STRONG><a name="[296]"></a>__rt_lib_init_lc_ctype_1</STRONG> (Thumb, 0 bytes, Stack size unknown bytes, libinit2.o(.ARM.Collect$$libinit$$00000013))

<P><STRONG><a name="[297]"></a>__rt_lib_init_lc_monetary_1</STRONG> (Thumb, 0 bytes, Stack size unknown bytes, libinit2.o(.ARM.Collect$$libinit$$00000015))

<P><STRONG><a name="[ef]"></a>__rt_lib_init_lc_numeric_2</STRONG> (Thumb, 0 bytes, Stack size unknown bytes, libinit2.o(.ARM.Collect$$libinit$$00000016))
<BR><BR>[Stack]<UL><LI>Max Depth = 8 + Unknown Stack Size
<LI>Call Chain = __rt_lib_init_lc_numeric_2 &rArr; _get_lc_numeric
</UL>
<BR>[Calls]<UL><LI><a href="#[f0]">&gt;&gt;</a>&nbsp;&nbsp;&nbsp;_get_lc_numeric
</UL>

<P><STRONG><a name="[298]"></a>__rt_lib_init_alloca_1</STRONG> (Thumb, 0 bytes, Stack size unknown bytes, libinit2.o(.ARM.Collect$$libinit$$0000002E))

<P><STRONG><a name="[299]"></a>__rt_lib_init_argv_1</STRONG> (Thumb, 0 bytes, Stack size unknown bytes, libinit2.o(.ARM.Collect$$libinit$$0000002C))

<P><STRONG><a name="[29a]"></a>__rt_lib_init_atexit_1</STRONG> (Thumb, 0 bytes, Stack size unknown bytes, libinit2.o(.ARM.Collect$$libinit$$0000001B))

<P><STRONG><a name="[29b]"></a>__rt_lib_init_clock_1</STRONG> (Thumb, 0 bytes, Stack size unknown bytes, libinit2.o(.ARM.Collect$$libinit$$00000021))

<P><STRONG><a name="[29c]"></a>__rt_lib_init_cpp_1</STRONG> (Thumb, 0 bytes, Stack size unknown bytes, libinit2.o(.ARM.Collect$$libinit$$00000032))

<P><STRONG><a name="[29d]"></a>__rt_lib_init_exceptions_1</STRONG> (Thumb, 0 bytes, Stack size unknown bytes, libinit2.o(.ARM.Collect$$libinit$$00000030))

<P><STRONG><a name="[29e]"></a>__rt_lib_init_fp_trap_1</STRONG> (Thumb, 0 bytes, Stack size unknown bytes, libinit2.o(.ARM.Collect$$libinit$$0000001F))

<P><STRONG><a name="[29f]"></a>__rt_lib_init_getenv_1</STRONG> (Thumb, 0 bytes, Stack size unknown bytes, libinit2.o(.ARM.Collect$$libinit$$00000023))

<P><STRONG><a name="[2a0]"></a>__rt_lib_init_lc_numeric_1</STRONG> (Thumb, 0 bytes, Stack size unknown bytes, libinit2.o(.ARM.Collect$$libinit$$00000017))

<P><STRONG><a name="[2a1]"></a>__rt_lib_init_lc_time_1</STRONG> (Thumb, 0 bytes, Stack size unknown bytes, libinit2.o(.ARM.Collect$$libinit$$00000019))

<P><STRONG><a name="[2a2]"></a>__rt_lib_init_return</STRONG> (Thumb, 0 bytes, Stack size unknown bytes, libinit2.o(.ARM.Collect$$libinit$$00000033))

<P><STRONG><a name="[2a3]"></a>__rt_lib_init_signal_1</STRONG> (Thumb, 0 bytes, Stack size unknown bytes, libinit2.o(.ARM.Collect$$libinit$$0000001D))

<P><STRONG><a name="[2a4]"></a>__rt_lib_init_stdio_1</STRONG> (Thumb, 0 bytes, Stack size unknown bytes, libinit2.o(.ARM.Collect$$libinit$$00000025))

<P><STRONG><a name="[f9]"></a>__rt_lib_shutdown</STRONG> (Thumb, 0 bytes, Stack size unknown bytes, libshutdown.o(.ARM.Collect$$libshutdown$$00000000))
<BR><BR>[Called By]<UL><LI><a href="#[f8]">&gt;&gt;</a>&nbsp;&nbsp;&nbsp;__rt_exit_ls
</UL>

<P><STRONG><a name="[2a5]"></a>__rt_lib_shutdown_cpp_1</STRONG> (Thumb, 0 bytes, Stack size unknown bytes, libshutdown2.o(.ARM.Collect$$libshutdown$$00000002))

<P><STRONG><a name="[2a6]"></a>__rt_lib_shutdown_fp_trap_1</STRONG> (Thumb, 0 bytes, Stack size unknown bytes, libshutdown2.o(.ARM.Collect$$libshutdown$$00000007))

<P><STRONG><a name="[2a7]"></a>__rt_lib_shutdown_heap_1</STRONG> (Thumb, 0 bytes, Stack size unknown bytes, libshutdown2.o(.ARM.Collect$$libshutdown$$0000000F))

<P><STRONG><a name="[2a8]"></a>__rt_lib_shutdown_return</STRONG> (Thumb, 0 bytes, Stack size unknown bytes, libshutdown2.o(.ARM.Collect$$libshutdown$$00000010))

<P><STRONG><a name="[2a9]"></a>__rt_lib_shutdown_signal_1</STRONG> (Thumb, 0 bytes, Stack size unknown bytes, libshutdown2.o(.ARM.Collect$$libshutdown$$0000000A))

<P><STRONG><a name="[2aa]"></a>__rt_lib_shutdown_stdio_1</STRONG> (Thumb, 0 bytes, Stack size unknown bytes, libshutdown2.o(.ARM.Collect$$libshutdown$$00000004))

<P><STRONG><a name="[2ab]"></a>__rt_lib_shutdown_user_alloc_1</STRONG> (Thumb, 0 bytes, Stack size unknown bytes, libshutdown2.o(.ARM.Collect$$libshutdown$$0000000C))

<P><STRONG><a name="[e1]"></a>__rt_entry</STRONG> (Thumb, 0 bytes, Stack size unknown bytes, __rtentry.o(.ARM.Collect$$rtentry$$00000000))
<BR><BR>[Called By]<UL><LI><a href="#[df]">&gt;&gt;</a>&nbsp;&nbsp;&nbsp;__main
<LI><a href="#[e2]">&gt;&gt;</a>&nbsp;&nbsp;&nbsp;__scatterload_rt2
</UL>

<P><STRONG><a name="[2ac]"></a>__rt_entry_presh_1</STRONG> (Thumb, 0 bytes, Stack size unknown bytes, __rtentry2.o(.ARM.Collect$$rtentry$$00000002))

<P><STRONG><a name="[f1]"></a>__rt_entry_sh</STRONG> (Thumb, 0 bytes, Stack size unknown bytes, __rtentry4.o(.ARM.Collect$$rtentry$$00000004))
<BR><BR>[Stack]<UL><LI>Max Depth = 8 + Unknown Stack Size
<LI>Call Chain = __rt_entry_sh &rArr; __user_setup_stackheap
</UL>
<BR>[Calls]<UL><LI><a href="#[f2]">&gt;&gt;</a>&nbsp;&nbsp;&nbsp;__user_setup_stackheap
</UL>

<P><STRONG><a name="[f3]"></a>__rt_entry_li</STRONG> (Thumb, 0 bytes, Stack size unknown bytes, __rtentry2.o(.ARM.Collect$$rtentry$$0000000A))
<BR><BR>[Calls]<UL><LI><a href="#[f4]">&gt;&gt;</a>&nbsp;&nbsp;&nbsp;__rt_lib_init
</UL>

<P><STRONG><a name="[2ad]"></a>__rt_entry_postsh_1</STRONG> (Thumb, 0 bytes, Stack size unknown bytes, __rtentry2.o(.ARM.Collect$$rtentry$$00000009))

<P><STRONG><a name="[f5]"></a>__rt_entry_main</STRONG> (Thumb, 0 bytes, Stack size unknown bytes, __rtentry2.o(.ARM.Collect$$rtentry$$0000000D))
<BR><BR>[Stack]<UL><LI>Max Depth = 23248 + Unknown Stack Size
<LI>Call Chain = __rt_entry_main &rArr; main &rArr; LCD_Init &rArr; LTDC_Init &rArr; HAL_LTDC_Init &rArr; HAL_LTDC_MspInit &rArr; HAL_RCCEx_PeriphCLKConfig &rArr; RCCEx_PLL3_Config
</UL>
<BR>[Calls]<UL><LI><a href="#[f6]">&gt;&gt;</a>&nbsp;&nbsp;&nbsp;main
<LI><a href="#[f7]">&gt;&gt;</a>&nbsp;&nbsp;&nbsp;exit
</UL>

<P><STRONG><a name="[2ae]"></a>__rt_entry_postli_1</STRONG> (Thumb, 0 bytes, Stack size unknown bytes, __rtentry2.o(.ARM.Collect$$rtentry$$0000000C))

<P><STRONG><a name="[11b]"></a>__rt_exit</STRONG> (Thumb, 0 bytes, Stack size unknown bytes, rtexit.o(.ARM.Collect$$rtexit$$00000000))
<BR><BR>[Called By]<UL><LI><a href="#[f7]">&gt;&gt;</a>&nbsp;&nbsp;&nbsp;exit
</UL>

<P><STRONG><a name="[f8]"></a>__rt_exit_ls</STRONG> (Thumb, 0 bytes, Stack size unknown bytes, rtexit2.o(.ARM.Collect$$rtexit$$00000003))
<BR><BR>[Calls]<UL><LI><a href="#[f9]">&gt;&gt;</a>&nbsp;&nbsp;&nbsp;__rt_lib_shutdown
</UL>

<P><STRONG><a name="[2af]"></a>__rt_exit_prels_1</STRONG> (Thumb, 0 bytes, Stack size unknown bytes, rtexit2.o(.ARM.Collect$$rtexit$$00000002))

<P><STRONG><a name="[fa]"></a>__rt_exit_exit</STRONG> (Thumb, 0 bytes, Stack size unknown bytes, rtexit2.o(.ARM.Collect$$rtexit$$00000004))
<BR><BR>[Calls]<UL><LI><a href="#[fb]">&gt;&gt;</a>&nbsp;&nbsp;&nbsp;_sys_exit
</UL>

<P><STRONG><a name="[25]"></a>Reset_Handler</STRONG> (Thumb, 8 bytes, Stack size 0 bytes, startup_stm32h747xx_cm7.o(.text))
<BR>[Address Reference Count : 1]<UL><LI> startup_stm32h747xx_cm7.o(RESET)
</UL>
<P><STRONG><a name="[aa]"></a>ADC3_IRQHandler</STRONG> (Thumb, 0 bytes, Stack size 0 bytes, startup_stm32h747xx_cm7.o(.text))
<BR><BR>[Calls]<UL><LI><a href="#[aa]">&gt;&gt;</a>&nbsp;&nbsp;&nbsp;ADC3_IRQHandler
</UL>
<BR>[Called By]<UL><LI><a href="#[aa]">&gt;&gt;</a>&nbsp;&nbsp;&nbsp;ADC3_IRQHandler
</UL>
<BR>[Address Reference Count : 1]<UL><LI> startup_stm32h747xx_cm7.o(RESET)
</UL>
<P><STRONG><a name="[41]"></a>ADC_IRQHandler</STRONG> (Thumb, 0 bytes, Stack size 0 bytes, startup_stm32h747xx_cm7.o(.text))
<BR>[Address Reference Count : 1]<UL><LI> startup_stm32h747xx_cm7.o(RESET)
</UL>
<P><STRONG><a name="[ac]"></a>BDMA_Channel0_IRQHandler</STRONG> (Thumb, 0 bytes, Stack size 0 bytes, startup_stm32h747xx_cm7.o(.text))
<BR>[Address Reference Count : 1]<UL><LI> startup_stm32h747xx_cm7.o(RESET)
</UL>
<P><STRONG><a name="[ad]"></a>BDMA_Channel1_IRQHandler</STRONG> (Thumb, 0 bytes, Stack size 0 bytes, startup_stm32h747xx_cm7.o(.text))
<BR>[Address Reference Count : 1]<UL><LI> startup_stm32h747xx_cm7.o(RESET)
</UL>
<P><STRONG><a name="[ae]"></a>BDMA_Channel2_IRQHandler</STRONG> (Thumb, 0 bytes, Stack size 0 bytes, startup_stm32h747xx_cm7.o(.text))
<BR>[Address Reference Count : 1]<UL><LI> startup_stm32h747xx_cm7.o(RESET)
</UL>
<P><STRONG><a name="[af]"></a>BDMA_Channel3_IRQHandler</STRONG> (Thumb, 0 bytes, Stack size 0 bytes, startup_stm32h747xx_cm7.o(.text))
<BR>[Address Reference Count : 1]<UL><LI> startup_stm32h747xx_cm7.o(RESET)
</UL>
<P><STRONG><a name="[b0]"></a>BDMA_Channel4_IRQHandler</STRONG> (Thumb, 0 bytes, Stack size 0 bytes, startup_stm32h747xx_cm7.o(.text))
<BR>[Address Reference Count : 1]<UL><LI> startup_stm32h747xx_cm7.o(RESET)
</UL>
<P><STRONG><a name="[b1]"></a>BDMA_Channel5_IRQHandler</STRONG> (Thumb, 0 bytes, Stack size 0 bytes, startup_stm32h747xx_cm7.o(.text))
<BR>[Address Reference Count : 1]<UL><LI> startup_stm32h747xx_cm7.o(RESET)
</UL>
<P><STRONG><a name="[b2]"></a>BDMA_Channel6_IRQHandler</STRONG> (Thumb, 0 bytes, Stack size 0 bytes, startup_stm32h747xx_cm7.o(.text))
<BR>[Address Reference Count : 1]<UL><LI> startup_stm32h747xx_cm7.o(RESET)
</UL>
<P><STRONG><a name="[b3]"></a>BDMA_Channel7_IRQHandler</STRONG> (Thumb, 0 bytes, Stack size 0 bytes, startup_stm32h747xx_cm7.o(.text))
<BR>[Address Reference Count : 1]<UL><LI> startup_stm32h747xx_cm7.o(RESET)
</UL>
<P><STRONG><a name="[89]"></a>CEC_IRQHandler</STRONG> (Thumb, 0 bytes, Stack size 0 bytes, startup_stm32h747xx_cm7.o(.text))
<BR>[Address Reference Count : 1]<UL><LI> startup_stm32h747xx_cm7.o(RESET)
</UL>
<P><STRONG><a name="[6f]"></a>CM4_SEV_IRQHandler</STRONG> (Thumb, 0 bytes, Stack size 0 bytes, startup_stm32h747xx_cm7.o(.text))
<BR>[Address Reference Count : 1]<UL><LI> startup_stm32h747xx_cm7.o(RESET)
</UL>
<P><STRONG><a name="[6e]"></a>CM7_SEV_IRQHandler</STRONG> (Thumb, 0 bytes, Stack size 0 bytes, startup_stm32h747xx_cm7.o(.text))
<BR>[Address Reference Count : 1]<UL><LI> startup_stm32h747xx_cm7.o(RESET)
</UL>
<P><STRONG><a name="[b4]"></a>COMP1_IRQHandler</STRONG> (Thumb, 0 bytes, Stack size 0 bytes, startup_stm32h747xx_cm7.o(.text))
<BR>[Address Reference Count : 1]<UL><LI> startup_stm32h747xx_cm7.o(RESET)
</UL>
<P><STRONG><a name="[bb]"></a>CRS_IRQHandler</STRONG> (Thumb, 0 bytes, Stack size 0 bytes, startup_stm32h747xx_cm7.o(.text))
<BR>[Address Reference Count : 1]<UL><LI> startup_stm32h747xx_cm7.o(RESET)
</UL>
<P><STRONG><a name="[7a]"></a>DCMI_IRQHandler</STRONG> (Thumb, 0 bytes, Stack size 0 bytes, startup_stm32h747xx_cm7.o(.text))
<BR>[Address Reference Count : 1]<UL><LI> startup_stm32h747xx_cm7.o(RESET)
</UL>
<P><STRONG><a name="[99]"></a>DFSDM1_FLT0_IRQHandler</STRONG> (Thumb, 0 bytes, Stack size 0 bytes, startup_stm32h747xx_cm7.o(.text))
<BR>[Address Reference Count : 1]<UL><LI> startup_stm32h747xx_cm7.o(RESET)
</UL>
<P><STRONG><a name="[9a]"></a>DFSDM1_FLT1_IRQHandler</STRONG> (Thumb, 0 bytes, Stack size 0 bytes, startup_stm32h747xx_cm7.o(.text))
<BR>[Address Reference Count : 1]<UL><LI> startup_stm32h747xx_cm7.o(RESET)
</UL>
<P><STRONG><a name="[9b]"></a>DFSDM1_FLT2_IRQHandler</STRONG> (Thumb, 0 bytes, Stack size 0 bytes, startup_stm32h747xx_cm7.o(.text))
<BR>[Address Reference Count : 1]<UL><LI> startup_stm32h747xx_cm7.o(RESET)
</UL>
<P><STRONG><a name="[9c]"></a>DFSDM1_FLT3_IRQHandler</STRONG> (Thumb, 0 bytes, Stack size 0 bytes, startup_stm32h747xx_cm7.o(.text))
<BR>[Address Reference Count : 1]<UL><LI> startup_stm32h747xx_cm7.o(RESET)
</UL>
<P><STRONG><a name="[3a]"></a>DMA1_Stream0_IRQHandler</STRONG> (Thumb, 0 bytes, Stack size 0 bytes, startup_stm32h747xx_cm7.o(.text))
<BR>[Address Reference Count : 1]<UL><LI> startup_stm32h747xx_cm7.o(RESET)
</UL>
<P><STRONG><a name="[3b]"></a>DMA1_Stream1_IRQHandler</STRONG> (Thumb, 0 bytes, Stack size 0 bytes, startup_stm32h747xx_cm7.o(.text))
<BR>[Address Reference Count : 1]<UL><LI> startup_stm32h747xx_cm7.o(RESET)
</UL>
<P><STRONG><a name="[3c]"></a>DMA1_Stream2_IRQHandler</STRONG> (Thumb, 0 bytes, Stack size 0 bytes, startup_stm32h747xx_cm7.o(.text))
<BR>[Address Reference Count : 1]<UL><LI> startup_stm32h747xx_cm7.o(RESET)
</UL>
<P><STRONG><a name="[3d]"></a>DMA1_Stream3_IRQHandler</STRONG> (Thumb, 0 bytes, Stack size 0 bytes, startup_stm32h747xx_cm7.o(.text))
<BR>[Address Reference Count : 1]<UL><LI> startup_stm32h747xx_cm7.o(RESET)
</UL>
<P><STRONG><a name="[3e]"></a>DMA1_Stream4_IRQHandler</STRONG> (Thumb, 0 bytes, Stack size 0 bytes, startup_stm32h747xx_cm7.o(.text))
<BR>[Address Reference Count : 1]<UL><LI> startup_stm32h747xx_cm7.o(RESET)
</UL>
<P><STRONG><a name="[3f]"></a>DMA1_Stream5_IRQHandler</STRONG> (Thumb, 0 bytes, Stack size 0 bytes, startup_stm32h747xx_cm7.o(.text))
<BR>[Address Reference Count : 1]<UL><LI> startup_stm32h747xx_cm7.o(RESET)
</UL>
<P><STRONG><a name="[40]"></a>DMA1_Stream6_IRQHandler</STRONG> (Thumb, 0 bytes, Stack size 0 bytes, startup_stm32h747xx_cm7.o(.text))
<BR>[Address Reference Count : 1]<UL><LI> startup_stm32h747xx_cm7.o(RESET)
</UL>
<P><STRONG><a name="[5d]"></a>DMA1_Stream7_IRQHandler</STRONG> (Thumb, 0 bytes, Stack size 0 bytes, startup_stm32h747xx_cm7.o(.text))
<BR>[Address Reference Count : 1]<UL><LI> startup_stm32h747xx_cm7.o(RESET)
</UL>
<P><STRONG><a name="[66]"></a>DMA2_Stream0_IRQHandler</STRONG> (Thumb, 0 bytes, Stack size 0 bytes, startup_stm32h747xx_cm7.o(.text))
<BR>[Address Reference Count : 1]<UL><LI> startup_stm32h747xx_cm7.o(RESET)
</UL>
<P><STRONG><a name="[67]"></a>DMA2_Stream1_IRQHandler</STRONG> (Thumb, 0 bytes, Stack size 0 bytes, startup_stm32h747xx_cm7.o(.text))
<BR>[Address Reference Count : 1]<UL><LI> startup_stm32h747xx_cm7.o(RESET)
</UL>
<P><STRONG><a name="[68]"></a>DMA2_Stream2_IRQHandler</STRONG> (Thumb, 0 bytes, Stack size 0 bytes, startup_stm32h747xx_cm7.o(.text))
<BR>[Address Reference Count : 1]<UL><LI> startup_stm32h747xx_cm7.o(RESET)
</UL>
<P><STRONG><a name="[69]"></a>DMA2_Stream3_IRQHandler</STRONG> (Thumb, 0 bytes, Stack size 0 bytes, startup_stm32h747xx_cm7.o(.text))
<BR>[Address Reference Count : 1]<UL><LI> startup_stm32h747xx_cm7.o(RESET)
</UL>
<P><STRONG><a name="[6a]"></a>DMA2_Stream4_IRQHandler</STRONG> (Thumb, 0 bytes, Stack size 0 bytes, startup_stm32h747xx_cm7.o(.text))
<BR>[Address Reference Count : 1]<UL><LI> startup_stm32h747xx_cm7.o(RESET)
</UL>
<P><STRONG><a name="[70]"></a>DMA2_Stream5_IRQHandler</STRONG> (Thumb, 0 bytes, Stack size 0 bytes, startup_stm32h747xx_cm7.o(.text))
<BR>[Address Reference Count : 1]<UL><LI> startup_stm32h747xx_cm7.o(RESET)
</UL>
<P><STRONG><a name="[71]"></a>DMA2_Stream6_IRQHandler</STRONG> (Thumb, 0 bytes, Stack size 0 bytes, startup_stm32h747xx_cm7.o(.text))
<BR>[Address Reference Count : 1]<UL><LI> startup_stm32h747xx_cm7.o(RESET)
</UL>
<P><STRONG><a name="[72]"></a>DMA2_Stream7_IRQHandler</STRONG> (Thumb, 0 bytes, Stack size 0 bytes, startup_stm32h747xx_cm7.o(.text))
<BR>[Address Reference Count : 1]<UL><LI> startup_stm32h747xx_cm7.o(RESET)
</UL>
<P><STRONG><a name="[91]"></a>DMAMUX1_OVR_IRQHandler</STRONG> (Thumb, 0 bytes, Stack size 0 bytes, startup_stm32h747xx_cm7.o(.text))
<BR>[Address Reference Count : 1]<UL><LI> startup_stm32h747xx_cm7.o(RESET)
</UL>
<P><STRONG><a name="[ab]"></a>DMAMUX2_OVR_IRQHandler</STRONG> (Thumb, 0 bytes, Stack size 0 bytes, startup_stm32h747xx_cm7.o(.text))
<BR>[Address Reference Count : 1]<UL><LI> startup_stm32h747xx_cm7.o(RESET)
</UL>
<P><STRONG><a name="[6b]"></a>ETH_IRQHandler</STRONG> (Thumb, 0 bytes, Stack size 0 bytes, startup_stm32h747xx_cm7.o(.text))
<BR>[Address Reference Count : 1]<UL><LI> startup_stm32h747xx_cm7.o(RESET)
</UL>
<P><STRONG><a name="[6c]"></a>ETH_WKUP_IRQHandler</STRONG> (Thumb, 0 bytes, Stack size 0 bytes, startup_stm32h747xx_cm7.o(.text))
<BR>[Address Reference Count : 1]<UL><LI> startup_stm32h747xx_cm7.o(RESET)
</UL>
<P><STRONG><a name="[35]"></a>EXTI0_IRQHandler</STRONG> (Thumb, 0 bytes, Stack size 0 bytes, startup_stm32h747xx_cm7.o(.text))
<BR>[Address Reference Count : 1]<UL><LI> startup_stm32h747xx_cm7.o(RESET)
</UL>
<P><STRONG><a name="[57]"></a>EXTI15_10_IRQHandler</STRONG> (Thumb, 0 bytes, Stack size 0 bytes, startup_stm32h747xx_cm7.o(.text))
<BR>[Address Reference Count : 1]<UL><LI> startup_stm32h747xx_cm7.o(RESET)
</UL>
<P><STRONG><a name="[36]"></a>EXTI1_IRQHandler</STRONG> (Thumb, 0 bytes, Stack size 0 bytes, startup_stm32h747xx_cm7.o(.text))
<BR>[Address Reference Count : 1]<UL><LI> startup_stm32h747xx_cm7.o(RESET)
</UL>
<P><STRONG><a name="[37]"></a>EXTI2_IRQHandler</STRONG> (Thumb, 0 bytes, Stack size 0 bytes, startup_stm32h747xx_cm7.o(.text))
<BR>[Address Reference Count : 1]<UL><LI> startup_stm32h747xx_cm7.o(RESET)
</UL>
<P><STRONG><a name="[38]"></a>EXTI3_IRQHandler</STRONG> (Thumb, 0 bytes, Stack size 0 bytes, startup_stm32h747xx_cm7.o(.text))
<BR>[Address Reference Count : 1]<UL><LI> startup_stm32h747xx_cm7.o(RESET)
</UL>
<P><STRONG><a name="[39]"></a>EXTI4_IRQHandler</STRONG> (Thumb, 0 bytes, Stack size 0 bytes, startup_stm32h747xx_cm7.o(.text))
<BR>[Address Reference Count : 1]<UL><LI> startup_stm32h747xx_cm7.o(RESET)
</UL>
<P><STRONG><a name="[46]"></a>EXTI9_5_IRQHandler</STRONG> (Thumb, 0 bytes, Stack size 0 bytes, startup_stm32h747xx_cm7.o(.text))
<BR>[Address Reference Count : 1]<UL><LI> startup_stm32h747xx_cm7.o(RESET)
</UL>
<P><STRONG><a name="[42]"></a>FDCAN1_IT0_IRQHandler</STRONG> (Thumb, 0 bytes, Stack size 0 bytes, startup_stm32h747xx_cm7.o(.text))
<BR>[Address Reference Count : 1]<UL><LI> startup_stm32h747xx_cm7.o(RESET)
</UL>
<P><STRONG><a name="[44]"></a>FDCAN1_IT1_IRQHandler</STRONG> (Thumb, 0 bytes, Stack size 0 bytes, startup_stm32h747xx_cm7.o(.text))
<BR>[Address Reference Count : 1]<UL><LI> startup_stm32h747xx_cm7.o(RESET)
</UL>
<P><STRONG><a name="[43]"></a>FDCAN2_IT0_IRQHandler</STRONG> (Thumb, 0 bytes, Stack size 0 bytes, startup_stm32h747xx_cm7.o(.text))
<BR>[Address Reference Count : 1]<UL><LI> startup_stm32h747xx_cm7.o(RESET)
</UL>
<P><STRONG><a name="[45]"></a>FDCAN2_IT1_IRQHandler</STRONG> (Thumb, 0 bytes, Stack size 0 bytes, startup_stm32h747xx_cm7.o(.text))
<BR>[Address Reference Count : 1]<UL><LI> startup_stm32h747xx_cm7.o(RESET)
</UL>
<P><STRONG><a name="[6d]"></a>FDCAN_CAL_IRQHandler</STRONG> (Thumb, 0 bytes, Stack size 0 bytes, startup_stm32h747xx_cm7.o(.text))
<BR>[Address Reference Count : 1]<UL><LI> startup_stm32h747xx_cm7.o(RESET)
</UL>
<P><STRONG><a name="[33]"></a>FLASH_IRQHandler</STRONG> (Thumb, 0 bytes, Stack size 0 bytes, startup_stm32h747xx_cm7.o(.text))
<BR>[Address Reference Count : 1]<UL><LI> startup_stm32h747xx_cm7.o(RESET)
</UL>
<P><STRONG><a name="[7c]"></a>FPU_IRQHandler</STRONG> (Thumb, 0 bytes, Stack size 0 bytes, startup_stm32h747xx_cm7.o(.text))
<BR>[Address Reference Count : 1]<UL><LI> startup_stm32h747xx_cm7.o(RESET)
</UL>
<P><STRONG><a name="[be]"></a>HOLD_CORE_IRQHandler</STRONG> (Thumb, 0 bytes, Stack size 0 bytes, startup_stm32h747xx_cm7.o(.text))
<BR>[Address Reference Count : 1]<UL><LI> startup_stm32h747xx_cm7.o(RESET)
</UL>
<P><STRONG><a name="[98]"></a>HRTIM1_FLT_IRQHandler</STRONG> (Thumb, 0 bytes, Stack size 0 bytes, startup_stm32h747xx_cm7.o(.text))
<BR>[Address Reference Count : 1]<UL><LI> startup_stm32h747xx_cm7.o(RESET)
</UL>
<P><STRONG><a name="[92]"></a>HRTIM1_Master_IRQHandler</STRONG> (Thumb, 0 bytes, Stack size 0 bytes, startup_stm32h747xx_cm7.o(.text))
<BR>[Address Reference Count : 1]<UL><LI> startup_stm32h747xx_cm7.o(RESET)
</UL>
<P><STRONG><a name="[93]"></a>HRTIM1_TIMA_IRQHandler</STRONG> (Thumb, 0 bytes, Stack size 0 bytes, startup_stm32h747xx_cm7.o(.text))
<BR>[Address Reference Count : 1]<UL><LI> startup_stm32h747xx_cm7.o(RESET)
</UL>
<P><STRONG><a name="[94]"></a>HRTIM1_TIMB_IRQHandler</STRONG> (Thumb, 0 bytes, Stack size 0 bytes, startup_stm32h747xx_cm7.o(.text))
<BR>[Address Reference Count : 1]<UL><LI> startup_stm32h747xx_cm7.o(RESET)
</UL>
<P><STRONG><a name="[95]"></a>HRTIM1_TIMC_IRQHandler</STRONG> (Thumb, 0 bytes, Stack size 0 bytes, startup_stm32h747xx_cm7.o(.text))
<BR>[Address Reference Count : 1]<UL><LI> startup_stm32h747xx_cm7.o(RESET)
</UL>
<P><STRONG><a name="[96]"></a>HRTIM1_TIMD_IRQHandler</STRONG> (Thumb, 0 bytes, Stack size 0 bytes, startup_stm32h747xx_cm7.o(.text))
<BR>[Address Reference Count : 1]<UL><LI> startup_stm32h747xx_cm7.o(RESET)
</UL>
<P><STRONG><a name="[97]"></a>HRTIM1_TIME_IRQHandler</STRONG> (Thumb, 0 bytes, Stack size 0 bytes, startup_stm32h747xx_cm7.o(.text))
<BR>[Address Reference Count : 1]<UL><LI> startup_stm32h747xx_cm7.o(RESET)
</UL>
<P><STRONG><a name="[a8]"></a>HSEM1_IRQHandler</STRONG> (Thumb, 0 bytes, Stack size 0 bytes, startup_stm32h747xx_cm7.o(.text))
<BR>[Address Reference Count : 1]<UL><LI> startup_stm32h747xx_cm7.o(RESET)
</UL>
<P><STRONG><a name="[a9]"></a>HSEM2_IRQHandler</STRONG> (Thumb, 0 bytes, Stack size 0 bytes, startup_stm32h747xx_cm7.o(.text))
<BR>[Address Reference Count : 1]<UL><LI> startup_stm32h747xx_cm7.o(RESET)
</UL>
<P><STRONG><a name="[4f]"></a>I2C1_ER_IRQHandler</STRONG> (Thumb, 0 bytes, Stack size 0 bytes, startup_stm32h747xx_cm7.o(.text))
<BR>[Address Reference Count : 1]<UL><LI> startup_stm32h747xx_cm7.o(RESET)
</UL>
<P><STRONG><a name="[4e]"></a>I2C1_EV_IRQHandler</STRONG> (Thumb, 0 bytes, Stack size 0 bytes, startup_stm32h747xx_cm7.o(.text))
<BR>[Address Reference Count : 1]<UL><LI> startup_stm32h747xx_cm7.o(RESET)
</UL>
<P><STRONG><a name="[51]"></a>I2C2_ER_IRQHandler</STRONG> (Thumb, 0 bytes, Stack size 0 bytes, startup_stm32h747xx_cm7.o(.text))
<BR>[Address Reference Count : 1]<UL><LI> startup_stm32h747xx_cm7.o(RESET)
</UL>
<P><STRONG><a name="[50]"></a>I2C2_EV_IRQHandler</STRONG> (Thumb, 0 bytes, Stack size 0 bytes, startup_stm32h747xx_cm7.o(.text))
<BR>[Address Reference Count : 1]<UL><LI> startup_stm32h747xx_cm7.o(RESET)
</UL>
<P><STRONG><a name="[75]"></a>I2C3_ER_IRQHandler</STRONG> (Thumb, 0 bytes, Stack size 0 bytes, startup_stm32h747xx_cm7.o(.text))
<BR>[Address Reference Count : 1]<UL><LI> startup_stm32h747xx_cm7.o(RESET)
</UL>
<P><STRONG><a name="[74]"></a>I2C3_EV_IRQHandler</STRONG> (Thumb, 0 bytes, Stack size 0 bytes, startup_stm32h747xx_cm7.o(.text))
<BR>[Address Reference Count : 1]<UL><LI> startup_stm32h747xx_cm7.o(RESET)
</UL>
<P><STRONG><a name="[8b]"></a>I2C4_ER_IRQHandler</STRONG> (Thumb, 0 bytes, Stack size 0 bytes, startup_stm32h747xx_cm7.o(.text))
<BR>[Address Reference Count : 1]<UL><LI> startup_stm32h747xx_cm7.o(RESET)
</UL>
<P><STRONG><a name="[8a]"></a>I2C4_EV_IRQHandler</STRONG> (Thumb, 0 bytes, Stack size 0 bytes, startup_stm32h747xx_cm7.o(.text))
<BR>[Address Reference Count : 1]<UL><LI> startup_stm32h747xx_cm7.o(RESET)
</UL>
<P><STRONG><a name="[a4]"></a>JPEG_IRQHandler</STRONG> (Thumb, 0 bytes, Stack size 0 bytes, startup_stm32h747xx_cm7.o(.text))
<BR>[Address Reference Count : 1]<UL><LI> startup_stm32h747xx_cm7.o(RESET)
</UL>
<P><STRONG><a name="[88]"></a>LPTIM1_IRQHandler</STRONG> (Thumb, 0 bytes, Stack size 0 bytes, startup_stm32h747xx_cm7.o(.text))
<BR>[Address Reference Count : 1]<UL><LI> startup_stm32h747xx_cm7.o(RESET)
</UL>
<P><STRONG><a name="[b5]"></a>LPTIM2_IRQHandler</STRONG> (Thumb, 0 bytes, Stack size 0 bytes, startup_stm32h747xx_cm7.o(.text))
<BR>[Address Reference Count : 1]<UL><LI> startup_stm32h747xx_cm7.o(RESET)
</UL>
<P><STRONG><a name="[b6]"></a>LPTIM3_IRQHandler</STRONG> (Thumb, 0 bytes, Stack size 0 bytes, startup_stm32h747xx_cm7.o(.text))
<BR>[Address Reference Count : 1]<UL><LI> startup_stm32h747xx_cm7.o(RESET)
</UL>
<P><STRONG><a name="[b7]"></a>LPTIM4_IRQHandler</STRONG> (Thumb, 0 bytes, Stack size 0 bytes, startup_stm32h747xx_cm7.o(.text))
<BR>[Address Reference Count : 1]<UL><LI> startup_stm32h747xx_cm7.o(RESET)
</UL>
<P><STRONG><a name="[b8]"></a>LPTIM5_IRQHandler</STRONG> (Thumb, 0 bytes, Stack size 0 bytes, startup_stm32h747xx_cm7.o(.text))
<BR>[Address Reference Count : 1]<UL><LI> startup_stm32h747xx_cm7.o(RESET)
</UL>
<P><STRONG><a name="[b9]"></a>LPUART1_IRQHandler</STRONG> (Thumb, 0 bytes, Stack size 0 bytes, startup_stm32h747xx_cm7.o(.text))
<BR>[Address Reference Count : 1]<UL><LI> startup_stm32h747xx_cm7.o(RESET)
</UL>
<P><STRONG><a name="[a3]"></a>MDIOS_IRQHandler</STRONG> (Thumb, 0 bytes, Stack size 0 bytes, startup_stm32h747xx_cm7.o(.text))
<BR>[Address Reference Count : 1]<UL><LI> startup_stm32h747xx_cm7.o(RESET)
</UL>
<P><STRONG><a name="[a2]"></a>MDIOS_WKUP_IRQHandler</STRONG> (Thumb, 0 bytes, Stack size 0 bytes, startup_stm32h747xx_cm7.o(.text))
<BR>[Address Reference Count : 1]<UL><LI> startup_stm32h747xx_cm7.o(RESET)
</UL>
<P><STRONG><a name="[a5]"></a>MDMA_IRQHandler</STRONG> (Thumb, 0 bytes, Stack size 0 bytes, startup_stm32h747xx_cm7.o(.text))
<BR>[Address Reference Count : 1]<UL><LI> startup_stm32h747xx_cm7.o(RESET)
</UL>
<P><STRONG><a name="[8e]"></a>OTG_FS_EP1_IN_IRQHandler</STRONG> (Thumb, 0 bytes, Stack size 0 bytes, startup_stm32h747xx_cm7.o(.text))
<BR>[Address Reference Count : 1]<UL><LI> startup_stm32h747xx_cm7.o(RESET)
</UL>
<P><STRONG><a name="[8d]"></a>OTG_FS_EP1_OUT_IRQHandler</STRONG> (Thumb, 0 bytes, Stack size 0 bytes, startup_stm32h747xx_cm7.o(.text))
<BR>[Address Reference Count : 1]<UL><LI> startup_stm32h747xx_cm7.o(RESET)
</UL>
<P><STRONG><a name="[90]"></a>OTG_FS_IRQHandler</STRONG> (Thumb, 0 bytes, Stack size 0 bytes, startup_stm32h747xx_cm7.o(.text))
<BR>[Address Reference Count : 1]<UL><LI> startup_stm32h747xx_cm7.o(RESET)
</UL>
<P><STRONG><a name="[8f]"></a>OTG_FS_WKUP_IRQHandler</STRONG> (Thumb, 0 bytes, Stack size 0 bytes, startup_stm32h747xx_cm7.o(.text))
<BR>[Address Reference Count : 1]<UL><LI> startup_stm32h747xx_cm7.o(RESET)
</UL>
<P><STRONG><a name="[77]"></a>OTG_HS_EP1_IN_IRQHandler</STRONG> (Thumb, 0 bytes, Stack size 0 bytes, startup_stm32h747xx_cm7.o(.text))
<BR>[Address Reference Count : 1]<UL><LI> startup_stm32h747xx_cm7.o(RESET)
</UL>
<P><STRONG><a name="[76]"></a>OTG_HS_EP1_OUT_IRQHandler</STRONG> (Thumb, 0 bytes, Stack size 0 bytes, startup_stm32h747xx_cm7.o(.text))
<BR>[Address Reference Count : 1]<UL><LI> startup_stm32h747xx_cm7.o(RESET)
</UL>
<P><STRONG><a name="[79]"></a>OTG_HS_IRQHandler</STRONG> (Thumb, 0 bytes, Stack size 0 bytes, startup_stm32h747xx_cm7.o(.text))
<BR>[Address Reference Count : 1]<UL><LI> startup_stm32h747xx_cm7.o(RESET)
</UL>
<P><STRONG><a name="[78]"></a>OTG_HS_WKUP_IRQHandler</STRONG> (Thumb, 0 bytes, Stack size 0 bytes, startup_stm32h747xx_cm7.o(.text))
<BR>[Address Reference Count : 1]<UL><LI> startup_stm32h747xx_cm7.o(RESET)
</UL>
<P><STRONG><a name="[30]"></a>PVD_AVD_IRQHandler</STRONG> (Thumb, 0 bytes, Stack size 0 bytes, startup_stm32h747xx_cm7.o(.text))
<BR>[Address Reference Count : 1]<UL><LI> startup_stm32h747xx_cm7.o(RESET)
</UL>
<P><STRONG><a name="[34]"></a>RCC_IRQHandler</STRONG> (Thumb, 0 bytes, Stack size 0 bytes, startup_stm32h747xx_cm7.o(.text))
<BR>[Address Reference Count : 1]<UL><LI> startup_stm32h747xx_cm7.o(RESET)
</UL>
<P><STRONG><a name="[7b]"></a>RNG_IRQHandler</STRONG> (Thumb, 0 bytes, Stack size 0 bytes, startup_stm32h747xx_cm7.o(.text))
<BR>[Address Reference Count : 1]<UL><LI> startup_stm32h747xx_cm7.o(RESET)
</UL>
<P><STRONG><a name="[58]"></a>RTC_Alarm_IRQHandler</STRONG> (Thumb, 0 bytes, Stack size 0 bytes, startup_stm32h747xx_cm7.o(.text))
<BR>[Address Reference Count : 1]<UL><LI> startup_stm32h747xx_cm7.o(RESET)
</UL>
<P><STRONG><a name="[32]"></a>RTC_WKUP_IRQHandler</STRONG> (Thumb, 0 bytes, Stack size 0 bytes, startup_stm32h747xx_cm7.o(.text))
<BR>[Address Reference Count : 1]<UL><LI> startup_stm32h747xx_cm7.o(RESET)
</UL>
<P><STRONG><a name="[82]"></a>SAI1_IRQHandler</STRONG> (Thumb, 0 bytes, Stack size 0 bytes, startup_stm32h747xx_cm7.o(.text))
<BR>[Address Reference Count : 1]<UL><LI> startup_stm32h747xx_cm7.o(RESET)
</UL>
<P><STRONG><a name="[86]"></a>SAI2_IRQHandler</STRONG> (Thumb, 0 bytes, Stack size 0 bytes, startup_stm32h747xx_cm7.o(.text))
<BR>[Address Reference Count : 1]<UL><LI> startup_stm32h747xx_cm7.o(RESET)
</UL>
<P><STRONG><a name="[9d]"></a>SAI3_IRQHandler</STRONG> (Thumb, 0 bytes, Stack size 0 bytes, startup_stm32h747xx_cm7.o(.text))
<BR>[Address Reference Count : 1]<UL><LI> startup_stm32h747xx_cm7.o(RESET)
</UL>
<P><STRONG><a name="[bd]"></a>SAI4_IRQHandler</STRONG> (Thumb, 0 bytes, Stack size 0 bytes, startup_stm32h747xx_cm7.o(.text))
<BR>[Address Reference Count : 1]<UL><LI> startup_stm32h747xx_cm7.o(RESET)
</UL>
<P><STRONG><a name="[5f]"></a>SDMMC1_IRQHandler</STRONG> (Thumb, 0 bytes, Stack size 0 bytes, startup_stm32h747xx_cm7.o(.text))
<BR>[Address Reference Count : 1]<UL><LI> startup_stm32h747xx_cm7.o(RESET)
</UL>
<P><STRONG><a name="[a7]"></a>SDMMC2_IRQHandler</STRONG> (Thumb, 0 bytes, Stack size 0 bytes, startup_stm32h747xx_cm7.o(.text))
<BR>[Address Reference Count : 1]<UL><LI> startup_stm32h747xx_cm7.o(RESET)
</UL>
<P><STRONG><a name="[8c]"></a>SPDIF_RX_IRQHandler</STRONG> (Thumb, 0 bytes, Stack size 0 bytes, startup_stm32h747xx_cm7.o(.text))
<BR>[Address Reference Count : 1]<UL><LI> startup_stm32h747xx_cm7.o(RESET)
</UL>
<P><STRONG><a name="[52]"></a>SPI1_IRQHandler</STRONG> (Thumb, 0 bytes, Stack size 0 bytes, startup_stm32h747xx_cm7.o(.text))
<BR>[Address Reference Count : 1]<UL><LI> startup_stm32h747xx_cm7.o(RESET)
</UL>
<P><STRONG><a name="[53]"></a>SPI2_IRQHandler</STRONG> (Thumb, 0 bytes, Stack size 0 bytes, startup_stm32h747xx_cm7.o(.text))
<BR>[Address Reference Count : 1]<UL><LI> startup_stm32h747xx_cm7.o(RESET)
</UL>
<P><STRONG><a name="[61]"></a>SPI3_IRQHandler</STRONG> (Thumb, 0 bytes, Stack size 0 bytes, startup_stm32h747xx_cm7.o(.text))
<BR>[Address Reference Count : 1]<UL><LI> startup_stm32h747xx_cm7.o(RESET)
</UL>
<P><STRONG><a name="[7f]"></a>SPI4_IRQHandler</STRONG> (Thumb, 0 bytes, Stack size 0 bytes, startup_stm32h747xx_cm7.o(.text))
<BR>[Address Reference Count : 1]<UL><LI> startup_stm32h747xx_cm7.o(RESET)
</UL>
<P><STRONG><a name="[80]"></a>SPI5_IRQHandler</STRONG> (Thumb, 0 bytes, Stack size 0 bytes, startup_stm32h747xx_cm7.o(.text))
<BR>[Address Reference Count : 1]<UL><LI> startup_stm32h747xx_cm7.o(RESET)
</UL>
<P><STRONG><a name="[81]"></a>SPI6_IRQHandler</STRONG> (Thumb, 0 bytes, Stack size 0 bytes, startup_stm32h747xx_cm7.o(.text))
<BR>[Address Reference Count : 1]<UL><LI> startup_stm32h747xx_cm7.o(RESET)
</UL>
<P><STRONG><a name="[9e]"></a>SWPMI1_IRQHandler</STRONG> (Thumb, 0 bytes, Stack size 0 bytes, startup_stm32h747xx_cm7.o(.text))
<BR>[Address Reference Count : 1]<UL><LI> startup_stm32h747xx_cm7.o(RESET)
</UL>
<P><STRONG><a name="[31]"></a>TAMP_STAMP_IRQHandler</STRONG> (Thumb, 0 bytes, Stack size 0 bytes, startup_stm32h747xx_cm7.o(.text))
<BR>[Address Reference Count : 1]<UL><LI> startup_stm32h747xx_cm7.o(RESET)
</UL>
<P><STRONG><a name="[9f]"></a>TIM15_IRQHandler</STRONG> (Thumb, 0 bytes, Stack size 0 bytes, startup_stm32h747xx_cm7.o(.text))
<BR>[Address Reference Count : 1]<UL><LI> startup_stm32h747xx_cm7.o(RESET)
</UL>
<P><STRONG><a name="[a0]"></a>TIM16_IRQHandler</STRONG> (Thumb, 0 bytes, Stack size 0 bytes, startup_stm32h747xx_cm7.o(.text))
<BR>[Address Reference Count : 1]<UL><LI> startup_stm32h747xx_cm7.o(RESET)
</UL>
<P><STRONG><a name="[a1]"></a>TIM17_IRQHandler</STRONG> (Thumb, 0 bytes, Stack size 0 bytes, startup_stm32h747xx_cm7.o(.text))
<BR>[Address Reference Count : 1]<UL><LI> startup_stm32h747xx_cm7.o(RESET)
</UL>
<P><STRONG><a name="[47]"></a>TIM1_BRK_IRQHandler</STRONG> (Thumb, 0 bytes, Stack size 0 bytes, startup_stm32h747xx_cm7.o(.text))
<BR>[Address Reference Count : 1]<UL><LI> startup_stm32h747xx_cm7.o(RESET)
</UL>
<P><STRONG><a name="[4a]"></a>TIM1_CC_IRQHandler</STRONG> (Thumb, 0 bytes, Stack size 0 bytes, startup_stm32h747xx_cm7.o(.text))
<BR>[Address Reference Count : 1]<UL><LI> startup_stm32h747xx_cm7.o(RESET)
</UL>
<P><STRONG><a name="[49]"></a>TIM1_TRG_COM_IRQHandler</STRONG> (Thumb, 0 bytes, Stack size 0 bytes, startup_stm32h747xx_cm7.o(.text))
<BR>[Address Reference Count : 1]<UL><LI> startup_stm32h747xx_cm7.o(RESET)
</UL>
<P><STRONG><a name="[48]"></a>TIM1_UP_IRQHandler</STRONG> (Thumb, 0 bytes, Stack size 0 bytes, startup_stm32h747xx_cm7.o(.text))
<BR>[Address Reference Count : 1]<UL><LI> startup_stm32h747xx_cm7.o(RESET)
</UL>
<P><STRONG><a name="[4b]"></a>TIM2_IRQHandler</STRONG> (Thumb, 0 bytes, Stack size 0 bytes, startup_stm32h747xx_cm7.o(.text))
<BR>[Address Reference Count : 1]<UL><LI> startup_stm32h747xx_cm7.o(RESET)
</UL>
<P><STRONG><a name="[4c]"></a>TIM3_IRQHandler</STRONG> (Thumb, 0 bytes, Stack size 0 bytes, startup_stm32h747xx_cm7.o(.text))
<BR>[Address Reference Count : 1]<UL><LI> startup_stm32h747xx_cm7.o(RESET)
</UL>
<P><STRONG><a name="[4d]"></a>TIM4_IRQHandler</STRONG> (Thumb, 0 bytes, Stack size 0 bytes, startup_stm32h747xx_cm7.o(.text))
<BR>[Address Reference Count : 1]<UL><LI> startup_stm32h747xx_cm7.o(RESET)
</UL>
<P><STRONG><a name="[60]"></a>TIM5_IRQHandler</STRONG> (Thumb, 0 bytes, Stack size 0 bytes, startup_stm32h747xx_cm7.o(.text))
<BR>[Address Reference Count : 1]<UL><LI> startup_stm32h747xx_cm7.o(RESET)
</UL>
<P><STRONG><a name="[64]"></a>TIM6_DAC_IRQHandler</STRONG> (Thumb, 0 bytes, Stack size 0 bytes, startup_stm32h747xx_cm7.o(.text))
<BR>[Address Reference Count : 1]<UL><LI> startup_stm32h747xx_cm7.o(RESET)
</UL>
<P><STRONG><a name="[65]"></a>TIM7_IRQHandler</STRONG> (Thumb, 0 bytes, Stack size 0 bytes, startup_stm32h747xx_cm7.o(.text))
<BR>[Address Reference Count : 1]<UL><LI> startup_stm32h747xx_cm7.o(RESET)
</UL>
<P><STRONG><a name="[59]"></a>TIM8_BRK_TIM12_IRQHandler</STRONG> (Thumb, 0 bytes, Stack size 0 bytes, startup_stm32h747xx_cm7.o(.text))
<BR>[Address Reference Count : 1]<UL><LI> startup_stm32h747xx_cm7.o(RESET)
</UL>
<P><STRONG><a name="[5c]"></a>TIM8_CC_IRQHandler</STRONG> (Thumb, 0 bytes, Stack size 0 bytes, startup_stm32h747xx_cm7.o(.text))
<BR>[Address Reference Count : 1]<UL><LI> startup_stm32h747xx_cm7.o(RESET)
</UL>
<P><STRONG><a name="[5b]"></a>TIM8_TRG_COM_TIM14_IRQHandler</STRONG> (Thumb, 0 bytes, Stack size 0 bytes, startup_stm32h747xx_cm7.o(.text))
<BR>[Address Reference Count : 1]<UL><LI> startup_stm32h747xx_cm7.o(RESET)
</UL>
<P><STRONG><a name="[5a]"></a>TIM8_UP_TIM13_IRQHandler</STRONG> (Thumb, 0 bytes, Stack size 0 bytes, startup_stm32h747xx_cm7.o(.text))
<BR>[Address Reference Count : 1]<UL><LI> startup_stm32h747xx_cm7.o(RESET)
</UL>
<P><STRONG><a name="[62]"></a>UART4_IRQHandler</STRONG> (Thumb, 0 bytes, Stack size 0 bytes, startup_stm32h747xx_cm7.o(.text))
<BR>[Address Reference Count : 1]<UL><LI> startup_stm32h747xx_cm7.o(RESET)
</UL>
<P><STRONG><a name="[63]"></a>UART5_IRQHandler</STRONG> (Thumb, 0 bytes, Stack size 0 bytes, startup_stm32h747xx_cm7.o(.text))
<BR>[Address Reference Count : 1]<UL><LI> startup_stm32h747xx_cm7.o(RESET)
</UL>
<P><STRONG><a name="[7d]"></a>UART7_IRQHandler</STRONG> (Thumb, 0 bytes, Stack size 0 bytes, startup_stm32h747xx_cm7.o(.text))
<BR>[Address Reference Count : 1]<UL><LI> startup_stm32h747xx_cm7.o(RESET)
</UL>
<P><STRONG><a name="[7e]"></a>UART8_IRQHandler</STRONG> (Thumb, 0 bytes, Stack size 0 bytes, startup_stm32h747xx_cm7.o(.text))
<BR>[Address Reference Count : 1]<UL><LI> startup_stm32h747xx_cm7.o(RESET)
</UL>
<P><STRONG><a name="[55]"></a>USART2_IRQHandler</STRONG> (Thumb, 0 bytes, Stack size 0 bytes, startup_stm32h747xx_cm7.o(.text))
<BR>[Address Reference Count : 1]<UL><LI> startup_stm32h747xx_cm7.o(RESET)
</UL>
<P><STRONG><a name="[56]"></a>USART3_IRQHandler</STRONG> (Thumb, 0 bytes, Stack size 0 bytes, startup_stm32h747xx_cm7.o(.text))
<BR>[Address Reference Count : 1]<UL><LI> startup_stm32h747xx_cm7.o(RESET)
</UL>
<P><STRONG><a name="[73]"></a>USART6_IRQHandler</STRONG> (Thumb, 0 bytes, Stack size 0 bytes, startup_stm32h747xx_cm7.o(.text))
<BR>[Address Reference Count : 1]<UL><LI> startup_stm32h747xx_cm7.o(RESET)
</UL>
<P><STRONG><a name="[bf]"></a>WAKEUP_PIN_IRQHandler</STRONG> (Thumb, 0 bytes, Stack size 0 bytes, startup_stm32h747xx_cm7.o(.text))
<BR>[Address Reference Count : 1]<UL><LI> startup_stm32h747xx_cm7.o(RESET)
</UL>
<P><STRONG><a name="[2f]"></a>WWDG_IRQHandler</STRONG> (Thumb, 0 bytes, Stack size 0 bytes, startup_stm32h747xx_cm7.o(.text))
<BR>[Address Reference Count : 1]<UL><LI> startup_stm32h747xx_cm7.o(RESET)
</UL>
<P><STRONG><a name="[ba]"></a>WWDG_RST_IRQHandler</STRONG> (Thumb, 0 bytes, Stack size 0 bytes, startup_stm32h747xx_cm7.o(.text))
<BR>[Address Reference Count : 1]<UL><LI> startup_stm32h747xx_cm7.o(RESET)
</UL>
<P><STRONG><a name="[11a]"></a>__user_initial_stackheap</STRONG> (Thumb, 0 bytes, Stack size unknown bytes, startup_stm32h747xx_cm7.o(.text))
<BR><BR>[Called By]<UL><LI><a href="#[f2]">&gt;&gt;</a>&nbsp;&nbsp;&nbsp;__user_setup_stackheap
</UL>

<P><STRONG><a name="[2b0]"></a>__use_no_semihosting</STRONG> (Thumb, 2 bytes, Stack size 0 bytes, use_no_semi_2.o(.text), UNUSED)

<P><STRONG><a name="[fd]"></a>__aeabi_uldivmod</STRONG> (Thumb, 0 bytes, Stack size 48 bytes, lludivv7m.o(.text))
<BR><BR>[Stack]<UL><LI>Max Depth = 48<LI>Call Chain = __aeabi_uldivmod
</UL>
<BR>[Called By]<UL><LI><a href="#[1b7]">&gt;&gt;</a>&nbsp;&nbsp;&nbsp;UART_SetConfig
<LI><a href="#[fc]">&gt;&gt;</a>&nbsp;&nbsp;&nbsp;_ll_sdiv
</UL>

<P><STRONG><a name="[2b1]"></a>_ll_udiv</STRONG> (Thumb, 238 bytes, Stack size 48 bytes, lludivv7m.o(.text), UNUSED)

<P><STRONG><a name="[1fa]"></a>__aeabi_ldivmod</STRONG> (Thumb, 0 bytes, Stack size 8 bytes, llsdiv.o(.text))
<BR><BR>[Stack]<UL><LI>Max Depth = 8<LI>Call Chain = __aeabi_ldivmod
</UL>
<BR>[Called By]<UL><LI><a href="#[1fc]">&gt;&gt;</a>&nbsp;&nbsp;&nbsp;_lite_kernel_nl_softmax_iu8ou8_ch
<LI><a href="#[1f9]">&gt;&gt;</a>&nbsp;&nbsp;&nbsp;_lite_kernel_nl_softmax_is8os8_ch
</UL>

<P><STRONG><a name="[fc]"></a>_ll_sdiv</STRONG> (Thumb, 72 bytes, Stack size 8 bytes, llsdiv.o(.text), UNUSED)
<BR><BR>[Calls]<UL><LI><a href="#[fd]">&gt;&gt;</a>&nbsp;&nbsp;&nbsp;__aeabi_uldivmod
</UL>

<P><STRONG><a name="[fe]"></a>__2printf</STRONG> (Thumb, 20 bytes, Stack size 24 bytes, __2printf.o(.text))
<BR><BR>[Stack]<UL><LI>Max Depth = 144 + Unknown Stack Size
<LI>Call Chain = __2printf &rArr; _printf_char_file &rArr; _printf_char_common &rArr; __printf
</UL>
<BR>[Calls]<UL><LI><a href="#[ff]">&gt;&gt;</a>&nbsp;&nbsp;&nbsp;_printf_char_file
</UL>
<BR>[Called By]<UL><LI><a href="#[f6]">&gt;&gt;</a>&nbsp;&nbsp;&nbsp;main
<LI><a href="#[1e0]">&gt;&gt;</a>&nbsp;&nbsp;&nbsp;MX_X_CUBE_AI_Init
<LI><a href="#[20a]">&gt;&gt;</a>&nbsp;&nbsp;&nbsp;ai_log_err
</UL>

<P><STRONG><a name="[100]"></a>__2sprintf</STRONG> (Thumb, 38 bytes, Stack size 32 bytes, __2sprintf.o(.text))
<BR><BR>[Stack]<UL><LI>Max Depth = 136 + Unknown Stack Size
<LI>Call Chain = __2sprintf &rArr; _printf_char_common &rArr; __printf
</UL>
<BR>[Calls]<UL><LI><a href="#[c2]">&gt;&gt;</a>&nbsp;&nbsp;&nbsp;_sputc
<LI><a href="#[101]">&gt;&gt;</a>&nbsp;&nbsp;&nbsp;_printf_char_common
</UL>
<BR>[Called By]<UL><LI><a href="#[f6]">&gt;&gt;</a>&nbsp;&nbsp;&nbsp;main
</UL>

<P><STRONG><a name="[102]"></a>__2snprintf</STRONG> (Thumb, 50 bytes, Stack size 40 bytes, __2snprintf.o(.text))
<BR><BR>[Stack]<UL><LI>Max Depth = 144 + Unknown Stack Size
<LI>Call Chain = __2snprintf &rArr; _printf_char_common &rArr; __printf
</UL>
<BR>[Calls]<UL><LI><a href="#[c2]">&gt;&gt;</a>&nbsp;&nbsp;&nbsp;_sputc
<LI><a href="#[101]">&gt;&gt;</a>&nbsp;&nbsp;&nbsp;_printf_char_common
</UL>
<BR>[Called By]<UL><LI><a href="#[f6]">&gt;&gt;</a>&nbsp;&nbsp;&nbsp;main
</UL>

<P><STRONG><a name="[104]"></a>_printf_pre_padding</STRONG> (Thumb, 44 bytes, Stack size 16 bytes, _printf_pad.o(.text))
<BR><BR>[Stack]<UL><LI>Max Depth = 16<LI>Call Chain = _printf_pre_padding
</UL>
<BR>[Called By]<UL><LI><a href="#[103]">&gt;&gt;</a>&nbsp;&nbsp;&nbsp;_printf_str
<LI><a href="#[115]">&gt;&gt;</a>&nbsp;&nbsp;&nbsp;_printf_fp_infnan
<LI><a href="#[113]">&gt;&gt;</a>&nbsp;&nbsp;&nbsp;_printf_fp_dec_real
<LI><a href="#[106]">&gt;&gt;</a>&nbsp;&nbsp;&nbsp;_printf_int_common
</UL>

<P><STRONG><a name="[105]"></a>_printf_post_padding</STRONG> (Thumb, 34 bytes, Stack size 16 bytes, _printf_pad.o(.text))
<BR><BR>[Stack]<UL><LI>Max Depth = 16<LI>Call Chain = _printf_post_padding
</UL>
<BR>[Called By]<UL><LI><a href="#[103]">&gt;&gt;</a>&nbsp;&nbsp;&nbsp;_printf_str
<LI><a href="#[115]">&gt;&gt;</a>&nbsp;&nbsp;&nbsp;_printf_fp_infnan
<LI><a href="#[113]">&gt;&gt;</a>&nbsp;&nbsp;&nbsp;_printf_fp_dec_real
<LI><a href="#[106]">&gt;&gt;</a>&nbsp;&nbsp;&nbsp;_printf_int_common
</UL>

<P><STRONG><a name="[103]"></a>_printf_str</STRONG> (Thumb, 82 bytes, Stack size 16 bytes, _printf_str.o(.text))
<BR><BR>[Stack]<UL><LI>Max Depth = 32<LI>Call Chain = _printf_str &rArr; _printf_post_padding
</UL>
<BR>[Calls]<UL><LI><a href="#[105]">&gt;&gt;</a>&nbsp;&nbsp;&nbsp;_printf_post_padding
<LI><a href="#[104]">&gt;&gt;</a>&nbsp;&nbsp;&nbsp;_printf_pre_padding
</UL>
<BR>[Called By]<UL><LI><a href="#[116]">&gt;&gt;</a>&nbsp;&nbsp;&nbsp;_printf_cs_common
</UL>

<P><STRONG><a name="[e6]"></a>_printf_int_dec</STRONG> (Thumb, 104 bytes, Stack size 24 bytes, _printf_dec.o(.text))
<BR><BR>[Stack]<UL><LI>Max Depth = 72<LI>Call Chain = _printf_int_dec &rArr; _printf_int_common &rArr; _printf_post_padding
</UL>
<BR>[Calls]<UL><LI><a href="#[106]">&gt;&gt;</a>&nbsp;&nbsp;&nbsp;_printf_int_common
</UL>
<BR>[Called By]<UL><LI><a href="#[e5]">&gt;&gt;</a>&nbsp;&nbsp;&nbsp;_printf_d
</UL>

<P><STRONG><a name="[e8]"></a>_printf_int_hex</STRONG> (Thumb, 84 bytes, Stack size 16 bytes, _printf_hex_int.o(.text))
<BR><BR>[Stack]<UL><LI>Max Depth = 64<LI>Call Chain = _printf_int_hex &rArr; _printf_int_common &rArr; _printf_post_padding
</UL>
<BR>[Calls]<UL><LI><a href="#[106]">&gt;&gt;</a>&nbsp;&nbsp;&nbsp;_printf_int_common
</UL>
<BR>[Called By]<UL><LI><a href="#[e7]">&gt;&gt;</a>&nbsp;&nbsp;&nbsp;_printf_x
</UL>

<P><STRONG><a name="[2b2]"></a>_printf_longlong_hex</STRONG> (Thumb, 0 bytes, Stack size 16 bytes, _printf_hex_int.o(.text), UNUSED)

<P><STRONG><a name="[107]"></a>__printf</STRONG> (Thumb, 308 bytes, Stack size 40 bytes, __printf_flags_wp.o(.text))
<BR><BR>[Stack]<UL><LI>Max Depth = 40 + Unknown Stack Size
<LI>Call Chain = __printf
</UL>
<BR>[Calls]<UL><LI><a href="#[109]">&gt;&gt;</a>&nbsp;&nbsp;&nbsp;_printf_percent
<LI><a href="#[108]">&gt;&gt;</a>&nbsp;&nbsp;&nbsp;_is_digit
</UL>
<BR>[Called By]<UL><LI><a href="#[101]">&gt;&gt;</a>&nbsp;&nbsp;&nbsp;_printf_char_common
</UL>

<P><STRONG><a name="[20f]"></a>memcmp</STRONG> (Thumb, 88 bytes, Stack size 8 bytes, memcmp.o(.text))
<BR><BR>[Stack]<UL><LI>Max Depth = 8<LI>Call Chain = memcmp
</UL>
<BR>[Called By]<UL><LI><a href="#[20e]">&gt;&gt;</a>&nbsp;&nbsp;&nbsp;ai_check_custom_types
</UL>

<P><STRONG><a name="[17b]"></a>__aeabi_memcpy4</STRONG> (Thumb, 0 bytes, Stack size 8 bytes, rt_memcpy_w.o(.text))
<BR><BR>[Stack]<UL><LI>Max Depth = 8<LI>Call Chain = __aeabi_memcpy4
</UL>
<BR>[Called By]<UL><LI><a href="#[17a]">&gt;&gt;</a>&nbsp;&nbsp;&nbsp;HAL_LTDC_ConfigLayer
<LI><a href="#[c]">&gt;&gt;</a>&nbsp;&nbsp;&nbsp;forward_pw_sssa8_ch_nl_pool
<LI><a href="#[220]">&gt;&gt;</a>&nbsp;&nbsp;&nbsp;ai_platform_network_init
<LI><a href="#[21f]">&gt;&gt;</a>&nbsp;&nbsp;&nbsp;ai_platform_api_get_network_report
<LI><a href="#[219]">&gt;&gt;</a>&nbsp;&nbsp;&nbsp;ai_network_get_report
<LI><a href="#[1fd]">&gt;&gt;</a>&nbsp;&nbsp;&nbsp;_platform_ai_buffer_array_copy
<LI><a href="#[1f6]">&gt;&gt;</a>&nbsp;&nbsp;&nbsp;_ai_platform_get_io_buffers_info
</UL>

<P><STRONG><a name="[2b3]"></a>__aeabi_memcpy8</STRONG> (Thumb, 0 bytes, Stack size 8 bytes, rt_memcpy_w.o(.text), UNUSED)

<P><STRONG><a name="[2b4]"></a>__rt_memcpy_w</STRONG> (Thumb, 100 bytes, Stack size 8 bytes, rt_memcpy_w.o(.text), UNUSED)

<P><STRONG><a name="[2b5]"></a>_memcpy_lastbytes_aligned</STRONG> (Thumb, 0 bytes, Stack size unknown bytes, rt_memcpy_w.o(.text), UNUSED)

<P><STRONG><a name="[165]"></a>__aeabi_memclr4</STRONG> (Thumb, 0 bytes, Stack size 4 bytes, rt_memclr_w.o(.text))
<BR><BR>[Stack]<UL><LI>Max Depth = 4<LI>Call Chain = __aeabi_memclr4
</UL>
<BR>[Called By]<UL><LI><a href="#[1da]">&gt;&gt;</a>&nbsp;&nbsp;&nbsp;MX_GPIO_Init
<LI><a href="#[1d9]">&gt;&gt;</a>&nbsp;&nbsp;&nbsp;MX_FMC_Init
<LI><a href="#[f6]">&gt;&gt;</a>&nbsp;&nbsp;&nbsp;main
<LI><a href="#[1e6]">&gt;&gt;</a>&nbsp;&nbsp;&nbsp;SystemClock_Config
<LI><a href="#[1b5]">&gt;&gt;</a>&nbsp;&nbsp;&nbsp;HAL_UART_MspInit
<LI><a href="#[195]">&gt;&gt;</a>&nbsp;&nbsp;&nbsp;HAL_QSPI_MspInit
<LI><a href="#[184]">&gt;&gt;</a>&nbsp;&nbsp;&nbsp;HAL_LTDC_MspInit
<LI><a href="#[168]">&gt;&gt;</a>&nbsp;&nbsp;&nbsp;HAL_FMC_MspInit
<LI><a href="#[163]">&gt;&gt;</a>&nbsp;&nbsp;&nbsp;HAL_DSI_MspInit
<LI><a href="#[1f6]">&gt;&gt;</a>&nbsp;&nbsp;&nbsp;_ai_platform_get_io_buffers_info
</UL>

<P><STRONG><a name="[2b6]"></a>__aeabi_memclr8</STRONG> (Thumb, 0 bytes, Stack size 4 bytes, rt_memclr_w.o(.text), UNUSED)

<P><STRONG><a name="[2b7]"></a>__rt_memclr_w</STRONG> (Thumb, 78 bytes, Stack size 4 bytes, rt_memclr_w.o(.text), UNUSED)

<P><STRONG><a name="[2b8]"></a>_memset_w</STRONG> (Thumb, 0 bytes, Stack size unknown bytes, rt_memclr_w.o(.text), UNUSED)

<P><STRONG><a name="[2b9]"></a>__use_two_region_memory</STRONG> (Thumb, 2 bytes, Stack size 0 bytes, heapauxi.o(.text), UNUSED)

<P><STRONG><a name="[3]"></a>__rt_heap_escrow</STRONG> (Thumb, 2 bytes, Stack size 0 bytes, heapauxi.o(.text), UNUSED)

[...]
<BR><BR>[Stack]<UL><LI>Max Depth = 8<LI>Call Chain = JOY1_LEFT_EXTI_Callback
</UL>
<BR>[Calls]<UL><LI><a href="#[1c4]">&gt;&gt;</a>&nbsp;&nbsp;&nbsp;BSP_JOY_Callback
</UL>
<BR>[Address Reference Count : 1]<UL><LI> stm32h747i_discovery.o(.data)
</UL>
<P><STRONG><a name="[16]"></a>JOY1_RIGHT_EXTI_Callback</STRONG> (Thumb, 12 bytes, Stack size 8 bytes, stm32h747i_discovery.o(i.JOY1_RIGHT_EXTI_Callback))
<BR><BR>[Stack]<UL><LI>Max Depth = 8<LI>Call Chain = JOY1_RIGHT_EXTI_Callback
</UL>
<BR>[Calls]<UL><LI><a href="#[1c4]">&gt;&gt;</a>&nbsp;&nbsp;&nbsp;BSP_JOY_Callback
</UL>
<BR>[Address Reference Count : 1]<UL><LI> stm32h747i_discovery.o(.data)
</UL>
<P><STRONG><a name="[13]"></a>JOY1_SEL_EXTI_Callback</STRONG> (Thumb, 12 bytes, Stack size 8 bytes, stm32h747i_discovery.o(i.JOY1_SEL_EXTI_Callback))
<BR><BR>[Stack]<UL><LI>Max Depth = 8<LI>Call Chain = JOY1_SEL_EXTI_Callback
</UL>
<BR>[Calls]<UL><LI><a href="#[1c4]">&gt;&gt;</a>&nbsp;&nbsp;&nbsp;BSP_JOY_Callback
</UL>
<BR>[Address Reference Count : 1]<UL><LI> stm32h747i_discovery.o(.data)
</UL>
<P><STRONG><a name="[17]"></a>JOY1_UP_EXTI_Callback</STRONG> (Thumb, 12 bytes, Stack size 8 bytes, stm32h747i_discovery.o(i.JOY1_UP_EXTI_Callback))
<BR><BR>[Stack]<UL><LI>Max Depth = 8<LI>Call Chain = JOY1_UP_EXTI_Callback
</UL>
<BR>[Calls]<UL><LI><a href="#[1c4]">&gt;&gt;</a>&nbsp;&nbsp;&nbsp;BSP_JOY_Callback
</UL>
<BR>[Address Reference Count : 1]<UL><LI> stm32h747i_discovery.o(.data)
</UL>
<P><STRONG><a name="[125]"></a>I2C4_MspInit</STRONG> (Thumb, 126 bytes, Stack size 48 bytes, stm32h747i_discovery_bus.o(i.I2C4_MspInit))
<BR><BR>[Stack]<UL><LI>Max Depth = 88<LI>Call Chain = I2C4_MspInit &rArr; HAL_GPIO_Init
</UL>
<BR>[Calls]<UL><LI><a href="#[12f]">&gt;&gt;</a>&nbsp;&nbsp;&nbsp;HAL_GPIO_Init
</UL>
<BR>[Called By]<UL><LI><a href="#[c6]">&gt;&gt;</a>&nbsp;&nbsp;&nbsp;BSP_I2C4_Init
</UL>

<P><STRONG><a name="[129]"></a>I2C4_ReadReg</STRONG> (Thumb, 34 bytes, Stack size 24 bytes, stm32h747i_discovery_bus.o(i.I2C4_ReadReg))
<BR><BR>[Stack]<UL><LI>Max Depth = 176<LI>Call Chain = I2C4_ReadReg &rArr; HAL_I2C_Mem_Read &rArr; I2C_RequestMemoryRead &rArr; I2C_WaitOnFlagUntilTimeout &rArr; I2C_IsErrorOccurred
</UL>
<BR>[Calls]<UL><LI><a href="#[16c]">&gt;&gt;</a>&nbsp;&nbsp;&nbsp;HAL_I2C_Mem_Read
</UL>
<BR>[Called By]<UL><LI><a href="#[c8]">&gt;&gt;</a>&nbsp;&nbsp;&nbsp;BSP_I2C4_ReadReg
</UL>

<P><STRONG><a name="[12b]"></a>I2C4_WriteReg</STRONG> (Thumb, 34 bytes, Stack size 24 bytes, stm32h747i_discovery_bus.o(i.I2C4_WriteReg))
<BR><BR>[Stack]<UL><LI>Max Depth = 176<LI>Call Chain = I2C4_WriteReg &rArr; HAL_I2C_Mem_Write &rArr; I2C_RequestMemoryWrite &rArr; I2C_WaitOnFlagUntilTimeout &rArr; I2C_IsErrorOccurred
</UL>
<BR>[Calls]<UL><LI><a href="#[171]">&gt;&gt;</a>&nbsp;&nbsp;&nbsp;HAL_I2C_Mem_Write
</UL>
<BR>[Called By]<UL><LI><a href="#[c9]">&gt;&gt;</a>&nbsp;&nbsp;&nbsp;BSP_I2C4_WriteReg
</UL>

<P><STRONG><a name="[1bb]"></a>I2C_Compute_PRESC_SCLDEL_SDADEL</STRONG> (Thumb, 184 bytes, Stack size 36 bytes, stm32h747i_discovery_bus.o(i.I2C_Compute_PRESC_SCLDEL_SDADEL))
<BR><BR>[Stack]<UL><LI>Max Depth = 36<LI>Call Chain = I2C_Compute_PRESC_SCLDEL_SDADEL
</UL>
<BR>[Called By]<UL><LI><a href="#[127]">&gt;&gt;</a>&nbsp;&nbsp;&nbsp;I2C_GetTiming
</UL>

<P><STRONG><a name="[1bc]"></a>I2C_Compute_SCLL_SCLH</STRONG> (Thumb, 260 bytes, Stack size 68 bytes, stm32h747i_discovery_bus.o(i.I2C_Compute_SCLL_SCLH))
<BR><BR>[Stack]<UL><LI>Max Depth = 68<LI>Call Chain = I2C_Compute_SCLL_SCLH
</UL>
<BR>[Called By]<UL><LI><a href="#[127]">&gt;&gt;</a>&nbsp;&nbsp;&nbsp;I2C_GetTiming
</UL>

<P><STRONG><a name="[127]"></a>I2C_GetTiming</STRONG> (Thumb, 118 bytes, Stack size 16 bytes, stm32h747i_discovery_bus.o(i.I2C_GetTiming))
<BR><BR>[Stack]<UL><LI>Max Depth = 84<LI>Call Chain = I2C_GetTiming &rArr; I2C_Compute_SCLL_SCLH
</UL>
<BR>[Calls]<UL><LI><a href="#[1bc]">&gt;&gt;</a>&nbsp;&nbsp;&nbsp;I2C_Compute_SCLL_SCLH
<LI><a href="#[1bb]">&gt;&gt;</a>&nbsp;&nbsp;&nbsp;I2C_Compute_PRESC_SCLDEL_SDADEL
</UL>
<BR>[Called By]<UL><LI><a href="#[c6]">&gt;&gt;</a>&nbsp;&nbsp;&nbsp;BSP_I2C4_Init
</UL>

<P><STRONG><a name="[12c]"></a>LL_ConvertLineToRGB</STRONG> (Thumb, 120 bytes, Stack size 32 bytes, stm32h747i_discovery_lcd.o(i.LL_ConvertLineToRGB))
<BR><BR>[Stack]<UL><LI>Max Depth = 80<LI>Call Chain = LL_ConvertLineToRGB &rArr; HAL_DMA2D_Init &rArr; HAL_DMA2D_MspInit &rArr; HAL_NVIC_SetPriority
</UL>
<BR>[Calls]<UL><LI><a href="#[155]">&gt;&gt;</a>&nbsp;&nbsp;&nbsp;HAL_DMA2D_Init
<LI><a href="#[1d6]">&gt;&gt;</a>&nbsp;&nbsp;&nbsp;HAL_DMA2D_ConfigLayer
<LI><a href="#[15a]">&gt;&gt;</a>&nbsp;&nbsp;&nbsp;HAL_DMA2D_Start
<LI><a href="#[159]">&gt;&gt;</a>&nbsp;&nbsp;&nbsp;HAL_DMA2D_PollForTransfer
</UL>
<BR>[Called By]<UL><LI><a href="#[d4]">&gt;&gt;</a>&nbsp;&nbsp;&nbsp;BSP_LCD_DrawBitmap
</UL>

<P><STRONG><a name="[12d]"></a>LL_FillBuffer</STRONG> (Thumb, 168 bytes, Stack size 24 bytes, stm32h747i_discovery_lcd.o(i.LL_FillBuffer))
<BR><BR>[Stack]<UL><LI>Max Depth = 72<LI>Call Chain = LL_FillBuffer &rArr; HAL_DMA2D_Init &rArr; HAL_DMA2D_MspInit &rArr; HAL_NVIC_SetPriority
</UL>
<BR>[Calls]<UL><LI><a href="#[155]">&gt;&gt;</a>&nbsp;&nbsp;&nbsp;HAL_DMA2D_Init
<LI><a href="#[1d6]">&gt;&gt;</a>&nbsp;&nbsp;&nbsp;HAL_DMA2D_ConfigLayer
<LI><a href="#[15a]">&gt;&gt;</a>&nbsp;&nbsp;&nbsp;HAL_DMA2D_Start
<LI><a href="#[159]">&gt;&gt;</a>&nbsp;&nbsp;&nbsp;HAL_DMA2D_PollForTransfer
</UL>
<BR>[Called By]<UL><LI><a href="#[d8]">&gt;&gt;</a>&nbsp;&nbsp;&nbsp;BSP_LCD_FillRect
<LI><a href="#[d7]">&gt;&gt;</a>&nbsp;&nbsp;&nbsp;BSP_LCD_DrawVLine
<LI><a href="#[d6]">&gt;&gt;</a>&nbsp;&nbsp;&nbsp;BSP_LCD_DrawHLine
</UL>

<P><STRONG><a name="[134]"></a>SDRAM_MspInit</STRONG> (Thumb, 322 bytes, Stack size 48 bytes, stm32h747i_discovery_sdram.o(i.SDRAM_MspInit))
<BR><BR>[Stack]<UL><LI>Max Depth = 88<LI>Call Chain = SDRAM_MspInit &rArr; HAL_GPIO_Init
</UL>
<BR>[Calls]<UL><LI><a href="#[12f]">&gt;&gt;</a>&nbsp;&nbsp;&nbsp;HAL_GPIO_Init
<LI><a href="#[157]">&gt;&gt;</a>&nbsp;&nbsp;&nbsp;HAL_NVIC_SetPriority
<LI><a href="#[158]">&gt;&gt;</a>&nbsp;&nbsp;&nbsp;HAL_NVIC_EnableIRQ
<LI><a href="#[186]">&gt;&gt;</a>&nbsp;&nbsp;&nbsp;HAL_MDMA_Init
<LI><a href="#[1e4]">&gt;&gt;</a>&nbsp;&nbsp;&nbsp;HAL_MDMA_DeInit
</UL>
<BR>[Called By]<UL><LI><a href="#[133]">&gt;&gt;</a>&nbsp;&nbsp;&nbsp;BSP_SDRAM_Init
</UL>

<P><STRONG><a name="[138]"></a>FT6X06_Probe</STRONG> (Thumb, 132 bytes, Stack size 72 bytes, stm32h747i_discovery_ts.o(i.FT6X06_Probe))
<BR><BR>[Stack]<UL><LI>Max Depth = 104<LI>Call Chain = FT6X06_Probe &rArr; FT6X06_ReadID &rArr; ft6x06_chip_id &rArr; ft6x06_read_reg
</UL>
<BR>[Calls]<UL><LI><a href="#[14e]">&gt;&gt;</a>&nbsp;&nbsp;&nbsp;FT6X06_RegisterBusIO
<LI><a href="#[1c]">&gt;&gt;</a>&nbsp;&nbsp;&nbsp;FT6X06_ReadID
<LI><a href="#[20]">&gt;&gt;</a>&nbsp;&nbsp;&nbsp;FT6X06_GetCapabilities
</UL>
<BR>[Called By]<UL><LI><a href="#[137]">&gt;&gt;</a>&nbsp;&nbsp;&nbsp;BSP_TS_Init
</UL>

<P><STRONG><a name="[18]"></a>TS_EXTI_Callback</STRONG> (Thumb, 10 bytes, Stack size 8 bytes, stm32h747i_discovery_ts.o(i.TS_EXTI_Callback))
<BR><BR>[Stack]<UL><LI>Max Depth = 8<LI>Call Chain = TS_EXTI_Callback
</UL>
<BR>[Calls]<UL><LI><a href="#[1e7]">&gt;&gt;</a>&nbsp;&nbsp;&nbsp;BSP_TS_Callback
</UL>
<BR>[Address Reference Count : 1]<UL><LI> stm32h747i_discovery_ts.o(.data)
</UL>
<P><STRONG><a name="[143]"></a>FT6X06_DetectTouch</STRONG> (Thumb, 30 bytes, Stack size 8 bytes, ft6x06.o(i.FT6X06_DetectTouch))
<BR><BR>[Stack]<UL><LI>Max Depth = 24<LI>Call Chain = FT6X06_DetectTouch &rArr; ft6x06_td_status &rArr; ft6x06_read_reg
</UL>
<BR>[Calls]<UL><LI><a href="#[144]">&gt;&gt;</a>&nbsp;&nbsp;&nbsp;ft6x06_td_status
</UL>
<BR>[Called By]<UL><LI><a href="#[1d]">&gt;&gt;</a>&nbsp;&nbsp;&nbsp;FT6X06_GetState
<LI><a href="#[1e]">&gt;&gt;</a>&nbsp;&nbsp;&nbsp;FT6X06_GetMultiTouchState
</UL>

<P><STRONG><a name="[cb]"></a>ReadRegWrap</STRONG> (Thumb, 14 bytes, Stack size 8 bytes, ft6x06.o(i.ReadRegWrap))
<BR><BR>[Stack]<UL><LI>Max Depth = 8<LI>Call Chain = ReadRegWrap
</UL>
<BR>[Address Reference Count : 1]<UL><LI> ft6x06.o(i.FT6X06_RegisterBusIO)
</UL>
<P><STRONG><a name="[cc]"></a>WriteRegWrap</STRONG> (Thumb, 14 bytes, Stack size 8 bytes, ft6x06.o(i.WriteRegWrap))
<BR><BR>[Stack]<UL><LI>Max Depth = 8<LI>Call Chain = WriteRegWrap
</UL>
<BR>[Address Reference Count : 1]<UL><LI> ft6x06.o(i.FT6X06_RegisterBusIO)
</UL>
<P><STRONG><a name="[1e3]"></a>OTM8009A_IO_Delay</STRONG> (Thumb, 26 bytes, Stack size 16 bytes, otm8009a.o(i.OTM8009A_IO_Delay))
<BR><BR>[Stack]<UL><LI>Max Depth = 16<LI>Call Chain = OTM8009A_IO_Delay
</UL>
<BR>[Called By]<UL><LI><a href="#[1d3]">&gt;&gt;</a>&nbsp;&nbsp;&nbsp;OTM8009A_Init
</UL>

<P><STRONG><a name="[d1]"></a>OTM8009A_ReadRegWrap</STRONG> (Thumb, 14 bytes, Stack size 8 bytes, otm8009a.o(i.OTM8009A_ReadRegWrap))
<BR><BR>[Stack]<UL><LI>Max Depth = 8<LI>Call Chain = OTM8009A_ReadRegWrap
</UL>
<BR>[Address Reference Count : 1]<UL><LI> otm8009a.o(i.OTM8009A_RegisterBusIO)
</UL>
<P><STRONG><a name="[d2]"></a>OTM8009A_WriteRegWrap</STRONG> (Thumb, 14 bytes, Stack size 8 bytes, otm8009a.o(i.OTM8009A_WriteRegWrap))
<BR><BR>[Stack]<UL><LI>Max Depth = 8<LI>Call Chain = OTM8009A_WriteRegWrap
</UL>
<BR>[Address Reference Count : 1]<UL><LI> otm8009a.o(i.OTM8009A_RegisterBusIO)
</UL>
<P><STRONG><a name="[140]"></a>DrawChar</STRONG> (Thumb, 262 bytes, Stack size 200 bytes, stm32_lcd.o(i.DrawChar))
<BR><BR>[Stack]<UL><LI>Max Depth = 224<LI>Call Chain = DrawChar &rArr; UTIL_LCD_FillRGBRect
</UL>
<BR>[Calls]<UL><LI><a href="#[141]">&gt;&gt;</a>&nbsp;&nbsp;&nbsp;UTIL_LCD_FillRGBRect
</UL>
<BR>[Called By]<UL><LI><a href="#[1ea]">&gt;&gt;</a>&nbsp;&nbsp;&nbsp;UTIL_LCD_DisplayChar
</UL>

<P><STRONG><a name="[1f6]"></a>_ai_platform_get_io_buffers_info</STRONG> (Thumb, 220 bytes, Stack size 136 bytes, ai_platform_interface.o(i._ai_platform_get_io_buffers_info))
<BR><BR>[Stack]<UL><LI>Max Depth = 152<LI>Call Chain = _ai_platform_get_io_buffers_info &rArr; ai_array_to_buffer_fmt
</UL>
<BR>[Calls]<UL><LI><a href="#[1f7]">&gt;&gt;</a>&nbsp;&nbsp;&nbsp;ai_array_to_buffer_fmt
<LI><a href="#[165]">&gt;&gt;</a>&nbsp;&nbsp;&nbsp;__aeabi_memclr4
<LI><a href="#[17b]">&gt;&gt;</a>&nbsp;&nbsp;&nbsp;__aeabi_memcpy4
</UL>
<BR>[Called By]<UL><LI><a href="#[225]">&gt;&gt;</a>&nbsp;&nbsp;&nbsp;ai_platform_outputs_get
<LI><a href="#[224]">&gt;&gt;</a>&nbsp;&nbsp;&nbsp;ai_platform_inputs_get
<LI><a href="#[21f]">&gt;&gt;</a>&nbsp;&nbsp;&nbsp;ai_platform_api_get_network_report
</UL>

<P><STRONG><a name="[1fd]"></a>_platform_ai_buffer_array_copy</STRONG> (Thumb, 74 bytes, Stack size 16 bytes, ai_platform_interface.o(i._platform_ai_buffer_array_copy))
<BR><BR>[Stack]<UL><LI>Max Depth = 24<LI>Call Chain = _platform_ai_buffer_array_copy &rArr; __aeabi_memcpy4
</UL>
<BR>[Calls]<UL><LI><a href="#[17b]">&gt;&gt;</a>&nbsp;&nbsp;&nbsp;__aeabi_memcpy4
</UL>
<BR>[Called By]<UL><LI><a href="#[220]">&gt;&gt;</a>&nbsp;&nbsp;&nbsp;ai_platform_network_init
</UL>

<P><STRONG><a name="[22b]"></a>_platform_get_table_map_from_buffer</STRONG> (Thumb, 74 bytes, Stack size 12 bytes, ai_platform_interface.o(i._platform_get_table_map_from_buffer))
<BR><BR>[Stack]<UL><LI>Max Depth = 12<LI>Call Chain = _platform_get_table_map_from_buffer
</UL>
<BR>[Called By]<UL><LI><a href="#[22c]">&gt;&gt;</a>&nbsp;&nbsp;&nbsp;ai_platform_get_weights_map
<LI><a href="#[22a]">&gt;&gt;</a>&nbsp;&nbsp;&nbsp;ai_platform_get_activations_map
</UL>

<P><STRONG><a name="[1fe]"></a>_platform_get_table_map_from_buffer_array</STRONG> (Thumb, 68 bytes, Stack size 16 bytes, ai_platform_interface.o(i._platform_get_table_map_from_buffer_array))
<BR><BR>[Stack]<UL><LI>Max Depth = 16<LI>Call Chain = _platform_get_table_map_from_buffer_array
</UL>
<BR>[Calls]<UL><LI><a href="#[1ff]">&gt;&gt;</a>&nbsp;&nbsp;&nbsp;ai_buffer_array_sane
</UL>
<BR>[Called By]<UL><LI><a href="#[22c]">&gt;&gt;</a>&nbsp;&nbsp;&nbsp;ai_platform_get_weights_map
<LI><a href="#[22a]">&gt;&gt;</a>&nbsp;&nbsp;&nbsp;ai_platform_get_activations_map
</UL>

<P><STRONG><a name="[229]"></a>_platform_network_buffers_signature_valid</STRONG> (Thumb, 14 bytes, Stack size 0 bytes, ai_platform_interface.o(i._platform_network_buffers_signature_valid))
<BR><BR>[Called By]<UL><LI><a href="#[220]">&gt;&gt;</a>&nbsp;&nbsp;&nbsp;ai_platform_network_init
<LI><a href="#[21f]">&gt;&gt;</a>&nbsp;&nbsp;&nbsp;ai_platform_api_get_network_report
</UL>

<P><STRONG><a name="[200]"></a>_platform_network_io_bind</STRONG> (Thumb, 528 bytes, Stack size 48 bytes, ai_platform_interface.o(i._platform_network_io_bind))
<BR><BR>[Stack]<UL><LI>Max Depth = 76<LI>Call Chain = _platform_network_io_bind &rArr; _platform_network_state_setup &rArr; get_tensor_byte_size
</UL>
<BR>[Calls]<UL><LI><a href="#[205]">&gt;&gt;</a>&nbsp;&nbsp;&nbsp;ai_platform_network_set_error
<LI><a href="#[203]">&gt;&gt;</a>&nbsp;&nbsp;&nbsp;get_tensor_byte_size
<LI><a href="#[1f7]">&gt;&gt;</a>&nbsp;&nbsp;&nbsp;ai_array_to_buffer_fmt
<LI><a href="#[202]">&gt;&gt;</a>&nbsp;&nbsp;&nbsp;ai_array_get_data_byte_size
<LI><a href="#[204]">&gt;&gt;</a>&nbsp;&nbsp;&nbsp;_platform_network_state_setup
<LI><a href="#[201]">&gt;&gt;</a>&nbsp;&nbsp;&nbsp;ai_buffer_get_size
</UL>
<BR>[Called By]<UL><LI><a href="#[227]">&gt;&gt;</a>&nbsp;&nbsp;&nbsp;ai_platform_network_process
</UL>

<P><STRONG><a name="[204]"></a>_platform_network_state_setup</STRONG> (Thumb, 62 bytes, Stack size 16 bytes, ai_platform_interface.o(i._platform_network_state_setup))
<BR><BR>[Stack]<UL><LI>Max Depth = 28<LI>Call Chain = _platform_network_state_setup &rArr; get_tensor_byte_size
</UL>
<BR>[Calls]<UL><LI><a href="#[203]">&gt;&gt;</a>&nbsp;&nbsp;&nbsp;get_tensor_byte_size
</UL>
<BR>[Called By]<UL><LI><a href="#[200]">&gt;&gt;</a>&nbsp;&nbsp;&nbsp;_platform_network_io_bind
</UL>

<P><STRONG><a name="[206]"></a>_platform_network_state_update_input</STRONG> (Thumb, 106 bytes, Stack size 24 bytes, ai_platform_interface.o(i._platform_network_state_update_input))
<BR><BR>[Stack]<UL><LI>Max Depth = 44<LI>Call Chain = _platform_network_state_update_input &rArr; st_int8_copy
</UL>
<BR>[Calls]<UL><LI><a href="#[207]">&gt;&gt;</a>&nbsp;&nbsp;&nbsp;st_int8_copy
</UL>
<BR>[Called By]<UL><LI><a href="#[227]">&gt;&gt;</a>&nbsp;&nbsp;&nbsp;ai_platform_network_process
</UL>

<P><STRONG><a name="[208]"></a>_platform_network_state_update_output</STRONG> (Thumb, 128 bytes, Stack size 24 bytes, ai_platform_interface.o(i._platform_network_state_update_output))
<BR><BR>[Stack]<UL><LI>Max Depth = 44<LI>Call Chain = _platform_network_state_update_output &rArr; st_int8_copy
</UL>
<BR>[Calls]<UL><LI><a href="#[207]">&gt;&gt;</a>&nbsp;&nbsp;&nbsp;st_int8_copy
</UL>
<BR>[Called By]<UL><LI><a href="#[227]">&gt;&gt;</a>&nbsp;&nbsp;&nbsp;ai_platform_network_process
</UL>

<P><STRONG><a name="[27f]"></a>ai_shape_get_size</STRONG> (Thumb, 26 bytes, Stack size 0 bytes, core_convert.o(i.ai_shape_get_size))
<BR><BR>[Called By]<UL><LI><a href="#[11]">&gt;&gt;</a>&nbsp;&nbsp;&nbsp;node_convert_integer
<LI><a href="#[9]">&gt;&gt;</a>&nbsp;&nbsp;&nbsp;node_convert
</UL>

<P><STRONG><a name="[235]"></a>core_nl_get_params</STRONG> (Thumb, 12 bytes, Stack size 0 bytes, layers_conv2d_sssa8_ch.o(i.core_nl_get_params))
<BR><BR>[Called By]<UL><LI><a href="#[f]">&gt;&gt;</a>&nbsp;&nbsp;&nbsp;forward_conv2d_sssa8_ch
</UL>

<P><STRONG><a name="[236]"></a>core_nl_get_params_ptr</STRONG> (Thumb, 18 bytes, Stack size 0 bytes, layers_conv2d_sssa8_ch.o(i.core_nl_get_params_ptr))
<BR><BR>[Called By]<UL><LI><a href="#[f]">&gt;&gt;</a>&nbsp;&nbsp;&nbsp;forward_conv2d_sssa8_ch
</UL>

<P><STRONG><a name="[239]"></a>ai_shape_get_npixels</STRONG> (Thumb, 10 bytes, Stack size 0 bytes, layers_conv2d_stm32_integer.o(i.ai_shape_get_npixels))
<BR><BR>[Called By]<UL><LI><a href="#[b]">&gt;&gt;</a>&nbsp;&nbsp;&nbsp;forward_dense_integer_SSSA
</UL>

<P><STRONG><a name="[23b]"></a>core_nl_get_params</STRONG> (Thumb, 12 bytes, Stack size 0 bytes, layers_dw_sssa8_ch.o(i.core_nl_get_params))
<BR><BR>[Called By]<UL><LI><a href="#[e]">&gt;&gt;</a>&nbsp;&nbsp;&nbsp;forward_dw_sssa8_ch
</UL>

<P><STRONG><a name="[23c]"></a>core_nl_get_params_ptr</STRONG> (Thumb, 18 bytes, Stack size 0 bytes, layers_dw_sssa8_ch.o(i.core_nl_get_params_ptr))
<BR><BR>[Called By]<UL><LI><a href="#[e]">&gt;&gt;</a>&nbsp;&nbsp;&nbsp;forward_dw_sssa8_ch
</UL>

<P><STRONG><a name="[277]"></a>ai_shape_get_size</STRONG> (Thumb, 26 bytes, Stack size 0 bytes, layers_nl_stm32_integer.o(i.ai_shape_get_size))
<BR><BR>[Called By]<UL><LI><a href="#[a]">&gt;&gt;</a>&nbsp;&nbsp;&nbsp;forward_sm_integer
</UL>

<P><STRONG><a name="[273]"></a>core_nl_get_params</STRONG> (Thumb, 12 bytes, Stack size 0 bytes, layers_pw_sssa8_ch.o(i.core_nl_get_params))
<BR><BR>[Called By]<UL><LI><a href="#[c]">&gt;&gt;</a>&nbsp;&nbsp;&nbsp;forward_pw_sssa8_ch_nl_pool
</UL>

<P><STRONG><a name="[274]"></a>core_nl_get_params_ptr</STRONG> (Thumb, 18 bytes, Stack size 0 bytes, layers_pw_sssa8_ch.o(i.core_nl_get_params_ptr))
<BR><BR>[Called By]<UL><LI><a href="#[c]">&gt;&gt;</a>&nbsp;&nbsp;&nbsp;forward_pw_sssa8_ch_nl_pool
</UL>

<P><STRONG><a name="[d3]"></a>func_dummy</STRONG> (Thumb, 2 bytes, Stack size 0 bytes, layers_pw_sssa8_ch.o(i.func_dummy))
<BR>[Address Reference Count : 1]<UL><LI> layers_pw_sssa8_ch.o(i.forward_pw_sssa8_ch_nl_pool)
</UL>
<P><STRONG><a name="[211]"></a>_ai_forward_layer</STRONG> (Thumb, 18 bytes, Stack size 8 bytes, layers.o(i._ai_forward_layer))
<BR><BR>[Stack]<UL><LI>Max Depth = 8<LI>Call Chain = _ai_forward_layer
</UL>
<BR>[Called By]<UL><LI><a href="#[210]">&gt;&gt;</a>&nbsp;&nbsp;&nbsp;ai_layers_forward_all
</UL>

<P><STRONG><a name="[24e]"></a>ai_padding_opt_phase2</STRONG> (Thumb, 38 bytes, Stack size 0 bytes, forward_lite_dw_sssa8_ch.o(i.ai_padding_opt_phase2))
<BR><BR>[Called By]<UL><LI><a href="#[23d]">&gt;&gt;</a>&nbsp;&nbsp;&nbsp;forward_lite_dw_sssa8_ch
</UL>

<P><STRONG><a name="[246]"></a>ai_padding_opt_phase2</STRONG> (Thumb, 38 bytes, Stack size 0 bytes, forward_lite_conv2d_sssa8_ch.o(i.ai_padding_opt_phase2))
<BR><BR>[Called By]<UL><LI><a href="#[238]">&gt;&gt;</a>&nbsp;&nbsp;&nbsp;forward_lite_conv2d_sssa8_ch
</UL>

<P><STRONG><a name="[1f9]"></a>_lite_kernel_nl_softmax_is8os8_ch</STRONG> (Thumb, 1754 bytes, Stack size 104 bytes, lite_nl_softmax_is8os8.o(i._lite_kernel_nl_softmax_is8os8_ch))
<BR><BR>[Stack]<UL><LI>Max Depth = 112<LI>Call Chain = _lite_kernel_nl_softmax_is8os8_ch &rArr; __aeabi_ldivmod
</UL>
<BR>[Calls]<UL><LI><a href="#[1fa]">&gt;&gt;</a>&nbsp;&nbsp;&nbsp;__aeabi_ldivmod
</UL>
<BR>[Called By]<UL><LI><a href="#[1f8]">&gt;&gt;</a>&nbsp;&nbsp;&nbsp;_lite_kernel_nl_softmax_is8os8
</UL>

<P><STRONG><a name="[1fc]"></a>_lite_kernel_nl_softmax_iu8ou8_ch</STRONG> (Thumb, 1748 bytes, Stack size 104 bytes, lite_nl_softmax_iu8ou8.o(i._lite_kernel_nl_softmax_iu8ou8_ch))
<BR><BR>[Stack]<UL><LI>Max Depth = 112<LI>Call Chain = _lite_kernel_nl_softmax_iu8ou8_ch &rArr; __aeabi_ldivmod
</UL>
<BR>[Calls]<UL><LI><a href="#[1fa]">&gt;&gt;</a>&nbsp;&nbsp;&nbsp;__aeabi_ldivmod
</UL>
<BR>[Called By]<UL><LI><a href="#[1fb]">&gt;&gt;</a>&nbsp;&nbsp;&nbsp;_lite_kernel_nl_softmax_iu8ou8
</UL>

<P><STRONG><a name="[10d]"></a>_fp_digits</STRONG> (Thumb, 432 bytes, Stack size 96 bytes, _printf_fp_dec.o(.text))
<BR><BR>[Stack]<UL><LI>Max Depth = 220<LI>Call Chain = _fp_digits &rArr; _btod_etento &rArr; _btod_emul &rArr; _e2e
</UL>
<BR>[Calls]<UL><LI><a href="#[111]">&gt;&gt;</a>&nbsp;&nbsp;&nbsp;_btod_emul
<LI><a href="#[110]">&gt;&gt;</a>&nbsp;&nbsp;&nbsp;_btod_ediv
<LI><a href="#[10f]">&gt;&gt;</a>&nbsp;&nbsp;&nbsp;_btod_d2e
<LI><a href="#[10e]">&gt;&gt;</a>&nbsp;&nbsp;&nbsp;_btod_etento
<LI><a href="#[112]">&gt;&gt;</a>&nbsp;&nbsp;&nbsp;_ll_udiv10
</UL>
<BR>[Called By]<UL><LI><a href="#[113]">&gt;&gt;</a>&nbsp;&nbsp;&nbsp;_printf_fp_dec_real
</UL>

<P><STRONG><a name="[c4]"></a>_printf_input_char</STRONG> (Thumb, 10 bytes, Stack size 0 bytes, _printf_char_common.o(.text))
<BR>[Address Reference Count : 1]<UL><LI> _printf_char_common.o(.text)
</UL><P>
<H3>
Undefined Global Symbols
</H3><HR></body></html>
